Archive member included to satisfy reference by file (symbol)

d:/3.tools/arm_gcc_toolchain/bin/../lib/gcc/arm-none-eabi/10.3.1/../../../../arm-none-eabi/lib/thumb/v7e-m+fp/hard\libc_nano.a(lib_a-exit.o)
                              d:/3.tools/arm_gcc_toolchain/bin/../lib/gcc/arm-none-eabi/10.3.1/../../../../arm-none-eabi/lib/thumb/v7e-m+fp/hard/crt0.o (exit)
d:/3.tools/arm_gcc_toolchain/bin/../lib/gcc/arm-none-eabi/10.3.1/../../../../arm-none-eabi/lib/thumb/v7e-m+fp/hard\libc_nano.a(lib_a-impure.o)
                              d:/3.tools/arm_gcc_toolchain/bin/../lib/gcc/arm-none-eabi/10.3.1/../../../../arm-none-eabi/lib/thumb/v7e-m+fp/hard\libc_nano.a(lib_a-exit.o) (_global_impure_ptr)
d:/3.tools/arm_gcc_toolchain/bin/../lib/gcc/arm-none-eabi/10.3.1/../../../../arm-none-eabi/lib/thumb/v7e-m+fp/hard\libc_nano.a(lib_a-init.o)
                              d:/3.tools/arm_gcc_toolchain/bin/../lib/gcc/arm-none-eabi/10.3.1/../../../../arm-none-eabi/lib/thumb/v7e-m+fp/hard/crt0.o (__libc_init_array)
d:/3.tools/arm_gcc_toolchain/bin/../lib/gcc/arm-none-eabi/10.3.1/../../../../arm-none-eabi/lib/thumb/v7e-m+fp/hard\libc_nano.a(lib_a-memcpy-stub.o)
                              build/lte.o (memcpy)
d:/3.tools/arm_gcc_toolchain/bin/../lib/gcc/arm-none-eabi/10.3.1/../../../../arm-none-eabi/lib/thumb/v7e-m+fp/hard\libc_nano.a(lib_a-memset.o)
                              d:/3.tools/arm_gcc_toolchain/bin/../lib/gcc/arm-none-eabi/10.3.1/../../../../arm-none-eabi/lib/thumb/v7e-m+fp/hard/crt0.o (memset)
d:/3.tools/arm_gcc_toolchain/bin/../lib/gcc/arm-none-eabi/10.3.1/../../../../arm-none-eabi/lib/thumb/v7e-m+fp/hard\libc_nano.a(lib_a-sprintf.o)
                              build/debug.o (sprintf)
d:/3.tools/arm_gcc_toolchain/bin/../lib/gcc/arm-none-eabi/10.3.1/../../../../arm-none-eabi/lib/thumb/v7e-m+fp/hard\libc_nano.a(lib_a-sscanf.o)
                              build/debug.o (sscanf)
d:/3.tools/arm_gcc_toolchain/bin/../lib/gcc/arm-none-eabi/10.3.1/../../../../arm-none-eabi/lib/thumb/v7e-m+fp/hard\libc_nano.a(lib_a-stdio.o)
                              d:/3.tools/arm_gcc_toolchain/bin/../lib/gcc/arm-none-eabi/10.3.1/../../../../arm-none-eabi/lib/thumb/v7e-m+fp/hard\libc_nano.a(lib_a-sscanf.o) (__seofread)
d:/3.tools/arm_gcc_toolchain/bin/../lib/gcc/arm-none-eabi/10.3.1/../../../../arm-none-eabi/lib/thumb/v7e-m+fp/hard\libc_nano.a(lib_a-strlen.o)
                              build/debug.o (strlen)
d:/3.tools/arm_gcc_toolchain/bin/../lib/gcc/arm-none-eabi/10.3.1/../../../../arm-none-eabi/lib/thumb/v7e-m+fp/hard\libc_nano.a(lib_a-writer.o)
                              d:/3.tools/arm_gcc_toolchain/bin/../lib/gcc/arm-none-eabi/10.3.1/../../../../arm-none-eabi/lib/thumb/v7e-m+fp/hard\libc_nano.a(lib_a-stdio.o) (_write_r)
d:/3.tools/arm_gcc_toolchain/bin/../lib/gcc/arm-none-eabi/10.3.1/../../../../arm-none-eabi/lib/thumb/v7e-m+fp/hard\libc_nano.a(lib_a-closer.o)
                              d:/3.tools/arm_gcc_toolchain/bin/../lib/gcc/arm-none-eabi/10.3.1/../../../../arm-none-eabi/lib/thumb/v7e-m+fp/hard\libc_nano.a(lib_a-stdio.o) (_close_r)
d:/3.tools/arm_gcc_toolchain/bin/../lib/gcc/arm-none-eabi/10.3.1/../../../../arm-none-eabi/lib/thumb/v7e-m+fp/hard\libc_nano.a(lib_a-lseekr.o)
                              d:/3.tools/arm_gcc_toolchain/bin/../lib/gcc/arm-none-eabi/10.3.1/../../../../arm-none-eabi/lib/thumb/v7e-m+fp/hard\libc_nano.a(lib_a-stdio.o) (_lseek_r)
d:/3.tools/arm_gcc_toolchain/bin/../lib/gcc/arm-none-eabi/10.3.1/../../../../arm-none-eabi/lib/thumb/v7e-m+fp/hard\libc_nano.a(lib_a-nano-svfprintf.o)
                              d:/3.tools/arm_gcc_toolchain/bin/../lib/gcc/arm-none-eabi/10.3.1/../../../../arm-none-eabi/lib/thumb/v7e-m+fp/hard\libc_nano.a(lib_a-sprintf.o) (_svfprintf_r)
d:/3.tools/arm_gcc_toolchain/bin/../lib/gcc/arm-none-eabi/10.3.1/../../../../arm-none-eabi/lib/thumb/v7e-m+fp/hard\libc_nano.a(lib_a-nano-svfscanf.o)
                              d:/3.tools/arm_gcc_toolchain/bin/../lib/gcc/arm-none-eabi/10.3.1/../../../../arm-none-eabi/lib/thumb/v7e-m+fp/hard\libc_nano.a(lib_a-sscanf.o) (__ssvfscanf_r)
d:/3.tools/arm_gcc_toolchain/bin/../lib/gcc/arm-none-eabi/10.3.1/../../../../arm-none-eabi/lib/thumb/v7e-m+fp/hard\libc_nano.a(lib_a-nano-vfprintf_i.o)
                              d:/3.tools/arm_gcc_toolchain/bin/../lib/gcc/arm-none-eabi/10.3.1/../../../../arm-none-eabi/lib/thumb/v7e-m+fp/hard\libc_nano.a(lib_a-nano-svfprintf.o) (_printf_i)
d:/3.tools/arm_gcc_toolchain/bin/../lib/gcc/arm-none-eabi/10.3.1/../../../../arm-none-eabi/lib/thumb/v7e-m+fp/hard\libc_nano.a(lib_a-nano-vfscanf_i.o)
                              d:/3.tools/arm_gcc_toolchain/bin/../lib/gcc/arm-none-eabi/10.3.1/../../../../arm-none-eabi/lib/thumb/v7e-m+fp/hard\libc_nano.a(lib_a-nano-svfscanf.o) (_scanf_chars)
d:/3.tools/arm_gcc_toolchain/bin/../lib/gcc/arm-none-eabi/10.3.1/../../../../arm-none-eabi/lib/thumb/v7e-m+fp/hard\libc_nano.a(lib_a-readr.o)
[...]
Memory Configuration

Name             Origin             Length             Attributes
RAM              0x20000000         0x0000a000         xrw
CCMRAM           0x10000000         0x00002000         xrw
FLASH            0x08000000         0x00040000         xr
*default*        0x00000000         0xffffffff

Linker script and memory map

LOAD d:/3.tools/arm_gcc_toolchain/bin/../lib/gcc/arm-none-eabi/10.3.1/thumb/v7e-m+fp/hard/crti.o
LOAD d:/3.tools/arm_gcc_toolchain/bin/../lib/gcc/arm-none-eabi/10.3.1/thumb/v7e-m+fp/hard/crtbegin.o
LOAD d:/3.tools/arm_gcc_toolchain/bin/../lib/gcc/arm-none-eabi/10.3.1/../../../../arm-none-eabi/lib/thumb/v7e-m+fp/hard/crt0.o
LOAD build/main.o
LOAD build/stm32f3xx_it.o
LOAD build/stm32f3xx_hal_msp.o
LOAD build/buzzer.o
LOAD build/debug.o
LOAD build/device.o
LOAD build/dht11.o
LOAD build/lidar.o
LOAD build/lte.o
LOAD build/os.o
LOAD build/uart.o
LOAD build/nvram.o
LOAD build/rtc.o
LOAD build/stm32f3xx_hal_adc.o
LOAD build/stm32f3xx_hal_adc_ex.o
LOAD build/stm32f3xx_hal.o
LOAD build/stm32f3xx_hal_rcc.o
LOAD build/stm32f3xx_hal_rcc_ex.o
LOAD build/stm32f3xx_hal_gpio.o
LOAD build/stm32f3xx_hal_dma.o
LOAD build/stm32f3xx_hal_cortex.o
LOAD build/stm32f3xx_hal_pwr.o
LOAD build/stm32f3xx_hal_pwr_ex.o
LOAD build/stm32f3xx_hal_flash.o
LOAD build/stm32f3xx_hal_flash_ex.o
LOAD build/stm32f3xx_hal_i2c.o
LOAD build/stm32f3xx_hal_i2c_ex.o
LOAD build/stm32f3xx_hal_exti.o
LOAD build/stm32f3xx_hal_spi.o
LOAD build/stm32f3xx_hal_spi_ex.o
LOAD build/stm32f3xx_hal_tim.o
LOAD build/stm32f3xx_hal_tim_ex.o
LOAD build/stm32f3xx_hal_uart.o
LOAD build/stm32f3xx_hal_uart_ex.o
LOAD build/stm32f3xx_hal_rtc.o
LOAD build/stm32f3xx_hal_rtc_ex.o
LOAD build/system_stm32f3xx.o
LOAD build/startup_stm32f303xc.o
LOAD d:/3.tools/arm_gcc_toolchain/bin/../lib/gcc/arm-none-eabi/10.3.1/../../../../arm-none-eabi/lib/thumb/v7e-m+fp/hard\libc_nano.a
LOAD d:/3.tools/arm_gcc_toolchain/bin/../lib/gcc/arm-none-eabi/10.3.1/../../../../arm-none-eabi/lib/thumb/v7e-m+fp/hard\libm.a
LOAD d:/3.tools/arm_gcc_toolchain/bin/../lib/gcc/arm-none-eabi/10.3.1/../../../../arm-none-eabi/lib/thumb/v7e-m+fp/hard\libnosys.a
START GROUP
LOAD d:/3.tools/arm_gcc_toolchain/bin/../lib/gcc/arm-none-eabi/10.3.1/thumb/v7e-m+fp/hard\libgcc.a
LOAD d:/3.tools/arm_gcc_toolchain/bin/../lib/gcc/arm-none-eabi/10.3.1/../../../../arm-none-eabi/lib/thumb/v7e-m+fp/hard\libc_nano.a
END GROUP
START GROUP
LOAD d:/3.tools/arm_gcc_toolchain/bin/../lib/gcc/arm-none-eabi/10.3.1/thumb/v7e-m+fp/hard\libgcc.a
LOAD d:/3.tools/arm_gcc_toolchain/bin/../lib/gcc/arm-none-eabi/10.3.1/../../../../arm-none-eabi/lib/thumb/v7e-m+fp/hard\libc_nano.a
END GROUP
LOAD d:/3.tools/arm_gcc_toolchain/bin/../lib/gcc/arm-none-eabi/10.3.1/thumb/v7e-m+fp/hard/crtend.o
LOAD d:/3.tools/arm_gcc_toolchain/bin/../lib/gcc/arm-none-eabi/10.3.1/thumb/v7e-m+fp/hard/crtn.o
                0x2000a000                _estack = (ORIGIN (RAM) + LENGTH (RAM))
                0x00000200                _Min_Heap_Size = 0x200
                0x00002000                _Min_Stack_Size = 0x2000

.isr_vector     0x08000000      0x188
                0x08000000                . = ALIGN (0x4)
 *(.isr_vector)
 .isr_vector    0x08000000      0x188 build/startup_stm32f303xc.o
                0x08000000                VectorTable
                0x08000188                . = ALIGN (0x4)

.text           0x08000190     0x8474
                0x08000190                . = ALIGN (0x4)
 *(.text)
 .text          0x08000190       0x40 d:/3.tools/arm_gcc_toolchain/bin/../lib/gcc/arm-none-eabi/10.3.1/thumb/v7e-m+fp/hard/crtbegin.o
 .text          0x080001d0       0x10 d:/3.tools/arm_gcc_toolchain/bin/../lib/gcc/arm-none-eabi/10.3.1/../../../../arm-none-eabi/lib/thumb/v7e-m+fp/hard\libc_nano.a(lib_a-strlen.o)
                0x080001d0                strlen
 .text          0x080001e0       0xa0 d:/3.tools/arm_gcc_toolchain/bin/../lib/gcc/arm-none-eabi/10.3.1/../../../../arm-none-eabi/lib/thumb/v7e-m+fp/hard\libc_nano.a(lib_a-memchr.o)
                0x080001e0                memchr
 *(.text*)
 .text.MX_GPIO_Init
                0x08000280       0xf0 build/main.o
 .text.MX_DMA_Init
                0x08000370       0x54 build/main.o
 .text.Error_Handler
                0x080003c4        0x4 build/main.o
                0x080003c4                Error_Handler
 .text.MX_ADC2_Init
                0x080003c8       0x74 build/main.o
 .text.MX_SPI2_Init
                0x0800043c       0x48 build/main.o
 .text.MX_USART1_UART_Init
                0x08000484       0x38 build/main.o
 .text.MX_USART2_UART_Init
                0x080004bc       0x38 build/main.o
 .text.MX_USART3_UART_Init
                0x080004f4       0x38 build/main.o
 .text.MX_TIM3_Init
                0x0800052c       0x80 build/main.o
 .text.MX_RTC_Init
                0x080005ac       0x84 build/main.o
 .text.MX_TIM16_Init
                0x08000630       0x30 build/main.o
 .text.MX_TIM17_Init
                0x08000660       0x30 build/main.o
 .text.SystemClock_Config
                0x08000690       0x9c build/main.o
                0x08000690                SystemClock_Config
 .text.main     0x0800072c       0x5c build/main.o
                0x0800072c                main
 .text.NMI_Handler
                0x08000788        0x8 build/stm32f3xx_it.o
                0x08000788                NMI_Handler
 .text.HardFault_Handler
                0x08000790        0x8 build/stm32f3xx_it.o
                0x08000790                HardFault_Handler
 .text.MemManage_Handler
                0x08000798        0x8 build/stm32f3xx_it.o
                0x08000798                MemManage_Handler
 .text.BusFault_Handler
                0x080007a0        0x8 build/stm32f3xx_it.o
                0x080007a0                BusFault_Handler
 .text.UsageFault_Handler
                0x080007a8        0x8 build/stm32f3xx_it.o
                0x080007a8                UsageFault_Handler
 .text.SVC_Handler
                0x080007b0        0x8 build/stm32f3xx_it.o
                0x080007b0                SVC_Handler
 .text.DebugMon_Handler
                0x080007b8        0x8 build/stm32f3xx_it.o
                0x080007b8                DebugMon_Handler
 .text.PendSV_Handler
                0x080007c0        0x8 build/stm32f3xx_it.o
                0x080007c0                PendSV_Handler
 .text.SysTick_Handler
                0x080007c8        0x8 build/stm32f3xx_it.o
                0x080007c8                SysTick_Handler
 .text.RTC_WKUP_IRQHandler
                0x080007d0       0x10 build/stm32f3xx_it.o
                0x080007d0                RTC_WKUP_IRQHandler
 .text.DMA1_Channel6_IRQHandler
                0x080007e0       0x10 build/stm32f3xx_it.o
                0x080007e0                DMA1_Channel6_IRQHandler
 .text.ADC1_2_IRQHandler
                0x080007f0       0x10 build/stm32f3xx_it.o
                0x080007f0                ADC1_2_IRQHandler
 .text.EXTI9_5_IRQHandler
                0x08000800        0xa build/stm32f3xx_it.o
                0x08000800                EXTI9_5_IRQHandler
 *fill*         0x0800080a        0x2 
 .text.TIM1_UP_TIM16_IRQHandler
                0x0800080c       0x10 build/stm32f3xx_it.o
                0x0800080c                TIM1_UP_TIM16_IRQHandler
 .text.TIM1_TRG_COM_TIM17_IRQHandler
                0x0800081c       0x10 build/stm32f3xx_it.o
                0x0800081c                TIM1_TRG_COM_TIM17_IRQHandler
 .text.USART1_IRQHandler
                0x0800082c       0x10 build/stm32f3xx_it.o
                0x0800082c                USART1_IRQHandler
 .text.USART3_IRQHandler
                0x0800083c       0x10 build/stm32f3xx_it.o
                0x0800083c                USART3_IRQHandler
 .text.DMA2_Channel1_IRQHandler
                0x0800084c       0x10 build/stm32f3xx_it.o
                0x0800084c                DMA2_Channel1_IRQHandler
 .text.HAL_MspInit
                0x0800085c       0x30 build/stm32f3xx_hal_msp.o
                0x0800085c                HAL_MspInit
 .text.HAL_ADC_MspInit
                0x0800088c       0xac build/stm32f3xx_hal_msp.o
                0x0800088c                HAL_ADC_MspInit
 .text.HAL_ADC_MspDeInit
                0x08000938       0x38 build/stm32f3xx_hal_msp.o
                0x08000938                HAL_ADC_MspDeInit
 .text.HAL_RTC_MspInit
                0x08000970       0x3c build/stm32f3xx_hal_msp.o
                0x08000970                HAL_RTC_MspInit
 .text.HAL_SPI_MspInit
                0x080009ac       0x6c build/stm32f3xx_hal_msp.o
                0x080009ac                HAL_SPI_MspInit
 .text.HAL_TIM_PWM_MspInit
                0x08000a18       0x2c build/stm32f3xx_hal_msp.o
                0x08000a18                HAL_TIM_PWM_MspInit
 .text.HAL_TIM_Base_MspInit
                0x08000a44       0x70 build/stm32f3xx_hal_msp.o
                0x08000a44                HAL_TIM_Base_MspInit
 .text.HAL_TIM_MspPostInit
                0x08000ab4       0x50 build/stm32f3xx_hal_msp.o
                0x08000ab4                HAL_TIM_MspPostInit
 .text.HAL_UART_MspInit
                0x08000b04      0x160 build/stm32f3xx_hal_msp.o
                0x08000b04                HAL_UART_MspInit
 .text.Buzzer_Act
                0x08000c64       0x24 build/buzzer.o
 .text.Buzzer_Init
                0x08000c88       0x2c build/buzzer.o
                0x08000c88                Buzzer_Init
 .text.Debug_Message_Transmit
                0x08000cb4       0x1c build/debug.o
                0x08000cb4                Debug_Message_Transmit
 .text.Debug_Init
                0x08000cd0       0x28 build/debug.o
                0x08000cd0                Debug_Init
 .text.Debug_Clear_Buffer
                0x08000cf8       0x1c build/debug.o
                0x08000cf8                Debug_Clear_Buffer
 .text.Debug_Write_Variable
                0x08000d14      0x3b0 build/debug.o
                0x08000d14                Debug_Write_Variable
 .text.__NVIC_SystemReset
                0x080010c4       0x24 build/device.o
 .text.Device_Init
                0x080010e8       0x20 build/device.o
                0x080010e8                Device_Init
 .text.Device_Reset_Init
                0x08001108      0x188 build/device.o
                0x08001108                Device_Reset_Init
 .text.Device_Battery_Voltage_Read
                0x08001290       0x68 build/device.o
                0x08001290                Device_Battery_Voltage_Read
 .text.Device_Detect_SensorSignal
                0x080012f8       0x58 build/device.o
                0x080012f8                Device_Detect_SensorSignal
 .text.Device_SleepMode_Start
                0x08001350       0xd4 build/device.o
                0x08001350                Device_SleepMode_Start
 .text.DHT11_ModeSelection
                0x08001424       0x4e build/dht11.o
 *fill*         0x08001472        0x2 
 .text.DHT11_Init
                0x08001474       0x14 build/dht11.o
                0x08001474                DHT11_Init
 .text.DHT_getData
                0x08001488      0x268 build/dht11.o
                0x08001488                DHT_getData
 .text.Lidar_Checksum
                0x080016f0       0x2c build/lidar.o
 .text.Lidar_Init
                0x0800171c       0x2c build/lidar.o
                0x0800171c                Lidar_Init
 .text.Lidar_Receive_Data
                0x08001748       0x44 build/lidar.o
                0x08001748                Lidar_Receive_Data
 .text.LTE_Delay
                0x0800178c       0x2c build/lte.o
 .text.LTE_Update_Data
                0x080017b8      0x1f4 build/lte.o
 .text.LTE_MQTT_Convert_Buffer
                0x080019ac       0xa8 build/lte.o
 .text.LTE_Transmit
                0x08001a54       0x30 build/lte.o
 .text.LTE_OK_Check
                0x08001a84       0x8c build/lte.o
 .text.LTE_Receive_Check
                0x08001b10       0x30 build/lte.o
 .text.LTE_Connect
                0x08001b40      0x71c build/lte.o
 .text.LTE_GPS_Receive_Data
                0x0800225c      0x120 build/lte.o
 .text.LTE_GPS_Update_Data
                0x0800237c      0x2bc build/lte.o
 .text.LTE_GPS_Connect
                0x08002638      0x184 build/lte.o
 .text.LTE_Init
                0x080027bc       0x58 build/lte.o
                0x080027bc                LTE_Init
 .text.LTE_Control
                0x08002814       0x20 build/lte.o
                0x08002814                LTE_Control
 .text.Os_Time_Handler
                0x08002834       0x10 build/os.o
 .text.Os_Get_Tick_100us
                0x08002844        0xc build/os.o
 .text.Os_Calc_Period
                0x08002850       0x40 build/os.o
 .text.Os_Calc_Runtime_Start
                0x08002890       0x24 build/os.o
 .text.Os_Calc_Runtime_Stop
                0x080028b4       0x40 build/os.o
 .text.Os_100ms_Task
                0x080028f4       0x18 build/os.o
 .text.Os_10ms_Task
                0x0800290c        0xc build/os.o
 .text.Os_Handler_10ms
                0x08002918       0x58 build/os.o
 .text.Os_Init_Task
                0x08002970       0x24 build/os.o
                0x08002970                Os_Init_Task
 .text.Os_Handler
                0x08002994       0x44 build/os.o
                0x08002994                Os_Handler
 .text.HAL_TIM_PeriodElapsedCallback
                0x080029d8       0x2c build/os.o
                0x080029d8                HAL_TIM_PeriodElapsedCallback
 .text.HAL_UART_RxCpltCallback
                0x08002a04       0x84 build/uart.o
                0x08002a04                HAL_UART_RxCpltCallback
 .text.__NVIC_SystemReset
                0x08002a88       0x24 build/nvram.o
 .text.EraseNV  0x08002aac       0x44 build/nvram.o
 .text.NVRam_Read
                0x08002af0       0xbc build/nvram.o
                0x08002af0                NVRam_Read
 .text.NVRam_Write
                0x08002bac       0x44 build/nvram.o
                0x08002bac                NVRam_Write
 .text.NVRam_Init
                0x08002bf0       0x84 build/nvram.o
                0x08002bf0                NVRam_Init
 .text.NVRam_Update_Variable
                0x08002c74       0x1c build/nvram.o
                0x08002c74                NVRam_Update_Variable
 .text.RTC_Measure_Time
                0x08002c90       0x48 build/rtc.o
                0x08002c90                RTC_Measure_Time
 .text.RTC_AlarmConfig
                0x08002cd8      0x168 build/rtc.o
                0x08002cd8                RTC_AlarmConfig
 .text.HAL_ADC_ConvCpltCallback
                0x08002e40        0x2 build/stm32f3xx_hal_adc.o
                0x08002e40                HAL_ADC_ConvCpltCallback
 .text.HAL_ADC_ConvHalfCpltCallback
                0x08002e42        0x2 build/stm32f3xx_hal_adc.o
                0x08002e42                HAL_ADC_ConvHalfCpltCallback
 .text.HAL_ADC_LevelOutOfWindowCallback
                0x08002e44        0x2 build/stm32f3xx_hal_adc.o
                0x08002e44                HAL_ADC_LevelOutOfWindowCallback
 .text.HAL_ADC_ErrorCallback
                0x08002e46        0x2 build/stm32f3xx_hal_adc.o
                0x08002e46                HAL_ADC_ErrorCallback
 .text.ADC_Disable
                0x08002e48       0x88 build/stm32f3xx_hal_adc_ex.o
 .text.ADC_ConversionStop
                0x08002ed0       0xe0 build/stm32f3xx_hal_adc_ex.o
 .text.ADC_Enable
                0x08002fb0       0x80 build/stm32f3xx_hal_adc_ex.o
 .text.ADC_DMAError
                0x08003030       0x1a build/stm32f3xx_hal_adc_ex.o
 .text.ADC_DMAHalfConvCplt
                0x0800304a        0xa build/stm32f3xx_hal_adc_ex.o
 .text.ADC_DMAConvCplt
                0x08003054       0x4a build/stm32f3xx_hal_adc_ex.o
 *fill*         0x0800309e        0x2 
 .text.HAL_ADC_Init
                0x080030a0      0x290 build/stm32f3xx_hal_adc_ex.o
                0x080030a0                HAL_ADC_Init
 .text.HAL_ADC_DeInit
                0x08003330      0x208 build/stm32f3xx_hal_adc_ex.o
                0x08003330                HAL_ADC_DeInit
 .text.HAL_ADC_Start_DMA
                0x08003538      0x184 build/stm32f3xx_hal_adc_ex.o
                0x08003538                HAL_ADC_Start_DMA
 .text.HAL_ADCEx_InjectedConvCpltCallback
                0x080036bc        0x2 build/stm32f3xx_hal_adc_ex.o
                0x080036bc                HAL_ADCEx_InjectedConvCpltCallback
 .text.HAL_ADCEx_InjectedQueueOverflowCallback
                0x080036be        0x2 build/stm32f3xx_hal_adc_ex.o
                0x080036be                HAL_ADCEx_InjectedQueueOverflowCallback
 .text.HAL_ADCEx_LevelOutOfWindow2Callback
                0x080036c0        0x2 build/stm32f3xx_hal_adc_ex.o
                0x080036c0                HAL_ADCEx_LevelOutOfWindow2Callback
 .text.HAL_ADCEx_LevelOutOfWindow3Callback
                0x080036c2        0x2 build/stm32f3xx_hal_adc_ex.o
                0x080036c2                HAL_ADCEx_LevelOutOfWindow3Callback
 .text.HAL_ADC_IRQHandler
                0x080036c4      0x420 build/stm32f3xx_hal_adc_ex.o
                0x080036c4                HAL_ADC_IRQHandler
 .text.HAL_ADC_ConfigChannel
                0x08003ae4      0x3bc build/stm32f3xx_hal_adc_ex.o
                0x08003ae4                HAL_ADC_ConfigChannel
 .text.HAL_InitTick
                0x08003ea0       0x4c build/stm32f3xx_hal.o
                0x08003ea0                HAL_InitTick
 .text.HAL_Init
                0x08003eec       0x24 build/stm32f3xx_hal.o
                0x08003eec                HAL_Init
 .text.HAL_IncTick
                0x08003f10       0x18 build/stm32f3xx_hal.o
                0x08003f10                HAL_IncTick
 .text.HAL_GetTick
                0x08003f28        0xc build/stm32f3xx_hal.o
                0x08003f28                HAL_GetTick
 .text.HAL_Delay
                0x08003f34       0x28 build/stm32f3xx_hal.o
                0x08003f34                HAL_Delay
 .text.HAL_SuspendTick
                0x08003f5c        0xe build/stm32f3xx_hal.o
                0x08003f5c                HAL_SuspendTick
 .text.HAL_ResumeTick
                0x08003f6a        0xe build/stm32f3xx_hal.o
                0x08003f6a                HAL_ResumeTick
 .text.HAL_RCC_OscConfig
                0x08003f78      0x634 build/stm32f3xx_hal_rcc.o
                0x08003f78                HAL_RCC_OscConfig
 .text.HAL_RCC_GetSysClockFreq
                0x080045ac       0x70 build/stm32f3xx_hal_rcc.o
                0x080045ac                HAL_RCC_GetSysClockFreq
 .text.HAL_RCC_ClockConfig
                0x0800461c      0x1a8 build/stm32f3xx_hal_rcc.o
                0x0800461c                HAL_RCC_ClockConfig
 .text.HAL_RCC_GetHCLKFreq
                0x080047c4        0xc build/stm32f3xx_hal_rcc.o
                0x080047c4                HAL_RCC_GetHCLKFreq
 .text.HAL_RCC_GetPCLK1Freq
                0x080047d0       0x2c build/stm32f3xx_hal_rcc.o
                0x080047d0                HAL_RCC_GetPCLK1Freq
 .text.HAL_RCC_GetPCLK2Freq
                0x080047fc       0x2c build/stm32f3xx_hal_rcc.o
                0x080047fc                HAL_RCC_GetPCLK2Freq
 .text.HAL_RCCEx_PeriphCLKConfig
                0x08004828      0x260 build/stm32f3xx_hal_rcc_ex.o
                0x08004828                HAL_RCCEx_PeriphCLKConfig
 .text.HAL_GPIO_Init
                0x08004a88      0x1c8 build/stm32f3xx_hal_gpio.o
                0x08004a88                HAL_GPIO_Init
 .text.HAL_GPIO_DeInit
                0x08004c50      0x10c build/stm32f3xx_hal_gpio.o
                0x08004c50                HAL_GPIO_DeInit
 .text.HAL_GPIO_ReadPin
                0x08004d5c        0xe build/stm32f3xx_hal_gpio.o
                0x08004d5c                HAL_GPIO_ReadPin
 .text.HAL_GPIO_WritePin
                0x08004d6a        0xa build/stm32f3xx_hal_gpio.o
                0x08004d6a                HAL_GPIO_WritePin
 .text.HAL_GPIO_EXTI_Callback
                0x08004d74        0x2 build/stm32f3xx_hal_gpio.o
                0x08004d74                HAL_GPIO_EXTI_Callback
 *fill*         0x08004d76        0x2 
 .text.HAL_GPIO_EXTI_IRQHandler
                0x08004d78       0x1c build/stm32f3xx_hal_gpio.o
                0x08004d78                HAL_GPIO_EXTI_IRQHandler
 .text.DMA_SetConfig
                0x08004d94       0x2c build/stm32f3xx_hal_dma.o
 .text.DMA_CalcBaseAndBitshift
                0x08004dc0       0x4c build/stm32f3xx_hal_dma.o
 .text.HAL_DMA_Init
                0x08004e0c       0x50 build/stm32f3xx_hal_dma.o
                0x08004e0c                HAL_DMA_Init
 .text.HAL_DMA_DeInit
                0x08004e5c       0x4a build/stm32f3xx_hal_dma.o
                0x08004e5c                HAL_DMA_DeInit
 .text.HAL_DMA_Start_IT
                0x08004ea6       0x74 build/stm32f3xx_hal_dma.o
                0x08004ea6                HAL_DMA_Start_IT
 .text.HAL_DMA_Abort
                0x08004f1a       0x44 build/stm32f3xx_hal_dma.o
                0x08004f1a                HAL_DMA_Abort
 .text.HAL_DMA_Abort_IT
                0x08004f5e       0x4a build/stm32f3xx_hal_dma.o
                0x08004f5e                HAL_DMA_Abort_IT
 .text.HAL_DMA_IRQHandler
                0x08004fa8       0xb4 build/stm32f3xx_hal_dma.o
                0x08004fa8                HAL_DMA_IRQHandler
 .text.HAL_NVIC_SetPriorityGrouping
                0x0800505c       0x24 build/stm32f3xx_hal_cortex.o
                0x0800505c                HAL_NVIC_SetPriorityGrouping
 .text.HAL_NVIC_SetPriority
                0x08005080       0x70 build/stm32f3xx_hal_cortex.o
                0x08005080                HAL_NVIC_SetPriority
 .text.HAL_NVIC_EnableIRQ
                0x080050f0       0x1c build/stm32f3xx_hal_cortex.o
                0x080050f0                HAL_NVIC_EnableIRQ
 .text.HAL_NVIC_DisableIRQ
                0x0800510c       0x24 build/stm32f3xx_hal_cortex.o
                0x0800510c                HAL_NVIC_DisableIRQ
 .text.HAL_NVIC_SystemReset
                0x08005130       0x24 build/stm32f3xx_hal_cortex.o
                0x08005130                HAL_NVIC_SystemReset
 .text.HAL_SYSTICK_Config
                0x08005154       0x28 build/stm32f3xx_hal_cortex.o
                0x08005154                HAL_SYSTICK_Config
 .text.HAL_PWR_EnterSLEEPMode
                0x0800517c       0x20 build/stm32f3xx_hal_pwr.o
                0x0800517c                HAL_PWR_EnterSLEEPMode
 .text.FLASH_Program_HalfWord
                0x0800519c       0x1c build/stm32f3xx_hal_flash.o
 .text.FLASH_SetErrorCode
                0x080051b8       0x3c build/stm32f3xx_hal_flash.o
 .text.HAL_FLASH_Unlock
                0x080051f4       0x34 build/stm32f3xx_hal_flash.o
                0x080051f4                HAL_FLASH_Unlock
 .text.HAL_FLASH_Lock
                0x08005228       0x14 build/stm32f3xx_hal_flash.o
                0x08005228                HAL_FLASH_Lock
 .text.FLASH_WaitForLastOperation
                0x0800523c       0x60 build/stm32f3xx_hal_flash.o
                0x0800523c                FLASH_WaitForLastOperation
 .text.HAL_FLASH_Program
                0x0800529c       0xa0 build/stm32f3xx_hal_flash.o
                0x0800529c                HAL_FLASH_Program
 .text.FLASH_MassErase
                0x0800533c       0x24 build/stm32f3xx_hal_flash_ex.o
 .text.FLASH_PageErase
                0x08005360       0x24 build/stm32f3xx_hal_flash_ex.o
                0x08005360                FLASH_PageErase
 .text.HAL_FLASHEx_Erase
                0x08005384       0xa4 build/stm32f3xx_hal_flash_ex.o
                0x08005384                HAL_FLASHEx_Erase
 .text.HAL_SPI_Init
                0x08005428       0xe8 build/stm32f3xx_hal_spi.o
                0x08005428                HAL_SPI_Init
 .text.TIM_OC1_SetConfig
                0x08005510       0xa0 build/stm32f3xx_hal_tim.o
 .text.TIM_OC3_SetConfig
                0x080055b0       0x8c build/stm32f3xx_hal_tim.o
 .text.TIM_OC4_SetConfig
                0x0800563c       0x6c build/stm32f3xx_hal_tim.o
 .text.TIM_OC5_SetConfig
                0x080056a8       0x68 build/stm32f3xx_hal_tim.o
 .text.TIM_OC6_SetConfig
                0x08005710       0x6c build/stm32f3xx_hal_tim.o
 .text.HAL_TIM_Base_Start_IT
                0x0800577c       0x84 build/stm32f3xx_hal_tim.o
                0x0800577c                HAL_TIM_Base_Start_IT
 .text.HAL_TIM_Base_Stop_IT
                0x08005800       0x32 build/stm32f3xx_hal_tim.o
                0x08005800                HAL_TIM_Base_Stop_IT
 .text.HAL_TIM_OC_DelayElapsedCallback
                0x08005832        0x2 build/stm32f3xx_hal_tim.o
                0x08005832                HAL_TIM_OC_DelayElapsedCallback
 .text.HAL_TIM_IC_CaptureCallback
                0x08005834        0x2 build/stm32f3xx_hal_tim.o
                0x08005834                HAL_TIM_IC_CaptureCallback
 .text.HAL_TIM_PWM_PulseFinishedCallback
                0x08005836        0x2 build/stm32f3xx_hal_tim.o
                0x08005836                HAL_TIM_PWM_PulseFinishedCallback
 .text.HAL_TIM_TriggerCallback
                0x08005838        0x2 build/stm32f3xx_hal_tim.o
                0x08005838                HAL_TIM_TriggerCallback
 .text.HAL_TIM_IRQHandler
                0x0800583a      0x19a build/stm32f3xx_hal_tim.o
                0x0800583a                HAL_TIM_IRQHandler
 .text.TIM_Base_SetConfig
                0x080059d4       0xb8 build/stm32f3xx_hal_tim.o
                0x080059d4                TIM_Base_SetConfig
 .text.HAL_TIM_Base_Init
                0x08005a8c       0x60 build/stm32f3xx_hal_tim.o
                0x08005a8c                HAL_TIM_Base_Init
 .text.HAL_TIM_PWM_Init
                0x08005aec       0x60 build/stm32f3xx_hal_tim.o
                0x08005aec                HAL_TIM_PWM_Init
 .text.TIM_OC2_SetConfig
                0x08005b4c       0x8c build/stm32f3xx_hal_tim.o
                0x08005b4c                TIM_OC2_SetConfig
 .text.HAL_TIM_PWM_ConfigChannel
                0x08005bd8      0x13a build/stm32f3xx_hal_tim.o
                0x08005bd8                HAL_TIM_PWM_ConfigChannel
 .text.TIM_CCxChannelCmd
                0x08005d12       0x1e build/stm32f3xx_hal_tim.o
                0x08005d12                TIM_CCxChannelCmd
 .text.HAL_TIM_PWM_Start
                0x08005d30      0x158 build/stm32f3xx_hal_tim.o
                0x08005d30                HAL_TIM_PWM_Start
 .text.HAL_TIMEx_MasterConfigSynchronization
                0x08005e88       0x90 build/stm32f3xx_hal_tim_ex.o
                0x08005e88                HAL_TIMEx_MasterConfigSynchronization
 .text.HAL_TIMEx_CommutCallback
                0x08005f18        0x2 build/stm32f3xx_hal_tim_ex.o
                0x08005f18                HAL_TIMEx_CommutCallback
 .text.HAL_TIMEx_BreakCallback
                0x08005f1a        0x2 build/stm32f3xx_hal_tim_ex.o
                0x08005f1a                HAL_TIMEx_BreakCallback
 .text.HAL_TIMEx_Break2Callback
                0x08005f1c        0x2 build/stm32f3xx_hal_tim_ex.o
                0x08005f1c                HAL_TIMEx_Break2Callback
 .text.UART_EndTxTransfer
                0x08005f1e       0x18 build/stm32f3xx_hal_uart.o
 .text.UART_EndRxTransfer
                0x08005f36       0x50 build/stm32f3xx_hal_uart.o
 .text.HAL_UART_TxCpltCallback
                0x08005f86        0x2 build/stm32f3xx_hal_uart.o
                0x08005f86                HAL_UART_TxCpltCallback
 .text.UART_EndTransmit_IT
                0x08005f88       0x22 build/stm32f3xx_hal_uart.o
 .text.HAL_UART_RxHalfCpltCallback
                0x08005faa        0x2 build/stm32f3xx_hal_uart.o
                0x08005faa                HAL_UART_RxHalfCpltCallback
 .text.HAL_UART_ErrorCallback
                0x08005fac        0x2 build/stm32f3xx_hal_uart.o
                0x08005fac                HAL_UART_ErrorCallback
 .text.UART_DMAError
                0x08005fae       0x54 build/stm32f3xx_hal_uart.o
 .text.UART_DMAAbortOnError
                0x08006002       0x14 build/stm32f3xx_hal_uart.o
 .text.HAL_UARTEx_RxEventCallback
                0x08006016        0x2 build/stm32f3xx_hal_uart.o
                0x08006016                HAL_UARTEx_RxEventCallback
 .text.HAL_UART_IRQHandler
                0x08006018      0x2e0 build/stm32f3xx_hal_uart.o
                0x08006018                HAL_UART_IRQHandler
 .text.UART_RxISR_8BIT
                0x080062f8       0xae build/stm32f3xx_hal_uart.o
 .text.UART_RxISR_16BIT
                0x080063a6       0xac build/stm32f3xx_hal_uart.o
 .text.UART_DMARxHalfCplt
                0x08006452       0x1c build/stm32f3xx_hal_uart.o
 .text.UART_DMAReceiveCplt
                0x0800646e       0x88 build/stm32f3xx_hal_uart.o
 *fill*         0x080064f6        0x2 
 .text.UART_SetConfig
                0x080064f8      0x250 build/stm32f3xx_hal_uart.o
                0x080064f8                UART_SetConfig
 .text.UART_AdvFeatureConfig
                0x08006748       0xca build/stm32f3xx_hal_uart.o
                0x08006748                UART_AdvFeatureConfig
 .text.UART_WaitOnFlagUntilTimeout
                0x08006812       0xd4 build/stm32f3xx_hal_uart.o
                0x08006812                UART_WaitOnFlagUntilTimeout
 .text.HAL_UART_Transmit
                0x080068e6       0xd8 build/stm32f3xx_hal_uart.o
                0x080068e6                HAL_UART_Transmit
 .text.UART_CheckIdleState
                0x080069be       0x70 build/stm32f3xx_hal_uart.o
                0x080069be                UART_CheckIdleState
 .text.HAL_UART_Init
                0x08006a2e       0x62 build/stm32f3xx_hal_uart.o
                0x08006a2e                HAL_UART_Init
 .text.UART_Start_Receive_IT
                0x08006a90       0xa8 build/stm32f3xx_hal_uart.o
                0x08006a90                UART_Start_Receive_IT
 .text.HAL_UART_Receive_IT
                0x08006b38       0x50 build/stm32f3xx_hal_uart.o
                0x08006b38                HAL_UART_Receive_IT
 .text.UART_Start_Receive_DMA
                0x08006b88       0xac build/stm32f3xx_hal_uart.o
                0x08006b88                UART_Start_Receive_DMA
 .text.HAL_UART_Receive_DMA
                0x08006c34       0x50 build/stm32f3xx_hal_uart.o
                0x08006c34                HAL_UART_Receive_DMA
 .text.HAL_UARTEx_WakeupCallback
                0x08006c84        0x2 build/stm32f3xx_hal_uart_ex.o
                0x08006c84                HAL_UARTEx_WakeupCallback
 .text.HAL_RTC_WaitForSynchro
                0x08006c86       0x32 build/stm32f3xx_hal_rtc.o
                0x08006c86                HAL_RTC_WaitForSynchro
 .text.RTC_EnterInitMode
                0x08006cb8       0x3c build/stm32f3xx_hal_rtc.o
                0x08006cb8                RTC_EnterInitMode
 .text.HAL_RTC_Init
                0x08006cf4       0xc4 build/stm32f3xx_hal_rtc.o
                0x08006cf4                HAL_RTC_Init
 .text.RTC_ByteToBcd2
                0x08006db8       0x16 build/stm32f3xx_hal_rtc.o
                0x08006db8                RTC_ByteToBcd2
 .text.HAL_RTC_SetTime
                0x08006dce       0xfe build/stm32f3xx_hal_rtc.o
                0x08006dce                HAL_RTC_SetTime
 .text.HAL_RTC_SetDate
                0x08006ecc       0xda build/stm32f3xx_hal_rtc.o
                0x08006ecc                HAL_RTC_SetDate
 .text.RTC_Bcd2ToByte
                0x08006fa6       0x12 build/stm32f3xx_hal_rtc.o
                0x08006fa6                RTC_Bcd2ToByte
 .text.HAL_RTC_GetTime
                0x08006fb8       0x50 build/stm32f3xx_hal_rtc.o
                0x08006fb8                HAL_RTC_GetTime
 .text.HAL_RTC_GetDate
                0x08007008       0x3c build/stm32f3xx_hal_rtc.o
                0x08007008                HAL_RTC_GetDate
 .text.HAL_RTCEx_SetWakeUpTimer_IT
                0x08007044       0xec build/stm32f3xx_hal_rtc_ex.o
                0x08007044                HAL_RTCEx_SetWakeUpTimer_IT
 .text.HAL_RTCEx_WakeUpTimerEventCallback
                0x08007130        0x2 build/stm32f3xx_hal_rtc_ex.o
                0x08007130                HAL_RTCEx_WakeUpTimerEventCallback
 *fill*         0x08007132        0x2 
 .text.HAL_RTCEx_WakeUpTimerIRQHandler
                0x08007134       0x34 build/stm32f3xx_hal_rtc_ex.o
                0x08007134                HAL_RTCEx_WakeUpTimerIRQHandler
 .text.SystemInit
                0x08007168       0x14 build/system_stm32f3xx.o
                0x08007168                SystemInit
 .text.Reset_Handler
                0x0800717c       0x48 build/startup_stm32f303xc.o
                0x0800717c                Reset_Handler
 .text.Default_Handler
                0x080071c4        0x2 build/startup_stm32f303xc.o
                0x080071c4                Default_Handler
 .text.WWDG_IRQHandler
                0x080071c6        0x6 build/startup_stm32f303xc.o
                0x080071c6                WWDG_IRQHandler
 .text.PVD_IRQHandler
                0x080071cc        0x6 build/startup_stm32f303xc.o
                0x080071cc                PVD_IRQHandler
 .text.TAMP_STAMP_IRQHandler
                0x080071d2        0x6 build/startup_stm32f303xc.o
                0x080071d2                TAMP_STAMP_IRQHandler
 .text.FLASH_IRQHandler
                0x080071d8        0x6 build/startup_stm32f303xc.o
                0x080071d8                FLASH_IRQHandler
 .text.RCC_IRQHandler
                0x080071de        0x6 build/startup_stm32f303xc.o
                0x080071de                RCC_IRQHandler
 .text.EXTI0_IRQHandler
                0x080071e4        0x6 build/startup_stm32f303xc.o
                0x080071e4                EXTI0_IRQHandler
 .text.EXTI1_IRQHandler
                0x080071ea        0x6 build/startup_stm32f303xc.o
                0x080071ea                EXTI1_IRQHandler
 .text.EXTI2_TSC_IRQHandler
                0x080071f0        0x6 build/startup_stm32f303xc.o
                0x080071f0                EXTI2_TSC_IRQHandler
 .text.EXTI3_IRQHandler
                0x080071f6        0x6 build/startup_stm32f303xc.o
                0x080071f6                EXTI3_IRQHandler
 .text.EXTI4_IRQHandler
                0x080071fc        0x6 build/startup_stm32f303xc.o
                0x080071fc                EXTI4_IRQHandler
 .text.DMA1_Channel1_IRQHandler
                0x08007202        0x6 build/startup_stm32f303xc.o
                0x08007202                DMA1_Channel1_IRQHandler
 .text.DMA1_Channel2_IRQHandler
                0x08007208        0x6 build/startup_stm32f303xc.o
                0x08007208                DMA1_Channel2_IRQHandler
 .text.DMA1_Channel3_IRQHandler
                0x0800720e        0x6 build/startup_stm32f303xc.o
                0x0800720e                DMA1_Channel3_IRQHandler
 .text.DMA1_Channel4_IRQHandler
                0x08007214        0x6 build/startup_stm32f303xc.o
                0x08007214                DMA1_Channel4_IRQHandler
 .text.DMA1_Channel5_IRQHandler
                0x0800721a        0x6 build/startup_stm32f303xc.o
                0x0800721a                DMA1_Channel5_IRQHandler
 .text.DMA1_Channel7_IRQHandler
                0x08007220        0x6 build/startup_stm32f303xc.o
                0x08007220                DMA1_Channel7_IRQHandler
 .text.USB_HP_CAN_TX_IRQHandler
                0x08007226        0x6 build/startup_stm32f303xc.o
                0x08007226                USB_HP_CAN_TX_IRQHandler
 .text.USB_LP_CAN_RX0_IRQHandler
                0x0800722c        0x6 build/startup_stm32f303xc.o
                0x0800722c                USB_LP_CAN_RX0_IRQHandler
 .text.CAN_RX1_IRQHandler
                0x08007232        0x6 build/startup_stm32f303xc.o
                0x08007232                CAN_RX1_IRQHandler
 .text.CAN_SCE_IRQHandler
                0x08007238        0x6 build/startup_stm32f303xc.o
                0x08007238                CAN_SCE_IRQHandler
 .text.TIM1_BRK_TIM15_IRQHandler
                0x0800723e        0x6 build/startup_stm32f303xc.o
                0x0800723e                TIM1_BRK_TIM15_IRQHandler
 .text.TIM1_CC_IRQHandler
                0x08007244        0x6 build/startup_stm32f303xc.o
                0x08007244                TIM1_CC_IRQHandler
 .text.TIM2_IRQHandler
                0x0800724a        0x6 build/startup_stm32f303xc.o
                0x0800724a                TIM2_IRQHandler
 .text.TIM3_IRQHandler
                0x08007250        0x6 build/startup_stm32f303xc.o
                0x08007250                TIM3_IRQHandler
 .text.TIM4_IRQHandler
                0x08007256        0x6 build/startup_stm32f303xc.o
                0x08007256                TIM4_IRQHandler
 .text.I2C1_EV_IRQHandler
                0x0800725c        0x6 build/startup_stm32f303xc.o
                0x0800725c                I2C1_EV_IRQHandler
 .text.I2C1_ER_IRQHandler
                0x08007262        0x6 build/startup_stm32f303xc.o
                0x08007262                I2C1_ER_IRQHandler
 .text.I2C2_EV_IRQHandler
                0x08007268        0x6 build/startup_stm32f303xc.o
                0x08007268                I2C2_EV_IRQHandler
 .text.I2C2_ER_IRQHandler
                0x0800726e        0x6 build/startup_stm32f303xc.o
                0x0800726e                I2C2_ER_IRQHandler
 .text.SPI1_IRQHandler
                0x08007274        0x6 build/startup_stm32f303xc.o
                0x08007274                SPI1_IRQHandler
 .text.SPI2_IRQHandler
                0x0800727a        0x6 build/startup_stm32f303xc.o
                0x0800727a                SPI2_IRQHandler
 .text.USART2_IRQHandler
                0x08007280        0x6 build/startup_stm32f303xc.o
                0x08007280                USART2_IRQHandler
 .text.EXTI15_10_IRQHandler
                0x08007286        0x6 build/startup_stm32f303xc.o
                0x08007286                EXTI15_10_IRQHandler
 .text.RTC_Alarm_IRQHandler
                0x0800728c        0x6 build/startup_stm32f303xc.o
                0x0800728c                RTC_Alarm_IRQHandler
 .text.TIM8_BRK_IRQHandler
                0x08007292        0x6 build/startup_stm32f303xc.o
                0x08007292                TIM8_BRK_IRQHandler
 .text.TIM8_UP_IRQHandler
                0x08007298        0x6 build/startup_stm32f303xc.o
                0x08007298                TIM8_UP_IRQHandler
 .text.TIM8_TRG_COM_IRQHandler
                0x0800729e        0x6 build/startup_stm32f303xc.o
                0x0800729e                TIM8_TRG_COM_IRQHandler
 .text.TIM8_CC_IRQHandler
                0x080072a4        0x6 build/startup_stm32f303xc.o
                0x080072a4                TIM8_CC_IRQHandler
 .text.ADC3_IRQHandler
                0x080072aa        0x6 build/startup_stm32f303xc.o
                0x080072aa                ADC3_IRQHandler
 .text.SPI3_IRQHandler
                0x080072b0        0x6 build/startup_stm32f303xc.o
                0x080072b0                SPI3_IRQHandler
 .text.UART4_IRQHandler
                0x080072b6        0x6 build/startup_stm32f303xc.o
                0x080072b6                UART4_IRQHandler
 .text.UART5_IRQHandler
                0x080072bc        0x6 build/startup_stm32f303xc.o
                0x080072bc                UART5_IRQHandler
 .text.TIM6_DAC_IRQHandler
                0x080072c2        0x6 build/startup_stm32f303xc.o
                0x080072c2                TIM6_DAC_IRQHandler
 .text.TIM7_IRQHandler
                0x080072c8        0x6 build/startup_stm32f303xc.o
                0x080072c8                TIM7_IRQHandler
 .text.DMA2_Channel2_IRQHandler
                0x080072ce        0x6 build/startup_stm32f303xc.o
                0x080072ce                DMA2_Channel2_IRQHandler
 .text.DMA2_Channel3_IRQHandler
                0x080072d4        0x6 build/startup_stm32f303xc.o
                0x080072d4                DMA2_Channel3_IRQHandler
 .text.DMA2_Channel4_IRQHandler
                0x080072da        0x6 build/startup_stm32f303xc.o
                0x080072da                DMA2_Channel4_IRQHandler
 .text.DMA2_Channel5_IRQHandler
                0x080072e0        0x6 build/startup_stm32f303xc.o
                0x080072e0                DMA2_Channel5_IRQHandler
 .text.ADC4_IRQHandler
                0x080072e6        0x6 build/startup_stm32f303xc.o
                0x080072e6                ADC4_IRQHandler
 .text.COMP1_2_3_IRQHandler
                0x080072ec        0x6 build/startup_stm32f303xc.o
                0x080072ec                COMP1_2_3_IRQHandler
 .text.COMP4_5_6_IRQHandler
                0x080072f2        0x6 build/startup_stm32f303xc.o
                0x080072f2                COMP4_5_6_IRQHandler
 .text.COMP7_IRQHandler
                0x080072f8        0x6 build/startup_stm32f303xc.o
                0x080072f8                COMP7_IRQHandler
 .text.USB_HP_IRQHandler
                0x080072fe        0x6 build/startup_stm32f303xc.o
                0x080072fe                USB_HP_IRQHandler
 .text.USB_LP_IRQHandler
                0x08007304        0x6 build/startup_stm32f303xc.o
                0x08007304                USB_LP_IRQHandler
 .text.USBWakeUp_RMP_IRQHandler
                0x0800730a        0x6 build/startup_stm32f303xc.o
                0x0800730a                USBWakeUp_RMP_IRQHandler
 .text.FPU_IRQHandler
                0x08007310        0x6 build/startup_stm32f303xc.o
                0x08007310                FPU_IRQHandler
 *fill*         0x08007316        0x2 
 .text.__libc_init_array
                0x08007318       0x48 d:/3.tools/arm_gcc_toolchain/bin/../lib/gcc/arm-none-eabi/10.3.1/../../../../arm-none-eabi/lib/thumb/v7e-m+fp/hard\libc_nano.a(lib_a-init.o)
                0x08007318                __libc_init_array
 .text.memcpy   0x08007360       0x1c d:/3.tools/arm_gcc_toolchain/bin/../lib/gcc/arm-none-eabi/10.3.1/../../../../arm-none-eabi/lib/thumb/v7e-m+fp/hard\libc_nano.a(lib_a-memcpy-stub.o)
                0x08007360                memcpy
 .text.memset   0x0800737c       0x10 d:/3.tools/arm_gcc_toolchain/bin/../lib/gcc/arm-none-eabi/10.3.1/../../../../arm-none-eabi/lib/thumb/v7e-m+fp/hard\libc_nano.a(lib_a-memset.o)
                0x0800737c                memset
 .text.sprintf  0x0800738c       0x40 d:/3.tools/arm_gcc_toolchain/bin/../lib/gcc/arm-none-eabi/10.3.1/../../../../arm-none-eabi/lib/thumb/v7e-m+fp/hard\libc_nano.a(lib_a-sprintf.o)
                0x0800738c                siprintf
                0x0800738c                sprintf
 .text.sscanf   0x080073cc       0x58 d:/3.tools/arm_gcc_toolchain/bin/../lib/gcc/arm-none-eabi/10.3.1/../../../../arm-none-eabi/lib/thumb/v7e-m+fp/hard\libc_nano.a(lib_a-sscanf.o)
                0x080073cc                siscanf
                0x080073cc                sscanf
 .text.__seofread
                0x08007424        0x4 d:/3.tools/arm_gcc_toolchain/bin/../lib/gcc/arm-none-eabi/10.3.1/../../../../arm-none-eabi/lib/thumb/v7e-m+fp/hard\libc_nano.a(lib_a-stdio.o)
                0x08007424                __seofread
 .text.__ssputs_r
                0x08007428       0xb6 d:/3.tools/arm_gcc_toolchain/bin/../lib/gcc/arm-none-eabi/10.3.1/../../../../arm-none-eabi/lib/thumb/v7e-m+fp/hard\libc_nano.a(lib_a-nano-svfprintf.o)
                0x08007428                __ssputs_r
 *fill*         0x080074de        0x2 
 .text._svfprintf_r
                0x080074e0      0x200 d:/3.tools/arm_gcc_toolchain/bin/../lib/gcc/arm-none-eabi/10.3.1/../../../../arm-none-eabi/lib/thumb/v7e-m+fp/hard\libc_nano.a(lib_a-nano-svfprintf.o)
                0x080074e0                _svfiprintf_r
                0x080074e0                _svfprintf_r
 .text._sungetc_r
                0x080076e0       0x7a d:/3.tools/arm_gcc_toolchain/bin/../lib/gcc/arm-none-eabi/10.3.1/../../../../arm-none-eabi/lib/thumb/v7e-m+fp/hard\libc_nano.a(lib_a-nano-svfscanf.o)
                0x080076e0                _sungetc_r
 .text.__ssrefill_r
                0x0800775a       0x3a d:/3.tools/arm_gcc_toolchain/bin/../lib/gcc/arm-none-eabi/10.3.1/../../../../arm-none-eabi/lib/thumb/v7e-m+fp/hard\libc_nano.a(lib_a-nano-svfscanf.o)
                0x0800775a                __ssrefill_r
 .text.__ssvfscanf_r
                0x08007794      0x2f0 d:/3.tools/arm_gcc_toolchain/bin/../lib/gcc/arm-none-eabi/10.3.1/../../../../arm-none-eabi/lib/thumb/v7e-m+fp/hard\libc_nano.a(lib_a-nano-svfscanf.o)
                0x08007794                __ssvfiscanf_r
                0x08007794                __ssvfscanf_r
 .text._printf_common
                0x08007a84       0xda d:/3.tools/arm_gcc_toolchain/bin/../lib/gcc/arm-none-eabi/10.3.1/../../../../arm-none-eabi/lib/thumb/v7e-m+fp/hard\libc_nano.a(lib_a-nano-vfprintf_i.o)
                0x08007a84                _printf_common
 *fill*         0x08007b5e        0x2 
 .text._printf_i
                0x08007b60      0x24c d:/3.tools/arm_gcc_toolchain/bin/../lib/gcc/arm-none-eabi/10.3.1/../../../../arm-none-eabi/lib/thumb/v7e-m+fp/hard\libc_nano.a(lib_a-nano-vfprintf_i.o)
                0x08007b60                _printf_i
 .text._scanf_chars
                0x08007dac       0xb4 d:/3.tools/arm_gcc_toolchain/bin/../lib/gcc/arm-none-eabi/10.3.1/../../../../arm-none-eabi/lib/thumb/v7e-m+fp/hard\libc_nano.a(lib_a-nano-vfscanf_i.o)
                0x08007dac                _scanf_chars
 .text._scanf_i
                0x08007e60      0x1f0 d:/3.tools/arm_gcc_toolchain/bin/../lib/gcc/arm-none-eabi/10.3.1/../../../../arm-none-eabi/lib/thumb/v7e-m+fp/hard\libc_nano.a(lib_a-nano-vfscanf_i.o)
                0x08007e60                _scanf_i
 .text.__sccl   0x08008050       0x70 d:/3.tools/arm_gcc_toolchain/bin/../lib/gcc/arm-none-eabi/10.3.1/../../../../arm-none-eabi/lib/thumb/v7e-m+fp/hard\libc_nano.a(lib_a-sccl.o)
                0x08008050                __sccl
 .text._strtol_l.constprop.0
                0x080080c0      0x104 d:/3.tools/arm_gcc_toolchain/bin/../lib/gcc/arm-none-eabi/10.3.1/../../../../arm-none-eabi/lib/thumb/v7e-m+fp/hard\libc_nano.a(lib_a-strtol.o)
 .text._strtol_r
                0x080081c4        0x4 d:/3.tools/arm_gcc_toolchain/bin/../lib/gcc/arm-none-eabi/10.3.1/../../../../arm-none-eabi/lib/thumb/v7e-m+fp/hard\libc_nano.a(lib_a-strtol.o)
                0x080081c4                _strtol_r
 .text._strtoul_l.constprop.0
                0x080081c8       0xe4 d:/3.tools/arm_gcc_toolchain/bin/../lib/gcc/arm-none-eabi/10.3.1/../../../../arm-none-eabi/lib/thumb/v7e-m+fp/hard\libc_nano.a(lib_a-strtoul.o)
 .text._strtoul_r
                0x080082ac        0x4 d:/3.tools/arm_gcc_toolchain/bin/../lib/gcc/arm-none-eabi/10.3.1/../../../../arm-none-eabi/lib/thumb/v7e-m+fp/hard\libc_nano.a(lib_a-strtoul.o)
                0x080082ac                _strtoul_r
 .text.__submore
                0x080082b0       0x74 d:/3.tools/arm_gcc_toolchain/bin/../lib/gcc/arm-none-eabi/10.3.1/../../../../arm-none-eabi/lib/thumb/v7e-m+fp/hard\libc_nano.a(lib_a-ungetc.o)
                0x080082b0                __submore
 .text.__errno  0x08008324        0xc d:/3.tools/arm_gcc_toolchain/bin/../lib/gcc/arm-none-eabi/10.3.1/../../../../arm-none-eabi/lib/thumb/v7e-m+fp/hard\libc_nano.a(lib_a-errno.o)
                0x08008324                __errno
 .text.__retarget_lock_acquire_recursive
                0x08008330        0x2 d:/3.tools/arm_gcc_toolchain/bin/../lib/gcc/arm-none-eabi/10.3.1/../../../../arm-none-eabi/lib/thumb/v7e-m+fp/hard\libc_nano.a(lib_a-lock.o)
                0x08008330                __retarget_lock_acquire_recursive
 .text.__retarget_lock_release_recursive
                0x08008332        0x2 d:/3.tools/arm_gcc_toolchain/bin/../lib/gcc/arm-none-eabi/10.3.1/../../../../arm-none-eabi/lib/thumb/v7e-m+fp/hard\libc_nano.a(lib_a-lock.o)
                0x08008332                __retarget_lock_release_recursive
 .text.memmove  0x08008334       0x34 d:/3.tools/arm_gcc_toolchain/bin/../lib/gcc/arm-none-eabi/10.3.1/../../../../arm-none-eabi/lib/thumb/v7e-m+fp/hard\libc_nano.a(lib_a-memmove.o)
                0x08008334                memmove
 .text._free_r  0x08008368       0x98 d:/3.tools/arm_gcc_toolchain/bin/../lib/gcc/arm-none-eabi/10.3.1/../../../../arm-none-eabi/lib/thumb/v7e-m+fp/hard\libc_nano.a(lib_a-nano-freer.o)
                0x08008368                _free_r
 .text.sbrk_aligned
                0x08008400       0x40 d:/3.tools/arm_gcc_toolchain/bin/../lib/gcc/arm-none-eabi/10.3.1/../../../../arm-none-eabi/lib/thumb/v7e-m+fp/hard\libc_nano.a(lib_a-nano-mallocr.o)
 .text._malloc_r
                0x08008440       0xe8 d:/3.tools/arm_gcc_toolchain/bin/../lib/gcc/arm-none-eabi/10.3.1/../../../../arm-none-eabi/lib/thumb/v7e-m+fp/hard\libc_nano.a(lib_a-nano-mallocr.o)
                0x08008440                _malloc_r
 .text._realloc_r
                0x08008528       0x5e d:/3.tools/arm_gcc_toolchain/bin/../lib/gcc/arm-none-eabi/10.3.1/../../../../arm-none-eabi/lib/thumb/v7e-m+fp/hard\libc_nano.a(lib_a-nano-reallocr.o)
                0x08008528                _realloc_r
 *fill*         0x08008586        0x2 
 .text._sbrk_r  0x08008588       0x20 d:/3.tools/arm_gcc_toolchain/bin/../lib/gcc/arm-none-eabi/10.3.1/../../../../arm-none-eabi/lib/thumb/v7e-m+fp/hard\libc_nano.a(lib_a-sbrkr.o)
                0x08008588                _sbrk_r
 .text.__malloc_lock
                0x080085a8        0xc d:/3.tools/arm_gcc_toolchain/bin/../lib/gcc/arm-none-eabi/10.3.1/../../../../arm-none-eabi/lib/thumb/v7e-m+fp/hard\libc_nano.a(lib_a-mlock.o)
                0x080085a8                __malloc_lock
 .text.__malloc_unlock
                0x080085b4        0xc d:/3.tools/arm_gcc_toolchain/bin/../lib/gcc/arm-none-eabi/10.3.1/../../../../arm-none-eabi/lib/thumb/v7e-m+fp/hard\libc_nano.a(lib_a-mlock.o)
                0x080085b4                __malloc_unlock
 .text._malloc_usable_size_r
                0x080085c0       0x10 d:/3.tools/arm_gcc_toolchain/bin/../lib/gcc/arm-none-eabi/10.3.1/../../../../arm-none-eabi/lib/thumb/v7e-m+fp/hard\libc_nano.a(lib_a-nano-msizer.o)
                0x080085c0                _malloc_usable_size_r
 .text._sbrk    0x080085d0       0x1c d:/3.tools/arm_gcc_toolchain/bin/../lib/gcc/arm-none-eabi/10.3.1/../../../../arm-none-eabi/lib/thumb/v7e-m+fp/hard\libnosys.a(sbrk.o)
                0x080085d0                _sbrk
 *(.glue_7)
 .glue_7        0x080085ec        0x0 linker stubs
 *(.glue_7t)
 .glue_7t       0x080085ec        0x0 linker stubs
 *(.eh_frame)
 .eh_frame      0x080085ec        0x0 d:/3.tools/arm_gcc_toolchain/bin/../lib/gcc/arm-none-eabi/10.3.1/thumb/v7e-m+fp/hard/crtbegin.o
 *(.init)
 .init          0x080085ec        0x4 d:/3.tools/arm_gcc_toolchain/bin/../lib/gcc/arm-none-eabi/10.3.1/thumb/v7e-m+fp/hard/crti.o
                0x080085ec                _init
 .init          0x080085f0        0x8 d:/3.tools/arm_gcc_toolchain/bin/../lib/gcc/arm-none-eabi/10.3.1/thumb/v7e-m+fp/hard/crtn.o
 *(.fini)
 .fini          0x080085f8        0x4 d:/3.tools/arm_gcc_toolchain/bin/../lib/gcc/arm-none-eabi/10.3.1/thumb/v7e-m+fp/hard/crti.o
                0x080085f8                _fini
 .fini          0x080085fc        0x8 d:/3.tools/arm_gcc_toolchain/bin/../lib/gcc/arm-none-eabi/10.3.1/thumb/v7e-m+fp/hard/crtn.o
                0x08008604                . = ALIGN (0x4)
                0x08008604                _etext = .

.vfp11_veneer   0x08008604        0x0
 .vfp11_veneer  0x08008604        0x0 linker stubs

.v4_bx          0x08008604        0x0
 .v4_bx         0x08008604        0x0 linker stubs

.iplt           0x08008604        0x0
 .iplt          0x08008604        0x0 d:/3.tools/arm_gcc_toolchain/bin/../lib/gcc/arm-none-eabi/10.3.1/thumb/v7e-m+fp/hard/crtbegin.o

.rodata         0x08008604      0x6c8
                0x08008604                . = ALIGN (0x4)
 *(.rodata)
 .rodata        0x08008604        0x5 build/dht11.o
 *fill*         0x08008609        0x3 
 .rodata        0x0800860c        0xc d:/3.tools/arm_gcc_toolchain/bin/../lib/gcc/arm-none-eabi/10.3.1/../../../../arm-none-eabi/lib/thumb/v7e-m+fp/hard\libc_nano.a(lib_a-nano-vfscanf_i.o)
 *(.rodata*)
 .rodata.Debug_Init.str1.4
                0x08008618       0x26 build/debug.o
 *fill*         0x0800863e        0x2 
 .rodata.Debug_Write_Variable.str1.4
                0x08008640      0x182 build/debug.o
 *fill*         0x080087c2        0x2 
 .rodata.Device_SleepMode_Start.str1.4
                0x080087c4       0x2a build/device.o
 *fill*         0x080087ee        0x2 
 .rodata.LTE_Update_Data.str1.4
                0x080087f0      0x115 build/lte.o
 *fill*         0x08008905        0x3 
 .rodata.LTE_MQTT_Convert_Buffer.str1.4
                0x08008908       0x20 build/lte.o
 .rodata.LTE_Connect.str1.4
                0x08008928      0x14c build/lte.o
 .rodata.LTE_GPS_Connect.str1.4
                0x08008a74       0x31 build/lte.o
 *fill*         0x08008aa5        0x3 
 .rodata.RTC_AlarmConfig.str1.4
                0x08008aa8       0x39 build/rtc.o
 *fill*         0x08008ae1        0x3 
 .rodata.aPLLMULFactorTable
                0x08008ae4       0x10 build/stm32f3xx_hal_rcc.o
                0x08008ae4                aPLLMULFactorTable
 .rodata.aPredivFactorTable
                0x08008af4       0x10 build/stm32f3xx_hal_rcc.o
                0x08008af4                aPredivFactorTable
 .rodata.AHBPrescTable
                0x08008b04       0x10 build/system_stm32f3xx.o
                0x08008b04                AHBPrescTable
 .rodata.APBPrescTable
                0x08008b14        0x8 build/system_stm32f3xx.o
                0x08008b14                APBPrescTable
 .rodata._svfprintf_r.str1.1
                0x08008b1c       0x11 d:/3.tools/arm_gcc_toolchain/bin/../lib/gcc/arm-none-eabi/10.3.1/../../../../arm-none-eabi/lib/thumb/v7e-m+fp/hard\libc_nano.a(lib_a-nano-svfprintf.o)
 .rodata.__ssvfscanf_r.str1.1
                0x08008b2d        0x4 d:/3.tools/arm_gcc_toolchain/bin/../lib/gcc/arm-none-eabi/10.3.1/../../../../arm-none-eabi/lib/thumb/v7e-m+fp/hard\libc_nano.a(lib_a-nano-svfscanf.o)
 .rodata._printf_i.str1.1
                0x08008b2d       0x22 d:/3.tools/arm_gcc_toolchain/bin/../lib/gcc/arm-none-eabi/10.3.1/../../../../arm-none-eabi/lib/thumb/v7e-m+fp/hard\libc_nano.a(lib_a-nano-vfprintf_i.o)
 .rodata.str1.1
                0x08008b4f        0x9 d:/3.tools/arm_gcc_toolchain/bin/../lib/gcc/arm-none-eabi/10.3.1/../../../../arm-none-eabi/lib/thumb/v7e-m+fp/hard\libc_nano.a(lib_a-nano-vfscanf_i.o)
 .rodata._scanf_i.str1.1
                0x08008b58       0x12 d:/3.tools/arm_gcc_toolchain/bin/../lib/gcc/arm-none-eabi/10.3.1/../../../../arm-none-eabi/lib/thumb/v7e-m+fp/hard\libc_nano.a(lib_a-nano-vfscanf_i.o)
 .rodata._ctype_
                0x08008b6a      0x101 d:/3.tools/arm_gcc_toolchain/bin/../lib/gcc/arm-none-eabi/10.3.1/../../../../arm-none-eabi/lib/thumb/v7e-m+fp/hard\libc_nano.a(lib_a-ctype_.o)
                0x08008b6a                _ctype_
 *fill*         0x08008c6b        0x1 
 .rodata.__sf_fake_stderr
                0x08008c6c       0x20 d:/3.tools/arm_gcc_toolchain/bin/../lib/gcc/arm-none-eabi/10.3.1/../../../../arm-none-eabi/lib/thumb/v7e-m+fp/hard\libc_nano.a(lib_a-findfp.o)
                0x08008c6c                __sf_fake_stderr
 .rodata.__sf_fake_stdin
                0x08008c8c       0x20 d:/3.tools/arm_gcc_toolchain/bin/../lib/gcc/arm-none-eabi/10.3.1/../../../../arm-none-eabi/lib/thumb/v7e-m+fp/hard\libc_nano.a(lib_a-findfp.o)
                0x08008c8c                __sf_fake_stdin
 .rodata.__sf_fake_stdout
                0x08008cac       0x20 d:/3.tools/arm_gcc_toolchain/bin/../lib/gcc/arm-none-eabi/10.3.1/../../../../arm-none-eabi/lib/thumb/v7e-m+fp/hard\libc_nano.a(lib_a-findfp.o)
                0x08008cac                __sf_fake_stdout
                0x08008ccc                . = ALIGN (0x4)

.rel.dyn        0x08008ccc        0x0
 .rel.iplt      0x08008ccc        0x0 d:/3.tools/arm_gcc_toolchain/bin/../lib/gcc/arm-none-eabi/10.3.1/thumb/v7e-m+fp/hard/crtbegin.o

.ARM.extab
 *(.ARM.extab* .gnu.linkonce.armextab.*)

.ARM            0x08008ccc        0x0
                0x08008ccc                __exidx_start = .
 *(.ARM.exidx*)
                0x08008ccc                __exidx_end = .

.preinit_array  0x08008ccc        0x0
                0x08008ccc                PROVIDE (__preinit_array_start = .)
 *(.preinit_array*)
                0x08008ccc                PROVIDE (__preinit_array_end = .)

.init_array     0x08008ccc        0x4
                0x08008ccc                PROVIDE (__init_array_start = .)
 *(SORT_BY_NAME(.init_array.*))
 *(.init_array*)
 .init_array    0x08008ccc        0x4 d:/3.tools/arm_gcc_toolchain/bin/../lib/gcc/arm-none-eabi/10.3.1/thumb/v7e-m+fp/hard/crtbegin.o
                0x08008cd0                PROVIDE (__init_array_end = .)

.fini_array     0x08008cd0        0x4
                [!provide]                PROVIDE (__fini_array_start = .)
 *(SORT_BY_NAME(.fini_array.*))
 *(.fini_array*)
 .fini_array    0x08008cd0        0x4 d:/3.tools/arm_gcc_toolchain/bin/../lib/gcc/arm-none-eabi/10.3.1/thumb/v7e-m+fp/hard/crtbegin.o
                [!provide]                PROVIDE (__fini_array_end = .)
                0x08008cd4                _sidata = LOADADDR (.data)

.data           0x20000000       0x74 load address 0x08008cd4
                0x20000000                . = ALIGN (0x4)
                0x20000000                _sdata = .
 *(.data)
 *(.data*)
 .data.Device_Report_Cycle
                0x20000000        0x4 build/device.o
                0x20000000                Device_Report_Cycle
 .data.uwTickFreq
                0x20000004        0x1 build/stm32f3xx_hal.o
                0x20000004                uwTickFreq
 *fill*         0x20000005        0x3 
 .data.uwTickPrio
                0x20000008        0x4 build/stm32f3xx_hal.o
                0x20000008                uwTickPrio
 .data.SystemCoreClock
                0x2000000c        0x4 build/system_stm32f3xx.o
                0x2000000c                SystemCoreClock
 .data._impure_ptr
                0x20000010        0x4 d:/3.tools/arm_gcc_toolchain/bin/../lib/gcc/arm-none-eabi/10.3.1/../../../../arm-none-eabi/lib/thumb/v7e-m+fp/hard\libc_nano.a(lib_a-impure.o)
                0x20000010                _impure_ptr
 .data.impure_data
                0x20000014       0x60 d:/3.tools/arm_gcc_toolchain/bin/../lib/gcc/arm-none-eabi/10.3.1/../../../../arm-none-eabi/lib/thumb/v7e-m+fp/hard\libc_nano.a(lib_a-impure.o)
                0x20000074                . = ALIGN (0x4)
                0x20000074                _edata = .
                0x08008d48                _siccmram = LOADADDR (.ccmram)

.igot.plt       0x20000074        0x0 load address 0x08008d48
 .igot.plt      0x20000074        0x0 d:/3.tools/arm_gcc_toolchain/bin/../lib/gcc/arm-none-eabi/10.3.1/thumb/v7e-m+fp/hard/crtbegin.o

.ccmram         0x10000000        0x0 load address 0x08008d48
                0x10000000                . = ALIGN (0x4)
                0x10000000                _sccmram = .
 *(.ccmram)
 *(.ccmram*)
                0x10000000                . = ALIGN (0x4)
                0x10000000                _eccmram = .
                0x10000000                . = ALIGN (0x4)

.bss            0x20000078     0x103c
                0x20000078                _sbss = .
                0x20000078                __bss_start__ = _sbss
 *(.bss)
 .bss           0x20000078       0x1c d:/3.tools/arm_gcc_toolchain/bin/../lib/gcc/arm-none-eabi/10.3.1/thumb/v7e-m+fp/hard/crtbegin.o
 *(.bss*)
 .bss.hadc2     0x20000094       0x50 build/main.o
                0x20000094                hadc2
 .bss.hdma_adc2
                0x200000e4       0x44 build/main.o
                0x200000e4                hdma_adc2
 .bss.hdma_usart2_rx
                0x20000128       0x44 build/main.o
                0x20000128                hdma_usart2_rx
 .bss.hrtc      0x2000016c       0x20 build/main.o
                0x2000016c                hrtc
 .bss.hspi2     0x2000018c       0x64 build/main.o
                0x2000018c                hspi2
 .bss.htim16    0x200001f0       0x4c build/main.o
                0x200001f0                htim16
 .bss.htim17    0x2000023c       0x4c build/main.o
                0x2000023c                htim17
 .bss.htim3     0x20000288       0x4c build/main.o
                0x20000288                htim3
 .bss.huart1    0x200002d4       0x84 build/main.o
                0x200002d4                huart1
 .bss.huart2    0x20000358       0x84 build/main.o
                0x20000358                huart2
 .bss.huart3    0x200003dc       0x84 build/main.o
                0x200003dc                huart3
 .bss.Debug_Rx_Count
                0x20000460        0x2 build/debug.o
                0x20000460                Debug_Rx_Count
 *fill*         0x20000462        0x2 
 .bss.Debug_Rx_buffer
                0x20000464      0x400 build/debug.o
                0x20000464                Debug_Rx_buffer
 .bss.Debug_Write_Request
                0x20000864        0x1 build/debug.o
                0x20000864                Debug_Write_Request
 .bss.debug_dummy
                0x20000865        0x1 build/debug.o
                0x20000865                debug_dummy
 *fill*         0x20000866        0x2 
 .bss.Device_Batt_DMA
                0x20000868        0x4 build/device.o
                0x20000868                Device_Batt_DMA
 .bss.Device_Batt_Voltage
                0x2000086c        0x2 build/device.o
                0x2000086c                Device_Batt_Voltage
 .bss.Device_Sensor_Detect
                0x2000086e        0x1 build/device.o
                0x2000086e                Device_Sensor_Detect
 .bss.Device_Sensor_Signal
                0x2000086f        0x1 build/device.o
                0x2000086f                Device_Sensor_Signal
 .bss.reset_cause
                0x20000870        0x1 build/device.o
                0x20000870                reset_cause
 .bss.ti10msOn.0
                0x20000871        0x1 build/device.o
 .bss.bFirstcall.2
                0x20000872        0x1 build/dht11.o
 *fill*         0x20000873        0x1 
 .bss.lastPollingTime.1
                0x20000874        0x4 build/dht11.o
 .bss.stored_data.0
                0x20000878        0x8 build/dht11.o
 .bss.Lidar_Distance
                0x20000880        0x2 build/lidar.o
                0x20000880                Lidar_Distance
 *fill*         0x20000882        0x2 
 .bss.Lidar_Rx_Buffer
                0x20000884        0x9 build/lidar.o
                0x20000884                Lidar_Rx_Buffer
 *fill*         0x2000088d        0x1 
 .bss.Lidar_Strength
                0x2000088e        0x2 build/lidar.o
                0x2000088e                Lidar_Strength
 .bss.Lidar_Temperature
                0x20000890        0x2 build/lidar.o
                0x20000890                Lidar_Temperature
 *fill*         0x20000892        0x2 
 .bss.LTE_ASCII_Buffer
                0x20000894      0x200 build/lte.o
                0x20000894                LTE_ASCII_Buffer
 .bss.LTE_CHAR_D
                0x20000a94        0x2 build/lte.o
                0x20000a94                LTE_CHAR_D
 .bss.LTE_CHAR_I
                0x20000a96        0x2 build/lte.o
                0x20000a96                LTE_CHAR_I
 .bss.LTE_DIST_D
                0x20000a98        0x2 build/lte.o
                0x20000a98                LTE_DIST_D
 .bss.LTE_DIST_I
                0x20000a9a        0x2 build/lte.o
                0x20000a9a                LTE_DIST_I
 .bss.LTE_DOOR  0x20000a9c        0x1 build/lte.o
                0x20000a9c                LTE_DOOR
 *fill*         0x20000a9d        0x3 
 .bss.LTE_GPS_Buffer
                0x20000aa0       0x64 build/lte.o
                0x20000aa0                LTE_GPS_Buffer
 .bss.LTE_GPS_LAT_D
                0x20000b04        0x4 build/lte.o
                0x20000b04                LTE_GPS_LAT_D
 .bss.LTE_GPS_LAT_I
                0x20000b08        0x2 build/lte.o
                0x20000b08                LTE_GPS_LAT_I
 *fill*         0x20000b0a        0x2 
 .bss.LTE_GPS_LONG_D
                0x20000b0c        0x4 build/lte.o
                0x20000b0c                LTE_GPS_LONG_D
 .bss.LTE_GPS_LONG_I
                0x20000b10        0x2 build/lte.o
                0x20000b10                LTE_GPS_LONG_I
 .bss.LTE_GPS_Status
                0x20000b12        0x1 build/lte.o
                0x20000b12                LTE_GPS_Status
 *fill*         0x20000b13        0x1 
 .bss.LTE_HUMI_D
                0x20000b14        0x2 build/lte.o
                0x20000b14                LTE_HUMI_D
 .bss.LTE_HUMI_I
                0x20000b16        0x2 build/lte.o
                0x20000b16                LTE_HUMI_I
 .bss.LTE_Rx_Buffer
                0x20000b18      0x400 build/lte.o
                0x20000b18                LTE_Rx_Buffer
 .bss.LTE_Rx_Counter
                0x20000f18        0x2 build/lte.o
                0x20000f18                LTE_Rx_Counter
 *fill*         0x20000f1a        0x2 
 .bss.LTE_SN    0x20000f1c        0x4 build/lte.o
                0x20000f1c                LTE_SN
 .bss.LTE_SN_SUB
                0x20000f20        0x4 build/lte.o
                0x20000f20                LTE_SN_SUB
 .bss.LTE_Status
                0x20000f24        0x1 build/lte.o
                0x20000f24                LTE_Status
 *fill*         0x20000f25        0x1 
 .bss.LTE_TEMP_D
                0x20000f26        0x2 build/lte.o
                0x20000f26                LTE_TEMP_D
 .bss.LTE_TEMP_I
                0x20000f28        0x2 build/lte.o
                0x20000f28                LTE_TEMP_I
 .bss.dummy_lte
                0x20000f2a        0x1 build/lte.o
                0x20000f2a                dummy_lte
 .bss.fail_counter.3
                0x20000f2b        0x1 build/lte.o
 .bss.stDelay.0
                0x20000f2c        0x1 build/lte.o
 .bss.stDelay.4
                0x20000f2d        0x1 build/lte.o
 .bss.timer.2   0x20000f2e        0x2 build/lte.o
 .bss.uart_status.1
                0x20000f30        0x1 build/lte.o
 .bss.uart_status.5
                0x20000f31        0x1 build/lte.o
 *fill*         0x20000f32        0x2 
 .bss.Os_Var    0x20000f34       0x40 build/os.o
                0x20000f34                Os_Var
 .bss.dummy     0x20000f74        0x1 build/uart.o
                0x20000f74                dummy
 *fill*         0x20000f75        0x3 
 .bss.uart2_counter
                0x20000f78        0x4 build/uart.o
                0x20000f78                uart2_counter
 .bss.EraseInitStruct.0
                0x20000f7c        0xc build/nvram.o
 .bss.NVRAM_Block
                0x20000f88       0x88 build/nvram.o
                0x20000f88                NVRAM_Block
 .bss.NVRAM_Domain
                0x20001010       0x64 build/nvram.o
                0x20001010                NVRAM_Domain
 .bss.RTC_hours
                0x20001074        0x2 build/rtc.o
                0x20001074                RTC_hours
 .bss.RTC_minutes
                0x20001076        0x2 build/rtc.o
                0x20001076                RTC_minutes
 .bss.RTC_seconds
                0x20001078        0x2 build/rtc.o
                0x20001078                RTC_seconds
 *fill*         0x2000107a        0x2 
 .bss.uwTick    0x2000107c        0x4 build/stm32f3xx_hal.o
                0x2000107c                uwTick
 .bss.pFlash    0x20001080       0x20 build/stm32f3xx_hal_flash.o
                0x20001080                pFlash
 .bss.errno     0x200010a0        0x4 d:/3.tools/arm_gcc_toolchain/bin/../lib/gcc/arm-none-eabi/10.3.1/../../../../arm-none-eabi/lib/thumb/v7e-m+fp/hard\libc_nano.a(lib_a-reent.o)
                0x200010a0                errno
 .bss.__lock___malloc_recursive_mutex
                0x200010a4        0x1 d:/3.tools/arm_gcc_toolchain/bin/../lib/gcc/arm-none-eabi/10.3.1/../../../../arm-none-eabi/lib/thumb/v7e-m+fp/hard\libc_nano.a(lib_a-lock.o)
                0x200010a4                __lock___malloc_recursive_mutex
 *fill*         0x200010a5        0x3 
 .bss.__malloc_free_list
                0x200010a8        0x4 d:/3.tools/arm_gcc_toolchain/bin/../lib/gcc/arm-none-eabi/10.3.1/../../../../arm-none-eabi/lib/thumb/v7e-m+fp/hard\libc_nano.a(lib_a-nano-mallocr.o)
                0x200010a8                __malloc_free_list
 .bss.__malloc_sbrk_start
                0x200010ac        0x4 d:/3.tools/arm_gcc_toolchain/bin/../lib/gcc/arm-none-eabi/10.3.1/../../../../arm-none-eabi/lib/thumb/v7e-m+fp/hard\libc_nano.a(lib_a-nano-mallocr.o)
                0x200010ac                __malloc_sbrk_start
 .bss.heap_end.0
                0x200010b0        0x4 d:/3.tools/arm_gcc_toolchain/bin/../lib/gcc/arm-none-eabi/10.3.1/../../../../arm-none-eabi/lib/thumb/v7e-m+fp/hard\libnosys.a(sbrk.o)
 *(COMMON)
                0x200010b4                . = ALIGN (0x4)
                0x200010b4                _ebss = .
                0x200010b4                __bss_end__ = _ebss

._user_heap_stack
                0x200010b4     0x2204
                0x200010b8                . = ALIGN (0x8)
 *fill*         0x200010b4        0x4 
                0x200010b8                PROVIDE (end = .)
                [!provide]                PROVIDE (_end = .)
                0x200012b8                . = (. + _Min_Heap_Size)
 *fill*         0x200010b8      0x200 
                0x200032b8                . = (. + _Min_Stack_Size)
 *fill*         0x200012b8     0x2000 
                0x200032b8                . = ALIGN (0x8)

/DISCARD/
 libc.a(*)
 libm.a(*)
 libgcc.a(*)

.ARM.attributes
                0x00000000       0x30
 *(.ARM.attributes)
 .ARM.attributes
                0x00000000       0x1e d:/3.tools/arm_gcc_toolchain/bin/../lib/gcc/arm-none-eabi/10.3.1/thumb/v7e-m+fp/hard/crti.o
 .ARM.attributes
                0x0000001e       0x34 d:/3.tools/arm_gcc_toolchain/bin/../lib/gcc/arm-none-eabi/10.3.1/thumb/v7e-m+fp/hard/crtbegin.o
 .ARM.attributes
                0x00000052       0x34 build/main.o
 .ARM.attributes
                0x00000086       0x34 build/stm32f3xx_it.o
 .ARM.attributes
                0x000000ba       0x34 build/stm32f3xx_hal_msp.o
 .ARM.attributes
                0x000000ee       0x34 build/buzzer.o
 .ARM.attributes
                0x00000122       0x34 build/debug.o
 .ARM.attributes
                0x00000156       0x34 build/device.o
 .ARM.attributes
                0x0000018a       0x34 build/dht11.o
 .ARM.attributes
                0x000001be       0x34 build/lidar.o
 .ARM.attributes
                0x000001f2       0x34 build/lte.o
 .ARM.attributes
                0x00000226       0x34 build/os.o
 .ARM.attributes
                0x0000025a       0x34 build/uart.o
 .ARM.attributes
                0x0000028e       0x34 build/nvram.o
 .ARM.attributes
                0x000002c2       0x34 build/rtc.o
 .ARM.attributes
                0x000002f6       0x34 build/stm32f3xx_hal_adc.o
 .ARM.attributes
                0x0000032a       0x34 build/stm32f3xx_hal_adc_ex.o
 .ARM.attributes
                0x0000035e       0x34 build/stm32f3xx_hal.o
 .ARM.attributes
                0x00000392       0x34 build/stm32f3xx_hal_rcc.o
 .ARM.attributes
                0x000003c6       0x34 build/stm32f3xx_hal_rcc_ex.o
 .ARM.attributes
                0x000003fa       0x34 build/stm32f3xx_hal_gpio.o
 .ARM.attributes
                0x0000042e       0x34 build/stm32f3xx_hal_dma.o
 .ARM.attributes
                0x00000462       0x34 build/stm32f3xx_hal_cortex.o
 .ARM.attributes
                0x00000496       0x34 build/stm32f3xx_hal_pwr.o
 .ARM.attributes
                0x000004ca       0x34 build/stm32f3xx_hal_flash.o
 .ARM.attributes
                0x000004fe       0x34 build/stm32f3xx_hal_flash_ex.o
 .ARM.attributes
                0x00000532       0x34 build/stm32f3xx_hal_spi.o
 .ARM.attributes
                0x00000566       0x34 build/stm32f3xx_hal_tim.o
 .ARM.attributes
                0x0000059a       0x34 build/stm32f3xx_hal_tim_ex.o
 .ARM.attributes
                0x000005ce       0x34 build/stm32f3xx_hal_uart.o
 .ARM.attributes
                0x00000602       0x34 build/stm32f3xx_hal_uart_ex.o
 .ARM.attributes
                0x00000636       0x34 build/stm32f3xx_hal_rtc.o
 .ARM.attributes
                0x0000066a       0x34 build/stm32f3xx_hal_rtc_ex.o
 .ARM.attributes
                0x0000069e       0x34 build/system_stm32f3xx.o
 .ARM.attributes
                0x000006d2       0x34 build/startup_stm32f303xc.o
 .ARM.attributes
                0x00000706       0x34 d:/3.tools/arm_gcc_toolchain/bin/../lib/gcc/arm-none-eabi/10.3.1/../../../../arm-none-eabi/lib/thumb/v7e-m+fp/hard\libc_nano.a(lib_a-impure.o)
 .ARM.attributes
                0x0000073a       0x34 d:/3.tools/arm_gcc_toolchain/bin/../lib/gcc/arm-none-eabi/10.3.1/../../../../arm-none-eabi/lib/thumb/v7e-m+fp/hard\libc_nano.a(lib_a-init.o)
 .ARM.attributes
                0x0000076e       0x34 d:/3.tools/arm_gcc_toolchain/bin/../lib/gcc/arm-none-eabi/10.3.1/../../../../arm-none-eabi/lib/thumb/v7e-m+fp/hard\libc_nano.a(lib_a-memcpy-stub.o)
 .ARM.attributes
                0x000007a2       0x34 d:/3.tools/arm_gcc_toolchain/bin/../lib/gcc/arm-none-eabi/10.3.1/../../../../arm-none-eabi/lib/thumb/v7e-m+fp/hard\libc_nano.a(lib_a-memset.o)
 .ARM.attributes
                0x000007d6       0x34 d:/3.tools/arm_gcc_toolchain/bin/../lib/gcc/arm-none-eabi/10.3.1/../../../../arm-none-eabi/lib/thumb/v7e-m+fp/hard\libc_nano.a(lib_a-sprintf.o)
 .ARM.attributes
                0x0000080a       0x34 d:/3.tools/arm_gcc_toolchain/bin/../lib/gcc/arm-none-eabi/10.3.1/../../../../arm-none-eabi/lib/thumb/v7e-m+fp/hard\libc_nano.a(lib_a-sscanf.o)
 .ARM.attributes
                0x0000083e       0x34 d:/3.tools/arm_gcc_toolchain/bin/../lib/gcc/arm-none-eabi/10.3.1/../../../../arm-none-eabi/lib/thumb/v7e-m+fp/hard\libc_nano.a(lib_a-stdio.o)
 .ARM.attributes
                0x00000872       0x17 d:/3.tools/arm_gcc_toolchain/bin/../lib/gcc/arm-none-eabi/10.3.1/../../../../arm-none-eabi/lib/thumb/v7e-m+fp/hard\libc_nano.a(lib_a-strlen.o)
 .ARM.attributes
                0x00000889       0x34 d:/3.tools/arm_gcc_toolchain/bin/../lib/gcc/arm-none-eabi/10.3.1/../../../../arm-none-eabi/lib/thumb/v7e-m+fp/hard\libc_nano.a(lib_a-nano-svfprintf.o)
 .ARM.attributes
                0x000008bd       0x34 d:/3.tools/arm_gcc_toolchain/bin/../lib/gcc/arm-none-eabi/10.3.1/../../../../arm-none-eabi/lib/thumb/v7e-m+fp/hard\libc_nano.a(lib_a-nano-svfscanf.o)
 .ARM.attributes
                0x000008f1       0x34 d:/3.tools/arm_gcc_toolchain/bin/../lib/gcc/arm-none-eabi/10.3.1/../../../../arm-none-eabi/lib/thumb/v7e-m+fp/hard\libc_nano.a(lib_a-nano-vfprintf_i.o)
 .ARM.attributes
                0x00000925       0x34 d:/3.tools/arm_gcc_toolchain/bin/../lib/gcc/arm-none-eabi/10.3.1/../../../../arm-none-eabi/lib/thumb/v7e-m+fp/hard\libc_nano.a(lib_a-nano-vfscanf_i.o)
 .ARM.attributes
                0x00000959       0x34 d:/3.tools/arm_gcc_toolchain/bin/../lib/gcc/arm-none-eabi/10.3.1/../../../../arm-none-eabi/lib/thumb/v7e-m+fp/hard\libc_nano.a(lib_a-reent.o)
 .ARM.attributes
                0x0000098d       0x34 d:/3.tools/arm_gcc_toolchain/bin/../lib/gcc/arm-none-eabi/10.3.1/../../../../arm-none-eabi/lib/thumb/v7e-m+fp/hard\libc_nano.a(lib_a-sccl.o)
 .ARM.attributes
                0x000009c1       0x34 d:/3.tools/arm_gcc_toolchain/bin/../lib/gcc/arm-none-eabi/10.3.1/../../../../arm-none-eabi/lib/thumb/v7e-m+fp/hard\libc_nano.a(lib_a-strtol.o)
 .ARM.attributes
                0x000009f5       0x34 d:/3.tools/arm_gcc_toolchain/bin/../lib/gcc/arm-none-eabi/10.3.1/../../../../arm-none-eabi/lib/thumb/v7e-m+fp/hard\libc_nano.a(lib_a-strtoul.o)
 .ARM.attributes
                0x00000a29       0x34 d:/3.tools/arm_gcc_toolchain/bin/../lib/gcc/arm-none-eabi/10.3.1/../../../../arm-none-eabi/lib/thumb/v7e-m+fp/hard\libc_nano.a(lib_a-ungetc.o)
 .ARM.attributes
                0x00000a5d       0x34 d:/3.tools/arm_gcc_toolchain/bin/../lib/gcc/arm-none-eabi/10.3.1/../../../../arm-none-eabi/lib/thumb/v7e-m+fp/hard\libc_nano.a(lib_a-ctype_.o)
 .ARM.attributes
                0x00000a91       0x34 d:/3.tools/arm_gcc_toolchain/bin/../lib/gcc/arm-none-eabi/10.3.1/../../../../arm-none-eabi/lib/thumb/v7e-m+fp/hard\libc_nano.a(lib_a-errno.o)
 .ARM.attributes
                0x00000ac5       0x34 d:/3.tools/arm_gcc_toolchain/bin/../lib/gcc/arm-none-eabi/10.3.1/../../../../arm-none-eabi/lib/thumb/v7e-m+fp/hard\libc_nano.a(lib_a-findfp.o)
 .ARM.attributes
                0x00000af9       0x34 d:/3.tools/arm_gcc_toolchain/bin/../lib/gcc/arm-none-eabi/10.3.1/../../../../arm-none-eabi/lib/thumb/v7e-m+fp/hard\libc_nano.a(lib_a-lock.o)
 .ARM.attributes
                0x00000b2d       0x1c d:/3.tools/arm_gcc_toolchain/bin/../lib/gcc/arm-none-eabi/10.3.1/../../../../arm-none-eabi/lib/thumb/v7e-m+fp/hard\libc_nano.a(lib_a-memchr.o)
 .ARM.attributes
                0x00000b49       0x34 d:/3.tools/arm_gcc_toolchain/bin/../lib/gcc/arm-none-eabi/10.3.1/../../../../arm-none-eabi/lib/thumb/v7e-m+fp/hard\libc_nano.a(lib_a-memmove.o)
 .ARM.attributes
                0x00000b7d       0x34 d:/3.tools/arm_gcc_toolchain/bin/../lib/gcc/arm-none-eabi/10.3.1/../../../../arm-none-eabi/lib/thumb/v7e-m+fp/hard\libc_nano.a(lib_a-nano-freer.o)
 .ARM.attributes
                0x00000bb1       0x34 d:/3.tools/arm_gcc_toolchain/bin/../lib/gcc/arm-none-eabi/10.3.1/../../../../arm-none-eabi/lib/thumb/v7e-m+fp/hard\libc_nano.a(lib_a-nano-mallocr.o)
 .ARM.attributes
                0x00000be5       0x34 d:/3.tools/arm_gcc_toolchain/bin/../lib/gcc/arm-none-eabi/10.3.1/../../../../arm-none-eabi/lib/thumb/v7e-m+fp/hard\libc_nano.a(lib_a-nano-reallocr.o)
 .ARM.attributes
                0x00000c19       0x34 d:/3.tools/arm_gcc_toolchain/bin/../lib/gcc/arm-none-eabi/10.3.1/../../../../arm-none-eabi/lib/thumb/v7e-m+fp/hard\libc_nano.a(lib_a-sbrkr.o)
 .ARM.attributes
                0x00000c4d       0x34 d:/3.tools/arm_gcc_toolchain/bin/../lib/gcc/arm-none-eabi/10.3.1/../../../../arm-none-eabi/lib/thumb/v7e-m+fp/hard\libc_nano.a(lib_a-mlock.o)
 .ARM.attributes
                0x00000c81       0x34 d:/3.tools/arm_gcc_toolchain/bin/../lib/gcc/arm-none-eabi/10.3.1/../../../../arm-none-eabi/lib/thumb/v7e-m+fp/hard\libc_nano.a(lib_a-nano-msizer.o)
 .ARM.attributes
                0x00000cb5       0x34 d:/3.tools/arm_gcc_toolchain/bin/../lib/gcc/arm-none-eabi/10.3.1/../../../../arm-none-eabi/lib/thumb/v7e-m+fp/hard\libnosys.a(sbrk.o)
 .ARM.attributes
                0x00000ce9       0x1e d:/3.tools/arm_gcc_toolchain/bin/../lib/gcc/arm-none-eabi/10.3.1/thumb/v7e-m+fp/hard/crtn.o
OUTPUT(build/STM32_Lidar_LTE.elf elf32-littlearm)
LOAD linker stubs
LOAD d:/3.tools/arm_gcc_toolchain/bin/../lib/gcc/arm-none-eabi/10.3.1/../../../../arm-none-eabi/lib/thumb/v7e-m+fp/hard\libc.a
LOAD d:/3.tools/arm_gcc_toolchain/bin/../lib/gcc/arm-none-eabi/10.3.1/../../../../arm-none-eabi/lib/thumb/v7e-m+fp/hard\libm.a
LOAD d:/3.tools/arm_gcc_toolchain/bin/../lib/gcc/arm-none-eabi/10.3.1/thumb/v7e-m+fp/hard\libgcc.a

.debug_info     0x00000000    0x290b4
 .debug_info    0x00000000     0x2809 build/main.o
 .debug_info    0x00002809     0x15c2 build/stm32f3xx_it.o
 .debug_info    0x00003dcb     0x2200 build/stm32f3xx_hal_msp.o
 .debug_info    0x00005fcb      0x7f1 build/buzzer.o
 .debug_info    0x000067bc     0x11f5 build/debug.o
 .debug_info    0x000079b1     0x1cd4 build/device.o
 .debug_info    0x00009685      0x5e5 build/dht11.o
 .debug_info    0x00009c6a      0x963 build/lidar.o
 .debug_info    0x0000a5cd     0x1e62 build/lte.o
 .debug_info    0x0000c42f      0xd96 build/os.o
 .debug_info    0x0000d1c5      0x7fe build/uart.o
 .debug_info    0x0000d9c3      0x7a1 build/nvram.o
 .debug_info    0x0000e164      0x8dc build/rtc.o
 .debug_info    0x0000ea40      0xd01 build/stm32f3xx_hal_adc.o
 .debug_info    0x0000f741     0x1f89 build/stm32f3xx_hal_adc_ex.o
 .debug_info    0x000116ca      0x932 build/stm32f3xx_hal.o
 .debug_info    0x00011ffc     0x16de build/stm32f3xx_hal_rcc.o
 .debug_info    0x000136da      0x7f1 build/stm32f3xx_hal_rcc_ex.o
 .debug_info    0x00013ecb      0x744 build/stm32f3xx_hal_gpio.o
 .debug_info    0x0001460f      0x8f7 build/stm32f3xx_hal_dma.o
 .debug_info    0x00014f06     0x10cf build/stm32f3xx_hal_cortex.o
 .debug_info    0x00015fd5      0x542 build/stm32f3xx_hal_pwr.o
 .debug_info    0x00016517      0x6f4 build/stm32f3xx_hal_flash.o
 .debug_info    0x00016c0b      0xc06 build/stm32f3xx_hal_flash_ex.o
 .debug_info    0x00017811     0x231b build/stm32f3xx_hal_spi.o
 .debug_info    0x00019b2c     0x4194 build/stm32f3xx_hal_tim.o
 .debug_info    0x0001dcc0     0x1d1c build/stm32f3xx_hal_tim_ex.o
 .debug_info    0x0001f9dc     0x5114 build/stm32f3xx_hal_uart.o
 .debug_info    0x00024af0      0xf4f build/stm32f3xx_hal_uart_ex.o
 .debug_info    0x00025a3f     0x1180 build/stm32f3xx_hal_rtc.o
 .debug_info    0x00026bbf     0x13b1 build/stm32f3xx_hal_rtc_ex.o
 .debug_info    0x00027f70      0x47d build/system_stm32f3xx.o
 .debug_info    0x000283ed      0xcc7 build/startup_stm32f303xc.o

.debug_abbrev   0x00000000     0x4b10
 .debug_abbrev  0x00000000      0x297 build/main.o
 .debug_abbrev  0x00000297      0x19e build/stm32f3xx_it.o
 .debug_abbrev  0x00000435      0x2be build/stm32f3xx_hal_msp.o
 .debug_abbrev  0x000006f3      0x1c8 build/buzzer.o
 .debug_abbrev  0x000008bb      0x22c build/debug.o
 .debug_abbrev  0x00000ae7      0x2e4 build/device.o
 .debug_abbrev  0x00000dcb      0x1d7 build/dht11.o
 .debug_abbrev  0x00000fa2      0x1e9 build/lidar.o
 .debug_abbrev  0x0000118b      0x2d9 build/lte.o
 .debug_abbrev  0x00001464      0x24d build/os.o
 .debug_abbrev  0x000016b1      0x18f build/uart.o
 .debug_abbrev  0x00001840      0x24f build/nvram.o
 .debug_abbrev  0x00001a8f      0x1be build/rtc.o
 .debug_abbrev  0x00001c4d      0x18d build/stm32f3xx_hal_adc.o
 .debug_abbrev  0x00001dda      0x30d build/stm32f3xx_hal_adc_ex.o
 .debug_abbrev  0x000020e7      0x20a build/stm32f3xx_hal.o
 .debug_abbrev  0x000022f1      0x323 build/stm32f3xx_hal_rcc.o
 .debug_abbrev  0x00002614      0x278 build/stm32f3xx_hal_rcc_ex.o
 .debug_abbrev  0x0000288c      0x222 build/stm32f3xx_hal_gpio.o
 .debug_abbrev  0x00002aae      0x24d build/stm32f3xx_hal_dma.o
 .debug_abbrev  0x00002cfb      0x382 build/stm32f3xx_hal_cortex.o
 .debug_abbrev  0x0000307d      0x13d build/stm32f3xx_hal_pwr.o
 .debug_abbrev  0x000031ba      0x26b build/stm32f3xx_hal_flash.o
 .debug_abbrev  0x00003425      0x304 build/stm32f3xx_hal_flash_ex.o
 .debug_abbrev  0x00003729      0x278 build/stm32f3xx_hal_spi.o
 .debug_abbrev  0x000039a1      0x282 build/stm32f3xx_hal_tim.o
 .debug_abbrev  0x00003c23      0x298 build/stm32f3xx_hal_tim_ex.o
 .debug_abbrev  0x00003ebb      0x308 build/stm32f3xx_hal_uart.o
 .debug_abbrev  0x000041c3      0x2de build/stm32f3xx_hal_uart_ex.o
 .debug_abbrev  0x000044a1      0x1d4 build/stm32f3xx_hal_rtc.o
 .debug_abbrev  0x00004675      0x238 build/stm32f3xx_hal_rtc_ex.o
 .debug_abbrev  0x000048ad      0x11b build/system_stm32f3xx.o
 .debug_abbrev  0x000049c8      0x148 build/startup_stm32f303xc.o

.debug_loc      0x00000000    0x1c0de
 .debug_loc     0x00000000      0x262 build/main.o
 .debug_loc     0x00000262      0x240 build/stm32f3xx_it.o
 .debug_loc     0x000004a2      0x62b build/stm32f3xx_hal_msp.o
 .debug_loc     0x00000acd       0x65 build/buzzer.o
 .debug_loc     0x00000b32      0x13f build/debug.o
 .debug_loc     0x00000c71      0x451 build/device.o
 .debug_loc     0x000010c2      0x24c build/dht11.o
 .debug_loc     0x0000130e       0xa0 build/lidar.o
 .debug_loc     0x000013ae      0x6be build/lte.o
 .debug_loc     0x00001a6c      0x37c build/os.o
 .debug_loc     0x00001de8       0x7f build/uart.o
 .debug_loc     0x00001e67      0x17a build/nvram.o
 .debug_loc     0x00001fe1       0x7e build/rtc.o
 .debug_loc     0x0000205f      0x22b build/stm32f3xx_hal_adc.o
 .debug_loc     0x0000228a     0x25eb build/stm32f3xx_hal_adc_ex.o
 .debug_loc     0x00004875      0x1e1 build/stm32f3xx_hal.o
 .debug_loc     0x00004a56      0xf4c build/stm32f3xx_hal_rcc.o
 .debug_loc     0x000059a2      0xafc build/stm32f3xx_hal_rcc_ex.o
 .debug_loc     0x0000649e      0x46f build/stm32f3xx_hal_gpio.o
 .debug_loc     0x0000690d      0x928 build/stm32f3xx_hal_dma.o
 .debug_loc     0x00007235      0x7a4 build/stm32f3xx_hal_cortex.o
 .debug_loc     0x000079d9       0x34 build/stm32f3xx_hal_pwr.o
 .debug_loc     0x00007a0d      0x432 build/stm32f3xx_hal_flash.o
 .debug_loc     0x00007e3f      0xa5c build/stm32f3xx_hal_flash_ex.o
 .debug_loc     0x0000889b     0x27b8 build/stm32f3xx_hal_spi.o
 .debug_loc     0x0000b053     0x615e build/stm32f3xx_hal_tim.o
 .debug_loc     0x000111b1     0x2550 build/stm32f3xx_hal_tim_ex.o
 .debug_loc     0x00013701     0x50da build/stm32f3xx_hal_uart.o
 .debug_loc     0x000187db      0xb7f build/stm32f3xx_hal_uart_ex.o
 .debug_loc     0x0001935a      0xf66 build/stm32f3xx_hal_rtc.o
 .debug_loc     0x0001a2c0     0x12e8 build/stm32f3xx_hal_rtc_ex.o
 .debug_loc     0x0001b5a8      0x123 build/system_stm32f3xx.o
 .debug_loc     0x0001b6cb      0xa13 build/startup_stm32f303xc.o

.debug_aranges  0x00000000     0x19a0
 .debug_aranges
                0x00000000       0x88 build/main.o
 .debug_aranges
                0x00000088       0xa8 build/stm32f3xx_it.o
 .debug_aranges
                0x00000130       0x88 build/stm32f3xx_hal_msp.o
 .debug_aranges
                0x000001b8       0x28 build/buzzer.o
 .debug_aranges
                0x000001e0       0x38 build/debug.o
 .debug_aranges
                0x00000218       0x48 build/device.o
 .debug_aranges
                0x00000260       0x30 build/dht11.o
 .debug_aranges
                0x00000290       0x30 build/lidar.o
 .debug_aranges
                0x000002c0       0x78 build/lte.o
 .debug_aranges
                0x00000338       0x70 build/os.o
 .debug_aranges
                0x000003a8       0x20 build/uart.o
 .debug_aranges
                0x000003c8       0x48 build/nvram.o
 .debug_aranges
                0x00000410       0x28 build/rtc.o
 .debug_aranges
                0x00000438       0xc8 build/stm32f3xx_hal_adc.o
 .debug_aranges
                0x00000500      0x168 build/stm32f3xx_hal_adc_ex.o
 .debug_aranges
                0x00000668       0xe0 build/stm32f3xx_hal.o
 .debug_aranges
                0x00000748       0x88 build/stm32f3xx_hal_rcc.o
 .debug_aranges
                0x000007d0       0x38 build/stm32f3xx_hal_rcc_ex.o
 .debug_aranges
                0x00000808       0x58 build/stm32f3xx_hal_gpio.o
 .debug_aranges
                0x00000860       0x88 build/stm32f3xx_hal_dma.o
 .debug_aranges
                0x000008e8       0xa8 build/stm32f3xx_hal_cortex.o
 .debug_aranges
                0x00000990       0x78 build/stm32f3xx_hal_pwr.o
 .debug_aranges
                0x00000a08       0x88 build/stm32f3xx_hal_flash.o
 .debug_aranges
                0x00000a90       0x98 build/stm32f3xx_hal_flash_ex.o
 .debug_aranges
                0x00000b28      0x1d8 build/stm32f3xx_hal_spi.o
 .debug_aranges
                0x00000d00      0x3e0 build/stm32f3xx_hal_tim.o
 .debug_aranges
                0x000010e0      0x178 build/stm32f3xx_hal_tim_ex.o
 .debug_aranges
                0x00001258      0x228 build/stm32f3xx_hal_uart.o
 .debug_aranges
                0x00001480       0x68 build/stm32f3xx_hal_uart_ex.o
 .debug_aranges
                0x000014e8       0xe0 build/stm32f3xx_hal_rtc.o
 .debug_aranges
                0x000015c8      0x130 build/stm32f3xx_hal_rtc_ex.o
 .debug_aranges
                0x000016f8       0x28 build/system_stm32f3xx.o
 .debug_aranges
                0x00001720      0x280 build/startup_stm32f303xc.o

.debug_ranges   0x00000000     0x1908
 .debug_ranges  0x00000000       0x78 build/main.o
 .debug_ranges  0x00000078       0x98 build/stm32f3xx_it.o
 .debug_ranges  0x00000110       0x78 build/stm32f3xx_hal_msp.o
 .debug_ranges  0x00000188       0x18 build/buzzer.o
 .debug_ranges  0x000001a0       0x58 build/debug.o
 .debug_ranges  0x000001f8       0x38 build/device.o
 .debug_ranges  0x00000230       0x50 build/dht11.o
 .debug_ranges  0x00000280       0x38 build/lidar.o
 .debug_ranges  0x000002b8       0xa0 build/lte.o
 .debug_ranges  0x00000358       0x60 build/os.o
 .debug_ranges  0x000003b8       0x10 build/uart.o
 .debug_ranges  0x000003c8       0x68 build/nvram.o
 .debug_ranges  0x00000430       0x18 build/rtc.o
 .debug_ranges  0x00000448       0xb8 build/stm32f3xx_hal_adc.o
 .debug_ranges  0x00000500      0x158 build/stm32f3xx_hal_adc_ex.o
 .debug_ranges  0x00000658       0xd0 build/stm32f3xx_hal.o
 .debug_ranges  0x00000728       0x98 build/stm32f3xx_hal_rcc.o
 .debug_ranges  0x000007c0       0x28 build/stm32f3xx_hal_rcc_ex.o
 .debug_ranges  0x000007e8       0x48 build/stm32f3xx_hal_gpio.o
 .debug_ranges  0x00000830       0x78 build/stm32f3xx_hal_dma.o
 .debug_ranges  0x000008a8       0xf8 build/stm32f3xx_hal_cortex.o
 .debug_ranges  0x000009a0       0x68 build/stm32f3xx_hal_pwr.o
 .debug_ranges  0x00000a08       0x78 build/stm32f3xx_hal_flash.o
 .debug_ranges  0x00000a80       0x88 build/stm32f3xx_hal_flash_ex.o
 .debug_ranges  0x00000b08      0x1c8 build/stm32f3xx_hal_spi.o
 .debug_ranges  0x00000cd0      0x3d0 build/stm32f3xx_hal_tim.o
 .debug_ranges  0x000010a0      0x168 build/stm32f3xx_hal_tim_ex.o
 .debug_ranges  0x00001208      0x230 build/stm32f3xx_hal_uart.o
 .debug_ranges  0x00001438       0x58 build/stm32f3xx_hal_uart_ex.o
 .debug_ranges  0x00001490       0xd0 build/stm32f3xx_hal_rtc.o
 .debug_ranges  0x00001560      0x120 build/stm32f3xx_hal_rtc_ex.o
 .debug_ranges  0x00001680       0x18 build/system_stm32f3xx.o
 .debug_ranges  0x00001698      0x270 build/startup_stm32f303xc.o

.debug_line     0x00000000    0x1e7a4
 .debug_line    0x00000000      0xa15 build/main.o
 .debug_line    0x00000a15      0x455 build/stm32f3xx_it.o
 .debug_line    0x00000e6a      0x769 build/stm32f3xx_hal_msp.o
 .debug_line    0x000015d3      0x1d2 build/buzzer.o
 .debug_line    0x000017a5      0x5c7 build/debug.o
 .debug_line    0x00001d6c      0x72e build/device.o
 .debug_line    0x0000249a      0x49a build/dht11.o
 .debug_line    0x00002934      0x292 build/lidar.o
 .debug_line    0x00002bc6     0x1296 build/lte.o
 .debug_line    0x00003e5c      0x45a build/os.o
 .debug_line    0x000042b6      0x1fa build/uart.o
 .debug_line    0x000044b0      0x553 build/nvram.o
 .debug_line    0x00004a03      0x340 build/rtc.o
 .debug_line    0x00004d43      0x404 build/stm32f3xx_hal_adc.o
 .debug_line    0x00005147     0x29d6 build/stm32f3xx_hal_adc_ex.o
 .debug_line    0x00007b1d      0x4ec build/stm32f3xx_hal.o
 .debug_line    0x00008009     0x1187 build/stm32f3xx_hal_rcc.o
 .debug_line    0x00009190      0xacc build/stm32f3xx_hal_rcc_ex.o
 .debug_line    0x00009c5c      0x63a build/stm32f3xx_hal_gpio.o
 .debug_line    0x0000a296      0x9bc build/stm32f3xx_hal_dma.o
 .debug_line    0x0000ac52      0x711 build/stm32f3xx_hal_cortex.o
 .debug_line    0x0000b363      0x2dd build/stm32f3xx_hal_pwr.o
 .debug_line    0x0000b640      0x695 build/stm32f3xx_hal_flash.o
 .debug_line    0x0000bcd5      0x94a build/stm32f3xx_hal_flash_ex.o
 .debug_line    0x0000c61f     0x2922 build/stm32f3xx_hal_spi.o
 .debug_line    0x0000ef41     0x5184 build/stm32f3xx_hal_tim.o
 .debug_line    0x000140c5     0x1d62 build/stm32f3xx_hal_tim_ex.o
 .debug_line    0x00015e27     0x5037 build/stm32f3xx_hal_uart.o
 .debug_line    0x0001ae5e      0x97d build/stm32f3xx_hal_uart_ex.o
 .debug_line    0x0001b7db     0x1082 build/stm32f3xx_hal_rtc.o
 .debug_line    0x0001c85d     0x1565 build/stm32f3xx_hal_rtc_ex.o
 .debug_line    0x0001ddc2      0x20f build/system_stm32f3xx.o
 .debug_line    0x0001dfd1      0x7d3 build/startup_stm32f303xc.o

.debug_str      0x00000000     0x71bd
 .debug_str     0x00000000     0x18a5 build/main.o
                               0x1a6a (size before relaxing)
 .debug_str     0x000018a5      0x215 build/stm32f3xx_it.o
                                0xee9 (size before relaxing)
 .debug_str     0x00001aba      0x17f build/stm32f3xx_hal_msp.o
                               0x153d (size before relaxing)
 .debug_str     0x00001c39       0x3b build/buzzer.o
                                0x705 (size before relaxing)
 .debug_str     0x00001c74      0x1a4 build/debug.o
                                0x9f1 (size before relaxing)
 .debug_str     0x00001e18      0x30e build/device.o
                                0xf58 (size before relaxing)
 .debug_str     0x00002126       0xd9 build/dht11.o
                                0x35c (size before relaxing)
 .debug_str     0x000021ff       0x9c build/lidar.o
                                0x6be (size before relaxing)
 .debug_str     0x0000229b      0x20a build/lte.o
                                0xbf1 (size before relaxing)
 .debug_str     0x000024a5      0x30a build/os.o
                                0xa80 (size before relaxing)
 .debug_str     0x000027af       0x52 build/uart.o
                                0x643 (size before relaxing)
 .debug_str     0x00002801       0xf7 build/nvram.o
                                0x40b (size before relaxing)
 .debug_str     0x000028f8       0xc8 build/rtc.o
                                0x5df (size before relaxing)
 .debug_str     0x000029c0      0x1d0 build/stm32f3xx_hal_adc.o
                                0x8a8 (size before relaxing)
 .debug_str     0x00002b90      0x652 build/stm32f3xx_hal_adc_ex.o
                                0xeee (size before relaxing)
 .debug_str     0x000031e2      0x2bf build/stm32f3xx_hal.o
                                0x991 (size before relaxing)
 .debug_str     0x000034a1      0x1e8 build/stm32f3xx_hal_rcc.o
                                0x663 (size before relaxing)
 .debug_str     0x00003689       0xc5 build/stm32f3xx_hal_rcc_ex.o
                                0x51f (size before relaxing)
 .debug_str     0x0000374e      0x101 build/stm32f3xx_hal_gpio.o
                                0x416 (size before relaxing)
 .debug_str     0x0000384f      0x1f7 build/stm32f3xx_hal_dma.o
                                0x603 (size before relaxing)
 .debug_str     0x00003a46      0x3f9 build/stm32f3xx_hal_cortex.o
                                0xb4b (size before relaxing)
 .debug_str     0x00003e3f      0x167 build/stm32f3xx_hal_pwr.o
                                0x3c4 (size before relaxing)
 .debug_str     0x00003fa6      0x250 build/stm32f3xx_hal_flash.o
                                0x508 (size before relaxing)
 .debug_str     0x000041f6      0x268 build/stm32f3xx_hal_flash_ex.o
                                0x630 (size before relaxing)
 .debug_str     0x0000445e      0x560 build/stm32f3xx_hal_spi.o
                                0xbc8 (size before relaxing)
 .debug_str     0x000049be      0xdc1 build/stm32f3xx_hal_tim.o
                               0x16ac (size before relaxing)
 .debug_str     0x0000577f      0x56a build/stm32f3xx_hal_tim_ex.o