Archive member included to satisfy reference by file (symbol)

d:/3.tools/arm_gcc_toolchain/bin/../lib/gcc/arm-none-eabi/10.3.1/../../../../arm-none-eabi/lib/thumb/v7e-m+fp/hard\libc_nano.a(lib_a-exit.o)
                              d:/3.tools/arm_gcc_toolchain/bin/../lib/gcc/arm-none-eabi/10.3.1/../../../../arm-none-eabi/lib/thumb/v7e-m+fp/hard/crt0.o (exit)
d:/3.tools/arm_gcc_toolchain/bin/../lib/gcc/arm-none-eabi/10.3.1/../../../../arm-none-eabi/lib/thumb/v7e-m+fp/hard\libc_nano.a(lib_a-impure.o)
                              d:/3.tools/arm_gcc_toolchain/bin/../lib/gcc/arm-none-eabi/10.3.1/../../../../arm-none-eabi/lib/thumb/v7e-m+fp/hard\libc_nano.a(lib_a-exit.o) (_global_impure_ptr)
d:/3.tools/arm_gcc_toolchain/bin/../lib/gcc/arm-none-eabi/10.3.1/../../../../arm-none-eabi/lib/thumb/v7e-m+fp/hard\libc_nano.a(lib_a-init.o)
                              d:/3.tools/arm_gcc_toolchain/bin/../lib/gcc/arm-none-eabi/10.3.1/../../../../arm-none-eabi/lib/thumb/v7e-m+fp/hard/crt0.o (__libc_init_array)
d:/3.tools/arm_gcc_toolchain/bin/../lib/gcc/arm-none-eabi/10.3.1/../../../../arm-none-eabi/lib/thumb/v7e-m+fp/hard\libc_nano.a(lib_a-memcpy-stub.o)
                              build/lte.o (memcpy)
d:/3.tools/arm_gcc_toolchain/bin/../lib/gcc/arm-none-eabi/10.3.1/../../../../arm-none-eabi/lib/thumb/v7e-m+fp/hard\libc_nano.a(lib_a-memset.o)
                              d:/3.tools/arm_gcc_toolchain/bin/../lib/gcc/arm-none-eabi/10.3.1/../../../../arm-none-eabi/lib/thumb/v7e-m+fp/hard/crt0.o (memset)
d:/3.tools/arm_gcc_toolchain/bin/../lib/gcc/arm-none-eabi/10.3.1/../../../../arm-none-eabi/lib/thumb/v7e-m+fp/hard\libc_nano.a(lib_a-sprintf.o)
                              build/lte.o (sprintf)
d:/3.tools/arm_gcc_toolchain/bin/../lib/gcc/arm-none-eabi/10.3.1/../../../../arm-none-eabi/lib/thumb/v7e-m+fp/hard\libc_nano.a(lib_a-sscanf.o)
                              build/nvram.o (sscanf)
d:/3.tools/arm_gcc_toolchain/bin/../lib/gcc/arm-none-eabi/10.3.1/../../../../arm-none-eabi/lib/thumb/v7e-m+fp/hard\libc_nano.a(lib_a-stdio.o)
                              d:/3.tools/arm_gcc_toolchain/bin/../lib/gcc/arm-none-eabi/10.3.1/../../../../arm-none-eabi/lib/thumb/v7e-m+fp/hard\libc_nano.a(lib_a-sscanf.o) (__seofread)
d:/3.tools/arm_gcc_toolchain/bin/../lib/gcc/arm-none-eabi/10.3.1/../../../../arm-none-eabi/lib/thumb/v7e-m+fp/hard\libc_nano.a(lib_a-strlen.o)
                              build/debug.o (strlen)
d:/3.tools/arm_gcc_toolchain/bin/../lib/gcc/arm-none-eabi/10.3.1/../../../../arm-none-eabi/lib/thumb/v7e-m+fp/hard\libc_nano.a(lib_a-writer.o)
                              d:/3.tools/arm_gcc_toolchain/bin/../lib/gcc/arm-none-eabi/10.3.1/../../../../arm-none-eabi/lib/thumb/v7e-m+fp/hard\libc_nano.a(lib_a-stdio.o) (_write_r)
d:/3.tools/arm_gcc_toolchain/bin/../lib/gcc/arm-none-eabi/10.3.1/../../../../arm-none-eabi/lib/thumb/v7e-m+fp/hard\libc_nano.a(lib_a-closer.o)
                              d:/3.tools/arm_gcc_toolchain/bin/../lib/gcc/arm-none-eabi/10.3.1/../../../../arm-none-eabi/lib/thumb/v7e-m+fp/hard\libc_nano.a(lib_a-stdio.o) (_close_r)
d:/3.tools/arm_gcc_toolchain/bin/../lib/gcc/arm-none-eabi/10.3.1/../../../../arm-none-eabi/lib/thumb/v7e-m+fp/hard\libc_nano.a(lib_a-lseekr.o)
                              d:/3.tools/arm_gcc_toolchain/bin/../lib/gcc/arm-none-eabi/10.3.1/../../../../arm-none-eabi/lib/thumb/v7e-m+fp/hard\libc_nano.a(lib_a-stdio.o) (_lseek_r)
d:/3.tools/arm_gcc_toolchain/bin/../lib/gcc/arm-none-eabi/10.3.1/../../../../arm-none-eabi/lib/thumb/v7e-m+fp/hard\libc_nano.a(lib_a-nano-svfprintf.o)
                              d:/3.tools/arm_gcc_toolchain/bin/../lib/gcc/arm-none-eabi/10.3.1/../../../../arm-none-eabi/lib/thumb/v7e-m+fp/hard\libc_nano.a(lib_a-sprintf.o) (_svfprintf_r)
d:/3.tools/arm_gcc_toolchain/bin/../lib/gcc/arm-none-eabi/10.3.1/../../../../arm-none-eabi/lib/thumb/v7e-m+fp/hard\libc_nano.a(lib_a-nano-svfscanf.o)
                              d:/3.tools/arm_gcc_toolchain/bin/../lib/gcc/arm-none-eabi/10.3.1/../../../../arm-none-eabi/lib/thumb/v7e-m+fp/hard\libc_nano.a(lib_a-sscanf.o) (__ssvfscanf_r)
d:/3.tools/arm_gcc_toolchain/bin/../lib/gcc/arm-none-eabi/10.3.1/../../../../arm-none-eabi/lib/thumb/v7e-m+fp/hard\libc_nano.a(lib_a-nano-vfprintf_i.o)
                              d:/3.tools/arm_gcc_toolchain/bin/../lib/gcc/arm-none-eabi/10.3.1/../../../../arm-none-eabi/lib/thumb/v7e-m+fp/hard\libc_nano.a(lib_a-nano-svfprintf.o) (_printf_i)
d:/3.tools/arm_gcc_toolchain/bin/../lib/gcc/arm-none-eabi/10.3.1/../../../../arm-none-eabi/lib/thumb/v7e-m+fp/hard\libc_nano.a(lib_a-nano-vfscanf_i.o)
                              d:/3.tools/arm_gcc_toolchain/bin/../lib/gcc/arm-none-eabi/10.3.1/../../../../arm-none-eabi/lib/thumb/v7e-m+fp/hard\libc_nano.a(lib_a-nano-svfscanf.o) (_scanf_chars)
d:/3.tools/arm_gcc_toolchain/bin/../lib/gcc/arm-none-eabi/10.3.1/../../../../arm-none-eabi/lib/thumb/v7e-m+fp/hard\libc_nano.a(lib_a-readr.o)
[...]
Memory Configuration

Name             Origin             Length             Attributes
RAM              0x20000000         0x0000a000         xrw
CCMRAM           0x10000000         0x00002000         xrw
FLASH            0x08000000         0x00040000         xr
*default*        0x00000000         0xffffffff

Linker script and memory map

LOAD d:/3.tools/arm_gcc_toolchain/bin/../lib/gcc/arm-none-eabi/10.3.1/thumb/v7e-m+fp/hard/crti.o
LOAD d:/3.tools/arm_gcc_toolchain/bin/../lib/gcc/arm-none-eabi/10.3.1/thumb/v7e-m+fp/hard/crtbegin.o
LOAD d:/3.tools/arm_gcc_toolchain/bin/../lib/gcc/arm-none-eabi/10.3.1/../../../../arm-none-eabi/lib/thumb/v7e-m+fp/hard/crt0.o
LOAD build/main.o
LOAD build/stm32f3xx_it.o
LOAD build/stm32f3xx_hal_msp.o
LOAD build/buzzer.o
LOAD build/debug.o
LOAD build/device.o
LOAD build/dht11.o
LOAD build/lidar.o
LOAD build/lte.o
LOAD build/os.o
LOAD build/uart.o
LOAD build/nvram.o
LOAD build/rtc.o
LOAD build/stm32f3xx_hal_adc.o
LOAD build/stm32f3xx_hal_adc_ex.o
LOAD build/stm32f3xx_hal.o
LOAD build/stm32f3xx_hal_rcc.o
LOAD build/stm32f3xx_hal_rcc_ex.o
LOAD build/stm32f3xx_hal_gpio.o
LOAD build/stm32f3xx_hal_dma.o
LOAD build/stm32f3xx_hal_cortex.o
LOAD build/stm32f3xx_hal_pwr.o
LOAD build/stm32f3xx_hal_pwr_ex.o
LOAD build/stm32f3xx_hal_flash.o
LOAD build/stm32f3xx_hal_flash_ex.o
LOAD build/stm32f3xx_hal_i2c.o
LOAD build/stm32f3xx_hal_i2c_ex.o
LOAD build/stm32f3xx_hal_exti.o
LOAD build/stm32f3xx_hal_spi.o
LOAD build/stm32f3xx_hal_spi_ex.o
LOAD build/stm32f3xx_hal_tim.o
LOAD build/stm32f3xx_hal_tim_ex.o
LOAD build/stm32f3xx_hal_uart.o
LOAD build/stm32f3xx_hal_uart_ex.o
LOAD build/stm32f3xx_hal_rtc.o
LOAD build/stm32f3xx_hal_rtc_ex.o
LOAD build/system_stm32f3xx.o
LOAD build/startup_stm32f303xc.o
LOAD d:/3.tools/arm_gcc_toolchain/bin/../lib/gcc/arm-none-eabi/10.3.1/../../../../arm-none-eabi/lib/thumb/v7e-m+fp/hard\libc_nano.a
LOAD d:/3.tools/arm_gcc_toolchain/bin/../lib/gcc/arm-none-eabi/10.3.1/../../../../arm-none-eabi/lib/thumb/v7e-m+fp/hard\libm.a
LOAD d:/3.tools/arm_gcc_toolchain/bin/../lib/gcc/arm-none-eabi/10.3.1/../../../../arm-none-eabi/lib/thumb/v7e-m+fp/hard\libnosys.a
START GROUP
LOAD d:/3.tools/arm_gcc_toolchain/bin/../lib/gcc/arm-none-eabi/10.3.1/thumb/v7e-m+fp/hard\libgcc.a
LOAD d:/3.tools/arm_gcc_toolchain/bin/../lib/gcc/arm-none-eabi/10.3.1/../../../../arm-none-eabi/lib/thumb/v7e-m+fp/hard\libc_nano.a
END GROUP
START GROUP
LOAD d:/3.tools/arm_gcc_toolchain/bin/../lib/gcc/arm-none-eabi/10.3.1/thumb/v7e-m+fp/hard\libgcc.a
LOAD d:/3.tools/arm_gcc_toolchain/bin/../lib/gcc/arm-none-eabi/10.3.1/../../../../arm-none-eabi/lib/thumb/v7e-m+fp/hard\libc_nano.a
END GROUP
LOAD d:/3.tools/arm_gcc_toolchain/bin/../lib/gcc/arm-none-eabi/10.3.1/thumb/v7e-m+fp/hard/crtend.o
LOAD d:/3.tools/arm_gcc_toolchain/bin/../lib/gcc/arm-none-eabi/10.3.1/thumb/v7e-m+fp/hard/crtn.o
                0x2000a000                _estack = (ORIGIN (RAM) + LENGTH (RAM))
                0x00000200                _Min_Heap_Size = 0x200
                0x00000400                _Min_Stack_Size = 0x400

.isr_vector     0x08000000      0x188
                0x08000000                . = ALIGN (0x4)
 *(.isr_vector)
 .isr_vector    0x08000000      0x188 build/startup_stm32f303xc.o
                0x08000000                VectorTable
                0x08000188                . = ALIGN (0x4)

.text           0x08000190     0x6678
                0x08000190                . = ALIGN (0x4)
 *(.text)
 .text          0x08000190       0x40 d:/3.tools/arm_gcc_toolchain/bin/../lib/gcc/arm-none-eabi/10.3.1/thumb/v7e-m+fp/hard/crtbegin.o
 .text          0x080001d0       0x10 d:/3.tools/arm_gcc_toolchain/bin/../lib/gcc/arm-none-eabi/10.3.1/../../../../arm-none-eabi/lib/thumb/v7e-m+fp/hard\libc_nano.a(lib_a-strlen.o)
                0x080001d0                strlen
 .text          0x080001e0       0xa0 d:/3.tools/arm_gcc_toolchain/bin/../lib/gcc/arm-none-eabi/10.3.1/../../../../arm-none-eabi/lib/thumb/v7e-m+fp/hard\libc_nano.a(lib_a-memchr.o)
                0x080001e0                memchr
 *(.text*)
 .text.MX_GPIO_Init
                0x08000280       0xf0 build/main.o
 .text.MX_DMA_Init
                0x08000370       0x54 build/main.o
 .text.Error_Handler
                0x080003c4        0x4 build/main.o
                0x080003c4                Error_Handler
 .text.MX_ADC2_Init
                0x080003c8       0x74 build/main.o
 .text.MX_SPI2_Init
                0x0800043c       0x48 build/main.o
 .text.MX_USART1_UART_Init
                0x08000484       0x38 build/main.o
 .text.MX_USART2_UART_Init
                0x080004bc       0x38 build/main.o
 .text.MX_USART3_UART_Init
                0x080004f4       0x38 build/main.o
 .text.MX_TIM3_Init
                0x0800052c       0x80 build/main.o
 .text.MX_RTC_Init
                0x080005ac       0x8c build/main.o
 .text.MX_TIM16_Init
                0x08000638       0x30 build/main.o
 .text.MX_TIM17_Init
                0x08000668       0x30 build/main.o
 .text.SystemClock_Config
                0x08000698       0x9c build/main.o
                0x08000698                SystemClock_Config
 .text.main     0x08000734       0x5c build/main.o
                0x08000734                main
 .text.NMI_Handler
                0x08000790        0x8 build/stm32f3xx_it.o
                0x08000790                NMI_Handler
 .text.HardFault_Handler
                0x08000798        0x8 build/stm32f3xx_it.o
                0x08000798                HardFault_Handler
 .text.MemManage_Handler
                0x080007a0        0x8 build/stm32f3xx_it.o
                0x080007a0                MemManage_Handler
 .text.BusFault_Handler
                0x080007a8        0x8 build/stm32f3xx_it.o
                0x080007a8                BusFault_Handler
 .text.UsageFault_Handler
                0x080007b0        0x8 build/stm32f3xx_it.o
                0x080007b0                UsageFault_Handler
 .text.SVC_Handler
                0x080007b8        0x8 build/stm32f3xx_it.o
                0x080007b8                SVC_Handler
 .text.DebugMon_Handler
                0x080007c0        0x8 build/stm32f3xx_it.o
                0x080007c0                DebugMon_Handler
 .text.PendSV_Handler
                0x080007c8        0x8 build/stm32f3xx_it.o
                0x080007c8                PendSV_Handler
 .text.SysTick_Handler
                0x080007d0        0x8 build/stm32f3xx_it.o
                0x080007d0                SysTick_Handler
 .text.DMA1_Channel6_IRQHandler
                0x080007d8       0x10 build/stm32f3xx_it.o
                0x080007d8                DMA1_Channel6_IRQHandler
 .text.ADC1_2_IRQHandler
                0x080007e8       0x10 build/stm32f3xx_it.o
                0x080007e8                ADC1_2_IRQHandler
 .text.EXTI9_5_IRQHandler
                0x080007f8        0xa build/stm32f3xx_it.o
                0x080007f8                EXTI9_5_IRQHandler
 *fill*         0x08000802        0x2 
 .text.TIM1_UP_TIM16_IRQHandler
                0x08000804       0x10 build/stm32f3xx_it.o
                0x08000804                TIM1_UP_TIM16_IRQHandler
 .text.TIM1_TRG_COM_TIM17_IRQHandler
                0x08000814       0x10 build/stm32f3xx_it.o
                0x08000814                TIM1_TRG_COM_TIM17_IRQHandler
 .text.USART1_IRQHandler
                0x08000824       0x10 build/stm32f3xx_it.o
                0x08000824                USART1_IRQHandler
 .text.USART3_IRQHandler
                0x08000834       0x10 build/stm32f3xx_it.o
                0x08000834                USART3_IRQHandler
 .text.DMA2_Channel1_IRQHandler
                0x08000844       0x10 build/stm32f3xx_it.o
                0x08000844                DMA2_Channel1_IRQHandler
 .text.HAL_MspInit
                0x08000854       0x30 build/stm32f3xx_hal_msp.o
                0x08000854                HAL_MspInit
 .text.HAL_ADC_MspInit
                0x08000884       0xac build/stm32f3xx_hal_msp.o
                0x08000884                HAL_ADC_MspInit
 .text.HAL_RTC_MspInit
                0x08000930       0x2c build/stm32f3xx_hal_msp.o
                0x08000930                HAL_RTC_MspInit
 .text.HAL_SPI_MspInit
                0x0800095c       0x6c build/stm32f3xx_hal_msp.o
                0x0800095c                HAL_SPI_MspInit
 .text.HAL_TIM_PWM_MspInit
                0x080009c8       0x2c build/stm32f3xx_hal_msp.o
                0x080009c8                HAL_TIM_PWM_MspInit
 .text.HAL_TIM_Base_MspInit
                0x080009f4       0x70 build/stm32f3xx_hal_msp.o
                0x080009f4                HAL_TIM_Base_MspInit
 .text.HAL_TIM_MspPostInit
                0x08000a64       0x50 build/stm32f3xx_hal_msp.o
                0x08000a64                HAL_TIM_MspPostInit
 .text.HAL_UART_MspInit
                0x08000ab4      0x160 build/stm32f3xx_hal_msp.o
                0x08000ab4                HAL_UART_MspInit
 .text.Buzzer_Act
                0x08000c14       0x24 build/buzzer.o
 .text.Buzzer_Init
                0x08000c38       0x2c build/buzzer.o
                0x08000c38                Buzzer_Init
 .text.Debug_Message_Transmit
                0x08000c64       0x1c build/debug.o
                0x08000c64                Debug_Message_Transmit
 .text.Debug_Init
                0x08000c80       0x28 build/debug.o
                0x08000c80                Debug_Init
 .text.Test_Debug
                0x08000ca8       0x3c build/debug.o
                0x08000ca8                Test_Debug
 .text.__NVIC_SystemReset
                0x08000ce4       0x24 build/device.o
 .text.Device_Init
                0x08000d08       0x20 build/device.o
                0x08000d08                Device_Init
 .text.Device_Reset_Init
                0x08000d28      0x188 build/device.o
                0x08000d28                Device_Reset_Init
 .text.Device_Battery_Voltage_Read
                0x08000eb0       0x68 build/device.o
                0x08000eb0                Device_Battery_Voltage_Read
 .text.Device_Detect_SensorSignal
                0x08000f18       0x6c build/device.o
                0x08000f18                Device_Detect_SensorSignal
 .text.HAL_GPIO_EXTI_Callback
                0x08000f84       0x20 build/device.o
                0x08000f84                HAL_GPIO_EXTI_Callback
 .text.DHT11_ModeSelection
                0x08000fa4       0x4e build/dht11.o
 *fill*         0x08000ff2        0x2 
 .text.DHT11_Init
                0x08000ff4       0x14 build/dht11.o
                0x08000ff4                DHT11_Init
 .text.DHT_getData
                0x08001008      0x268 build/dht11.o
                0x08001008                DHT_getData
 .text.Lidar_Checksum
                0x08001270       0x2c build/lidar.o
 .text.Lidar_Init
                0x0800129c       0x2c build/lidar.o
                0x0800129c                Lidar_Init
 .text.Lidar_Receive_Data
                0x080012c8       0x44 build/lidar.o
                0x080012c8                Lidar_Receive_Data
 .text.LTE_Transmit
                0x0800130c       0x30 build/lte.o
                0x0800130c                LTE_Transmit
 .text.LTE_OK_Check
                0x0800133c       0x78 build/lte.o
                0x0800133c                LTE_OK_Check
 .text.LTE_Delay
                0x080013b4       0x2c build/lte.o
                0x080013b4                LTE_Delay
 .text.LTE_Receive_Check
                0x080013e0       0x30 build/lte.o
                0x080013e0                LTE_Receive_Check
 .text.LTE_MQTT_Convert_Buffer
                0x08001410      0x14c build/lte.o
                0x08001410                LTE_MQTT_Convert_Buffer
 .text.LTE_Init
                0x0800155c       0x4c build/lte.o
                0x0800155c                LTE_Init
 .text.LTE_Connect
                0x080015a8      0x6b8 build/lte.o
                0x080015a8                LTE_Connect
 .text.Os_Time_Handler
                0x08001c60       0x10 build/os.o
 .text.Os_Get_Tick_100us
                0x08001c70        0xc build/os.o
 .text.Os_Calc_Period
                0x08001c7c       0x40 build/os.o
 .text.Os_Calc_Runtime_Start
                0x08001cbc       0x24 build/os.o
 .text.Os_Calc_Runtime_Stop
                0x08001ce0       0x40 build/os.o
 .text.Os_100ms_Task
                0x08001d20       0x34 build/os.o
 .text.Os_10ms_Task
                0x08001d54        0xc build/os.o
 .text.Os_Handler_10ms
                0x08001d60       0x58 build/os.o
 .text.Os_Init_Task
                0x08001db8       0x28 build/os.o
                0x08001db8                Os_Init_Task
 .text.Os_Handler
                0x08001de0       0x44 build/os.o
                0x08001de0                Os_Handler
 .text.HAL_TIM_PeriodElapsedCallback
                0x08001e24       0x2c build/os.o
                0x08001e24                HAL_TIM_PeriodElapsedCallback
 .text.HAL_UART_RxCpltCallback
                0x08001e50       0x84 build/uart.o
                0x08001e50                HAL_UART_RxCpltCallback
 .text.NVRam_Read
                0x08001ed4       0xbc build/nvram.o
                0x08001ed4                NVRam_Read
 .text.NVRam_Write
                0x08001f90       0x44 build/nvram.o
                0x08001f90                NVRam_Write
 .text.NVRam_Init
                0x08001fd4       0x84 build/nvram.o
                0x08001fd4                NVRam_Init
 .text.RTC_Init
                0x08002058        0x2 build/rtc.o
                0x08002058                RTC_Init
 *fill*         0x0800205a        0x2 
 .text.RTC_Measure_Time
                0x0800205c       0x48 build/rtc.o
                0x0800205c                RTC_Measure_Time
 .text.HAL_ADC_ConvCpltCallback
                0x080020a4        0x2 build/stm32f3xx_hal_adc.o
                0x080020a4                HAL_ADC_ConvCpltCallback
 .text.HAL_ADC_ConvHalfCpltCallback
                0x080020a6        0x2 build/stm32f3xx_hal_adc.o
                0x080020a6                HAL_ADC_ConvHalfCpltCallback
 .text.HAL_ADC_LevelOutOfWindowCallback
                0x080020a8        0x2 build/stm32f3xx_hal_adc.o
                0x080020a8                HAL_ADC_LevelOutOfWindowCallback
 .text.HAL_ADC_ErrorCallback
                0x080020aa        0x2 build/stm32f3xx_hal_adc.o
                0x080020aa                HAL_ADC_ErrorCallback
 .text.ADC_Disable
                0x080020ac       0x88 build/stm32f3xx_hal_adc_ex.o
 .text.ADC_Enable
                0x08002134       0x80 build/stm32f3xx_hal_adc_ex.o
 .text.ADC_DMAError
                0x080021b4       0x1a build/stm32f3xx_hal_adc_ex.o
 .text.ADC_DMAHalfConvCplt
                0x080021ce        0xa build/stm32f3xx_hal_adc_ex.o
 .text.ADC_DMAConvCplt
                0x080021d8       0x4a build/stm32f3xx_hal_adc_ex.o
 *fill*         0x08002222        0x2 
 .text.HAL_ADC_Init
                0x08002224      0x290 build/stm32f3xx_hal_adc_ex.o
                0x08002224                HAL_ADC_Init
 .text.HAL_ADC_Start_DMA
                0x080024b4      0x184 build/stm32f3xx_hal_adc_ex.o
                0x080024b4                HAL_ADC_Start_DMA
 .text.HAL_ADCEx_InjectedConvCpltCallback
                0x08002638        0x2 build/stm32f3xx_hal_adc_ex.o
                0x08002638                HAL_ADCEx_InjectedConvCpltCallback
 .text.HAL_ADCEx_InjectedQueueOverflowCallback
                0x0800263a        0x2 build/stm32f3xx_hal_adc_ex.o
                0x0800263a                HAL_ADCEx_InjectedQueueOverflowCallback
 .text.HAL_ADCEx_LevelOutOfWindow2Callback
                0x0800263c        0x2 build/stm32f3xx_hal_adc_ex.o
                0x0800263c                HAL_ADCEx_LevelOutOfWindow2Callback
 .text.HAL_ADCEx_LevelOutOfWindow3Callback
                0x0800263e        0x2 build/stm32f3xx_hal_adc_ex.o
                0x0800263e                HAL_ADCEx_LevelOutOfWindow3Callback
 .text.HAL_ADC_IRQHandler
                0x08002640      0x420 build/stm32f3xx_hal_adc_ex.o
                0x08002640                HAL_ADC_IRQHandler
 .text.HAL_ADC_ConfigChannel
                0x08002a60      0x3bc build/stm32f3xx_hal_adc_ex.o
                0x08002a60                HAL_ADC_ConfigChannel
 .text.HAL_InitTick
                0x08002e1c       0x4c build/stm32f3xx_hal.o
                0x08002e1c                HAL_InitTick
 .text.HAL_Init
                0x08002e68       0x24 build/stm32f3xx_hal.o
                0x08002e68                HAL_Init
 .text.HAL_IncTick
                0x08002e8c       0x18 build/stm32f3xx_hal.o
                0x08002e8c                HAL_IncTick
 .text.HAL_GetTick
                0x08002ea4        0xc build/stm32f3xx_hal.o
                0x08002ea4                HAL_GetTick
 .text.HAL_Delay
                0x08002eb0       0x28 build/stm32f3xx_hal.o
                0x08002eb0                HAL_Delay
 .text.HAL_RCC_OscConfig
                0x08002ed8      0x634 build/stm32f3xx_hal_rcc.o
                0x08002ed8                HAL_RCC_OscConfig
 .text.HAL_RCC_GetSysClockFreq
                0x0800350c       0x70 build/stm32f3xx_hal_rcc.o
                0x0800350c                HAL_RCC_GetSysClockFreq
 .text.HAL_RCC_ClockConfig
                0x0800357c      0x1a8 build/stm32f3xx_hal_rcc.o
                0x0800357c                HAL_RCC_ClockConfig
 .text.HAL_RCC_GetHCLKFreq
                0x08003724        0xc build/stm32f3xx_hal_rcc.o
                0x08003724                HAL_RCC_GetHCLKFreq
 .text.HAL_RCC_GetPCLK1Freq
                0x08003730       0x2c build/stm32f3xx_hal_rcc.o
                0x08003730                HAL_RCC_GetPCLK1Freq
 .text.HAL_RCC_GetPCLK2Freq
                0x0800375c       0x2c build/stm32f3xx_hal_rcc.o
                0x0800375c                HAL_RCC_GetPCLK2Freq
 .text.HAL_RCCEx_PeriphCLKConfig
                0x08003788      0x260 build/stm32f3xx_hal_rcc_ex.o
                0x08003788                HAL_RCCEx_PeriphCLKConfig
 .text.HAL_GPIO_Init
                0x080039e8      0x1c8 build/stm32f3xx_hal_gpio.o
                0x080039e8                HAL_GPIO_Init
 .text.HAL_GPIO_ReadPin
                0x08003bb0        0xe build/stm32f3xx_hal_gpio.o
                0x08003bb0                HAL_GPIO_ReadPin
 .text.HAL_GPIO_WritePin
                0x08003bbe        0xa build/stm32f3xx_hal_gpio.o
                0x08003bbe                HAL_GPIO_WritePin
 .text.HAL_GPIO_EXTI_IRQHandler
                0x08003bc8       0x1c build/stm32f3xx_hal_gpio.o
                0x08003bc8                HAL_GPIO_EXTI_IRQHandler
 .text.DMA_SetConfig
                0x08003be4       0x2c build/stm32f3xx_hal_dma.o
 .text.DMA_CalcBaseAndBitshift
                0x08003c10       0x4c build/stm32f3xx_hal_dma.o
 .text.HAL_DMA_Init
                0x08003c5c       0x50 build/stm32f3xx_hal_dma.o
                0x08003c5c                HAL_DMA_Init
 .text.HAL_DMA_Start_IT
                0x08003cac       0x74 build/stm32f3xx_hal_dma.o
                0x08003cac                HAL_DMA_Start_IT
 .text.HAL_DMA_Abort
                0x08003d20       0x44 build/stm32f3xx_hal_dma.o
                0x08003d20                HAL_DMA_Abort
 .text.HAL_DMA_Abort_IT
                0x08003d64       0x4a build/stm32f3xx_hal_dma.o
                0x08003d64                HAL_DMA_Abort_IT
 .text.HAL_DMA_IRQHandler
                0x08003dae       0xb4 build/stm32f3xx_hal_dma.o
                0x08003dae                HAL_DMA_IRQHandler
 *fill*         0x08003e62        0x2 
 .text.HAL_NVIC_SetPriorityGrouping
                0x08003e64       0x24 build/stm32f3xx_hal_cortex.o
                0x08003e64                HAL_NVIC_SetPriorityGrouping
 .text.HAL_NVIC_SetPriority
                0x08003e88       0x70 build/stm32f3xx_hal_cortex.o
                0x08003e88                HAL_NVIC_SetPriority
 .text.HAL_NVIC_EnableIRQ
                0x08003ef8       0x1c build/stm32f3xx_hal_cortex.o
                0x08003ef8                HAL_NVIC_EnableIRQ
 .text.HAL_NVIC_SystemReset
                0x08003f14       0x24 build/stm32f3xx_hal_cortex.o
                0x08003f14                HAL_NVIC_SystemReset
 .text.HAL_SYSTICK_Config
                0x08003f38       0x28 build/stm32f3xx_hal_cortex.o
                0x08003f38                HAL_SYSTICK_Config
 .text.FLASH_Program_HalfWord
                0x08003f60       0x1c build/stm32f3xx_hal_flash.o
 .text.FLASH_SetErrorCode
                0x08003f7c       0x3c build/stm32f3xx_hal_flash.o
 .text.HAL_FLASH_Unlock
                0x08003fb8       0x34 build/stm32f3xx_hal_flash.o
                0x08003fb8                HAL_FLASH_Unlock
 .text.HAL_FLASH_Lock
                0x08003fec       0x14 build/stm32f3xx_hal_flash.o
                0x08003fec                HAL_FLASH_Lock
 .text.FLASH_WaitForLastOperation
                0x08004000       0x60 build/stm32f3xx_hal_flash.o
                0x08004000                FLASH_WaitForLastOperation
 .text.HAL_FLASH_Program
                0x08004060       0xa0 build/stm32f3xx_hal_flash.o
                0x08004060                HAL_FLASH_Program
 .text.HAL_SPI_Init
                0x08004100       0xe8 build/stm32f3xx_hal_spi.o
                0x08004100                HAL_SPI_Init
 .text.TIM_OC1_SetConfig
                0x080041e8       0xa0 build/stm32f3xx_hal_tim.o
 .text.TIM_OC3_SetConfig
                0x08004288       0x8c build/stm32f3xx_hal_tim.o
 .text.TIM_OC4_SetConfig
                0x08004314       0x6c build/stm32f3xx_hal_tim.o
 .text.TIM_OC5_SetConfig
                0x08004380       0x68 build/stm32f3xx_hal_tim.o
 .text.TIM_OC6_SetConfig
                0x080043e8       0x6c build/stm32f3xx_hal_tim.o
 .text.HAL_TIM_Base_Start_IT
                0x08004454       0x84 build/stm32f3xx_hal_tim.o
                0x08004454                HAL_TIM_Base_Start_IT
 .text.HAL_TIM_OC_DelayElapsedCallback
                0x080044d8        0x2 build/stm32f3xx_hal_tim.o
                0x080044d8                HAL_TIM_OC_DelayElapsedCallback
 .text.HAL_TIM_IC_CaptureCallback
                0x080044da        0x2 build/stm32f3xx_hal_tim.o
                0x080044da                HAL_TIM_IC_CaptureCallback
 .text.HAL_TIM_PWM_PulseFinishedCallback
                0x080044dc        0x2 build/stm32f3xx_hal_tim.o
                0x080044dc                HAL_TIM_PWM_PulseFinishedCallback
 .text.HAL_TIM_TriggerCallback
                0x080044de        0x2 build/stm32f3xx_hal_tim.o
                0x080044de                HAL_TIM_TriggerCallback
 .text.HAL_TIM_IRQHandler
                0x080044e0      0x19a build/stm32f3xx_hal_tim.o
                0x080044e0                HAL_TIM_IRQHandler
 *fill*         0x0800467a        0x2 
 .text.TIM_Base_SetConfig
                0x0800467c       0xb8 build/stm32f3xx_hal_tim.o
                0x0800467c                TIM_Base_SetConfig
 .text.HAL_TIM_Base_Init
                0x08004734       0x60 build/stm32f3xx_hal_tim.o
                0x08004734                HAL_TIM_Base_Init
 .text.HAL_TIM_PWM_Init
                0x08004794       0x60 build/stm32f3xx_hal_tim.o
                0x08004794                HAL_TIM_PWM_Init
 .text.TIM_OC2_SetConfig
                0x080047f4       0x8c build/stm32f3xx_hal_tim.o
                0x080047f4                TIM_OC2_SetConfig
 .text.HAL_TIM_PWM_ConfigChannel
                0x08004880      0x13a build/stm32f3xx_hal_tim.o
                0x08004880                HAL_TIM_PWM_ConfigChannel
 .text.TIM_CCxChannelCmd
                0x080049ba       0x1e build/stm32f3xx_hal_tim.o
                0x080049ba                TIM_CCxChannelCmd
 .text.HAL_TIM_PWM_Start
                0x080049d8      0x158 build/stm32f3xx_hal_tim.o
                0x080049d8                HAL_TIM_PWM_Start
 .text.HAL_TIMEx_MasterConfigSynchronization
                0x08004b30       0x90 build/stm32f3xx_hal_tim_ex.o
                0x08004b30                HAL_TIMEx_MasterConfigSynchronization
 .text.HAL_TIMEx_CommutCallback
                0x08004bc0        0x2 build/stm32f3xx_hal_tim_ex.o
                0x08004bc0                HAL_TIMEx_CommutCallback
 .text.HAL_TIMEx_BreakCallback
                0x08004bc2        0x2 build/stm32f3xx_hal_tim_ex.o
                0x08004bc2                HAL_TIMEx_BreakCallback
 .text.HAL_TIMEx_Break2Callback
                0x08004bc4        0x2 build/stm32f3xx_hal_tim_ex.o
                0x08004bc4                HAL_TIMEx_Break2Callback
 .text.UART_EndTxTransfer
                0x08004bc6       0x18 build/stm32f3xx_hal_uart.o
 .text.UART_EndRxTransfer
                0x08004bde       0x50 build/stm32f3xx_hal_uart.o
 .text.HAL_UART_TxCpltCallback
                0x08004c2e        0x2 build/stm32f3xx_hal_uart.o
                0x08004c2e                HAL_UART_TxCpltCallback
 .text.UART_EndTransmit_IT
                0x08004c30       0x22 build/stm32f3xx_hal_uart.o
 .text.HAL_UART_RxHalfCpltCallback
                0x08004c52        0x2 build/stm32f3xx_hal_uart.o
                0x08004c52                HAL_UART_RxHalfCpltCallback
 .text.HAL_UART_ErrorCallback
                0x08004c54        0x2 build/stm32f3xx_hal_uart.o
                0x08004c54                HAL_UART_ErrorCallback
 .text.UART_DMAError
                0x08004c56       0x54 build/stm32f3xx_hal_uart.o
 .text.UART_DMAAbortOnError
                0x08004caa       0x14 build/stm32f3xx_hal_uart.o
 .text.HAL_UARTEx_RxEventCallback
                0x08004cbe        0x2 build/stm32f3xx_hal_uart.o
                0x08004cbe                HAL_UARTEx_RxEventCallback
 .text.HAL_UART_IRQHandler
                0x08004cc0      0x2e0 build/stm32f3xx_hal_uart.o
                0x08004cc0                HAL_UART_IRQHandler
 .text.UART_RxISR_8BIT
                0x08004fa0       0xae build/stm32f3xx_hal_uart.o
 .text.UART_RxISR_16BIT
                0x0800504e       0xac build/stm32f3xx_hal_uart.o
 .text.UART_DMARxHalfCplt
                0x080050fa       0x1c build/stm32f3xx_hal_uart.o
 .text.UART_DMAReceiveCplt
                0x08005116       0x88 build/stm32f3xx_hal_uart.o
 *fill*         0x0800519e        0x2 
 .text.UART_SetConfig
                0x080051a0      0x250 build/stm32f3xx_hal_uart.o
                0x080051a0                UART_SetConfig
 .text.UART_AdvFeatureConfig
                0x080053f0       0xca build/stm32f3xx_hal_uart.o
                0x080053f0                UART_AdvFeatureConfig
 .text.UART_WaitOnFlagUntilTimeout
                0x080054ba       0xd4 build/stm32f3xx_hal_uart.o
                0x080054ba                UART_WaitOnFlagUntilTimeout
 .text.HAL_UART_Transmit
                0x0800558e       0xd8 build/stm32f3xx_hal_uart.o
                0x0800558e                HAL_UART_Transmit
 .text.UART_CheckIdleState
                0x08005666       0x70 build/stm32f3xx_hal_uart.o
                0x08005666                UART_CheckIdleState
 .text.HAL_UART_Init
                0x080056d6       0x62 build/stm32f3xx_hal_uart.o
                0x080056d6                HAL_UART_Init
 .text.UART_Start_Receive_IT
                0x08005738       0xa8 build/stm32f3xx_hal_uart.o
                0x08005738                UART_Start_Receive_IT
 .text.HAL_UART_Receive_IT
                0x080057e0       0x50 build/stm32f3xx_hal_uart.o
                0x080057e0                HAL_UART_Receive_IT
 .text.UART_Start_Receive_DMA
                0x08005830       0xac build/stm32f3xx_hal_uart.o
                0x08005830                UART_Start_Receive_DMA
 .text.HAL_UART_Receive_DMA
                0x080058dc       0x50 build/stm32f3xx_hal_uart.o
                0x080058dc                HAL_UART_Receive_DMA
 .text.HAL_UARTEx_WakeupCallback
                0x0800592c        0x2 build/stm32f3xx_hal_uart_ex.o
                0x0800592c                HAL_UARTEx_WakeupCallback
 .text.HAL_RTC_WaitForSynchro
                0x0800592e       0x32 build/stm32f3xx_hal_rtc.o
                0x0800592e                HAL_RTC_WaitForSynchro
 .text.RTC_EnterInitMode
                0x08005960       0x3c build/stm32f3xx_hal_rtc.o
                0x08005960                RTC_EnterInitMode
 .text.HAL_RTC_Init
                0x0800599c       0xc4 build/stm32f3xx_hal_rtc.o
                0x0800599c                HAL_RTC_Init
 .text.RTC_ByteToBcd2
                0x08005a60       0x16 build/stm32f3xx_hal_rtc.o
                0x08005a60                RTC_ByteToBcd2
 .text.HAL_RTC_SetTime
                0x08005a76       0xfe build/stm32f3xx_hal_rtc.o
                0x08005a76                HAL_RTC_SetTime
 .text.HAL_RTC_SetDate
                0x08005b74       0xda build/stm32f3xx_hal_rtc.o
                0x08005b74                HAL_RTC_SetDate
 .text.RTC_Bcd2ToByte
                0x08005c4e       0x12 build/stm32f3xx_hal_rtc.o
                0x08005c4e                RTC_Bcd2ToByte
 .text.HAL_RTC_GetTime
                0x08005c60       0x50 build/stm32f3xx_hal_rtc.o
                0x08005c60                HAL_RTC_GetTime
 .text.HAL_RTC_GetDate
                0x08005cb0       0x3c build/stm32f3xx_hal_rtc.o
                0x08005cb0                HAL_RTC_GetDate
 .text.SystemInit
                0x08005cec       0x14 build/system_stm32f3xx.o
                0x08005cec                SystemInit
 .text.Reset_Handler
                0x08005d00       0x48 build/startup_stm32f303xc.o
                0x08005d00                Reset_Handler
 .text.Default_Handler
                0x08005d48        0x2 build/startup_stm32f303xc.o
                0x08005d48                Default_Handler
 .text.WWDG_IRQHandler
                0x08005d4a        0x6 build/startup_stm32f303xc.o
                0x08005d4a                WWDG_IRQHandler
 .text.PVD_IRQHandler
                0x08005d50        0x6 build/startup_stm32f303xc.o
                0x08005d50                PVD_IRQHandler
 .text.TAMP_STAMP_IRQHandler
                0x08005d56        0x6 build/startup_stm32f303xc.o
                0x08005d56                TAMP_STAMP_IRQHandler
 .text.RTC_WKUP_IRQHandler
                0x08005d5c        0x6 build/startup_stm32f303xc.o
                0x08005d5c                RTC_WKUP_IRQHandler
 .text.FLASH_IRQHandler
                0x08005d62        0x6 build/startup_stm32f303xc.o
                0x08005d62                FLASH_IRQHandler
 .text.RCC_IRQHandler
                0x08005d68        0x6 build/startup_stm32f303xc.o
                0x08005d68                RCC_IRQHandler
 .text.EXTI0_IRQHandler
                0x08005d6e        0x6 build/startup_stm32f303xc.o
                0x08005d6e                EXTI0_IRQHandler
 .text.EXTI1_IRQHandler
                0x08005d74        0x6 build/startup_stm32f303xc.o
                0x08005d74                EXTI1_IRQHandler
 .text.EXTI2_TSC_IRQHandler
                0x08005d7a        0x6 build/startup_stm32f303xc.o
                0x08005d7a                EXTI2_TSC_IRQHandler
 .text.EXTI3_IRQHandler
                0x08005d80        0x6 build/startup_stm32f303xc.o
                0x08005d80                EXTI3_IRQHandler
 .text.EXTI4_IRQHandler
                0x08005d86        0x6 build/startup_stm32f303xc.o
                0x08005d86                EXTI4_IRQHandler
 .text.DMA1_Channel1_IRQHandler
                0x08005d8c        0x6 build/startup_stm32f303xc.o
                0x08005d8c                DMA1_Channel1_IRQHandler
 .text.DMA1_Channel2_IRQHandler
                0x08005d92        0x6 build/startup_stm32f303xc.o
                0x08005d92                DMA1_Channel2_IRQHandler
 .text.DMA1_Channel3_IRQHandler
                0x08005d98        0x6 build/startup_stm32f303xc.o
                0x08005d98                DMA1_Channel3_IRQHandler
 .text.DMA1_Channel4_IRQHandler
                0x08005d9e        0x6 build/startup_stm32f303xc.o
                0x08005d9e                DMA1_Channel4_IRQHandler
 .text.DMA1_Channel5_IRQHandler
                0x08005da4        0x6 build/startup_stm32f303xc.o
                0x08005da4                DMA1_Channel5_IRQHandler
 .text.DMA1_Channel7_IRQHandler
                0x08005daa        0x6 build/startup_stm32f303xc.o
                0x08005daa                DMA1_Channel7_IRQHandler
 .text.USB_HP_CAN_TX_IRQHandler
                0x08005db0        0x6 build/startup_stm32f303xc.o
                0x08005db0                USB_HP_CAN_TX_IRQHandler
 .text.USB_LP_CAN_RX0_IRQHandler
                0x08005db6        0x6 build/startup_stm32f303xc.o
                0x08005db6                USB_LP_CAN_RX0_IRQHandler
 .text.CAN_RX1_IRQHandler
                0x08005dbc        0x6 build/startup_stm32f303xc.o
                0x08005dbc                CAN_RX1_IRQHandler
 .text.CAN_SCE_IRQHandler
                0x08005dc2        0x6 build/startup_stm32f303xc.o
                0x08005dc2                CAN_SCE_IRQHandler
 .text.TIM1_BRK_TIM15_IRQHandler
                0x08005dc8        0x6 build/startup_stm32f303xc.o
                0x08005dc8                TIM1_BRK_TIM15_IRQHandler
 .text.TIM1_CC_IRQHandler
                0x08005dce        0x6 build/startup_stm32f303xc.o
                0x08005dce                TIM1_CC_IRQHandler
 .text.TIM2_IRQHandler
                0x08005dd4        0x6 build/startup_stm32f303xc.o
                0x08005dd4                TIM2_IRQHandler
 .text.TIM3_IRQHandler
                0x08005dda        0x6 build/startup_stm32f303xc.o
                0x08005dda                TIM3_IRQHandler
 .text.TIM4_IRQHandler
                0x08005de0        0x6 build/startup_stm32f303xc.o
                0x08005de0                TIM4_IRQHandler
 .text.I2C1_EV_IRQHandler
                0x08005de6        0x6 build/startup_stm32f303xc.o
                0x08005de6                I2C1_EV_IRQHandler
 .text.I2C1_ER_IRQHandler
                0x08005dec        0x6 build/startup_stm32f303xc.o
                0x08005dec                I2C1_ER_IRQHandler
 .text.I2C2_EV_IRQHandler
                0x08005df2        0x6 build/startup_stm32f303xc.o
                0x08005df2                I2C2_EV_IRQHandler
 .text.I2C2_ER_IRQHandler
                0x08005df8        0x6 build/startup_stm32f303xc.o
                0x08005df8                I2C2_ER_IRQHandler
 .text.SPI1_IRQHandler
                0x08005dfe        0x6 build/startup_stm32f303xc.o
                0x08005dfe                SPI1_IRQHandler
 .text.SPI2_IRQHandler
                0x08005e04        0x6 build/startup_stm32f303xc.o
                0x08005e04                SPI2_IRQHandler
 .text.USART2_IRQHandler
                0x08005e0a        0x6 build/startup_stm32f303xc.o
                0x08005e0a                USART2_IRQHandler
 .text.EXTI15_10_IRQHandler
                0x08005e10        0x6 build/startup_stm32f303xc.o
                0x08005e10                EXTI15_10_IRQHandler
 .text.RTC_Alarm_IRQHandler
                0x08005e16        0x6 build/startup_stm32f303xc.o
                0x08005e16                RTC_Alarm_IRQHandler
 .text.TIM8_BRK_IRQHandler
                0x08005e1c        0x6 build/startup_stm32f303xc.o
                0x08005e1c                TIM8_BRK_IRQHandler
 .text.TIM8_UP_IRQHandler
                0x08005e22        0x6 build/startup_stm32f303xc.o
                0x08005e22                TIM8_UP_IRQHandler
 .text.TIM8_TRG_COM_IRQHandler
                0x08005e28        0x6 build/startup_stm32f303xc.o
                0x08005e28                TIM8_TRG_COM_IRQHandler
 .text.TIM8_CC_IRQHandler
                0x08005e2e        0x6 build/startup_stm32f303xc.o
                0x08005e2e                TIM8_CC_IRQHandler
 .text.ADC3_IRQHandler
                0x08005e34        0x6 build/startup_stm32f303xc.o
                0x08005e34                ADC3_IRQHandler
 .text.SPI3_IRQHandler
                0x08005e3a        0x6 build/startup_stm32f303xc.o
                0x08005e3a                SPI3_IRQHandler
 .text.UART4_IRQHandler
                0x08005e40        0x6 build/startup_stm32f303xc.o
                0x08005e40                UART4_IRQHandler
 .text.UART5_IRQHandler
                0x08005e46        0x6 build/startup_stm32f303xc.o
                0x08005e46                UART5_IRQHandler
 .text.TIM6_DAC_IRQHandler
                0x08005e4c        0x6 build/startup_stm32f303xc.o
                0x08005e4c                TIM6_DAC_IRQHandler
 .text.TIM7_IRQHandler
                0x08005e52        0x6 build/startup_stm32f303xc.o
                0x08005e52                TIM7_IRQHandler
 .text.DMA2_Channel2_IRQHandler
                0x08005e58        0x6 build/startup_stm32f303xc.o
                0x08005e58                DMA2_Channel2_IRQHandler
 .text.DMA2_Channel3_IRQHandler
                0x08005e5e        0x6 build/startup_stm32f303xc.o
                0x08005e5e                DMA2_Channel3_IRQHandler
 .text.DMA2_Channel4_IRQHandler
                0x08005e64        0x6 build/startup_stm32f303xc.o
                0x08005e64                DMA2_Channel4_IRQHandler
 .text.DMA2_Channel5_IRQHandler
                0x08005e6a        0x6 build/startup_stm32f303xc.o
                0x08005e6a                DMA2_Channel5_IRQHandler
 .text.ADC4_IRQHandler
                0x08005e70        0x6 build/startup_stm32f303xc.o
                0x08005e70                ADC4_IRQHandler
 .text.COMP1_2_3_IRQHandler
                0x08005e76        0x6 build/startup_stm32f303xc.o
                0x08005e76                COMP1_2_3_IRQHandler
 .text.COMP4_5_6_IRQHandler
                0x08005e7c        0x6 build/startup_stm32f303xc.o
                0x08005e7c                COMP4_5_6_IRQHandler
 .text.COMP7_IRQHandler
                0x08005e82        0x6 build/startup_stm32f303xc.o
                0x08005e82                COMP7_IRQHandler
 .text.USB_HP_IRQHandler
                0x08005e88        0x6 build/startup_stm32f303xc.o
                0x08005e88                USB_HP_IRQHandler
 .text.USB_LP_IRQHandler
                0x08005e8e        0x6 build/startup_stm32f303xc.o
                0x08005e8e                USB_LP_IRQHandler
 .text.USBWakeUp_RMP_IRQHandler
                0x08005e94        0x6 build/startup_stm32f303xc.o
                0x08005e94                USBWakeUp_RMP_IRQHandler
 .text.FPU_IRQHandler
                0x08005e9a        0x6 build/startup_stm32f303xc.o
                0x08005e9a                FPU_IRQHandler
 .text.__libc_init_array
                0x08005ea0       0x48 d:/3.tools/arm_gcc_toolchain/bin/../lib/gcc/arm-none-eabi/10.3.1/../../../../arm-none-eabi/lib/thumb/v7e-m+fp/hard\libc_nano.a(lib_a-init.o)
                0x08005ea0                __libc_init_array
 .text.memcpy   0x08005ee8       0x1c d:/3.tools/arm_gcc_toolchain/bin/../lib/gcc/arm-none-eabi/10.3.1/../../../../arm-none-eabi/lib/thumb/v7e-m+fp/hard\libc_nano.a(lib_a-memcpy-stub.o)
                0x08005ee8                memcpy
 .text.memset   0x08005f04       0x10 d:/3.tools/arm_gcc_toolchain/bin/../lib/gcc/arm-none-eabi/10.3.1/../../../../arm-none-eabi/lib/thumb/v7e-m+fp/hard\libc_nano.a(lib_a-memset.o)
                0x08005f04                memset
 .text.sprintf  0x08005f14       0x40 d:/3.tools/arm_gcc_toolchain/bin/../lib/gcc/arm-none-eabi/10.3.1/../../../../arm-none-eabi/lib/thumb/v7e-m+fp/hard\libc_nano.a(lib_a-sprintf.o)
                0x08005f14                siprintf
                0x08005f14                sprintf
 .text.__ssputs_r
                0x08005f54       0xb6 d:/3.tools/arm_gcc_toolchain/bin/../lib/gcc/arm-none-eabi/10.3.1/../../../../arm-none-eabi/lib/thumb/v7e-m+fp/hard\libc_nano.a(lib_a-nano-svfprintf.o)
                0x08005f54                __ssputs_r
 *fill*         0x0800600a        0x2 
 .text._svfprintf_r
                0x0800600c      0x200 d:/3.tools/arm_gcc_toolchain/bin/../lib/gcc/arm-none-eabi/10.3.1/../../../../arm-none-eabi/lib/thumb/v7e-m+fp/hard\libc_nano.a(lib_a-nano-svfprintf.o)
                0x0800600c                _svfiprintf_r
                0x0800600c                _svfprintf_r
 .text._printf_common
                0x0800620c       0xda d:/3.tools/arm_gcc_toolchain/bin/../lib/gcc/arm-none-eabi/10.3.1/../../../../arm-none-eabi/lib/thumb/v7e-m+fp/hard\libc_nano.a(lib_a-nano-vfprintf_i.o)
                0x0800620c                _printf_common
 *fill*         0x080062e6        0x2 
 .text._printf_i
                0x080062e8      0x24c d:/3.tools/arm_gcc_toolchain/bin/../lib/gcc/arm-none-eabi/10.3.1/../../../../arm-none-eabi/lib/thumb/v7e-m+fp/hard\libc_nano.a(lib_a-nano-vfprintf_i.o)
                0x080062e8                _printf_i
 .text.__retarget_lock_acquire_recursive
                0x08006534        0x2 d:/3.tools/arm_gcc_toolchain/bin/../lib/gcc/arm-none-eabi/10.3.1/../../../../arm-none-eabi/lib/thumb/v7e-m+fp/hard\libc_nano.a(lib_a-lock.o)
                0x08006534                __retarget_lock_acquire_recursive
 .text.__retarget_lock_release_recursive
                0x08006536        0x2 d:/3.tools/arm_gcc_toolchain/bin/../lib/gcc/arm-none-eabi/10.3.1/../../../../arm-none-eabi/lib/thumb/v7e-m+fp/hard\libc_nano.a(lib_a-lock.o)
                0x08006536                __retarget_lock_release_recursive
 .text.memmove  0x08006538       0x34 d:/3.tools/arm_gcc_toolchain/bin/../lib/gcc/arm-none-eabi/10.3.1/../../../../arm-none-eabi/lib/thumb/v7e-m+fp/hard\libc_nano.a(lib_a-memmove.o)
                0x08006538                memmove
 .text._free_r  0x0800656c       0x98 d:/3.tools/arm_gcc_toolchain/bin/../lib/gcc/arm-none-eabi/10.3.1/../../../../arm-none-eabi/lib/thumb/v7e-m+fp/hard\libc_nano.a(lib_a-nano-freer.o)
                0x0800656c                _free_r
 .text.sbrk_aligned
                0x08006604       0x40 d:/3.tools/arm_gcc_toolchain/bin/../lib/gcc/arm-none-eabi/10.3.1/../../../../arm-none-eabi/lib/thumb/v7e-m+fp/hard\libc_nano.a(lib_a-nano-mallocr.o)
 .text._malloc_r
                0x08006644       0xe8 d:/3.tools/arm_gcc_toolchain/bin/../lib/gcc/arm-none-eabi/10.3.1/../../../../arm-none-eabi/lib/thumb/v7e-m+fp/hard\libc_nano.a(lib_a-nano-mallocr.o)
                0x08006644                _malloc_r
 .text._realloc_r
                0x0800672c       0x5e d:/3.tools/arm_gcc_toolchain/bin/../lib/gcc/arm-none-eabi/10.3.1/../../../../arm-none-eabi/lib/thumb/v7e-m+fp/hard\libc_nano.a(lib_a-nano-reallocr.o)
                0x0800672c                _realloc_r
 *fill*         0x0800678a        0x2 
 .text._sbrk_r  0x0800678c       0x20 d:/3.tools/arm_gcc_toolchain/bin/../lib/gcc/arm-none-eabi/10.3.1/../../../../arm-none-eabi/lib/thumb/v7e-m+fp/hard\libc_nano.a(lib_a-sbrkr.o)
                0x0800678c                _sbrk_r
 .text.__malloc_lock
                0x080067ac        0xc d:/3.tools/arm_gcc_toolchain/bin/../lib/gcc/arm-none-eabi/10.3.1/../../../../arm-none-eabi/lib/thumb/v7e-m+fp/hard\libc_nano.a(lib_a-mlock.o)
                0x080067ac                __malloc_lock
 .text.__malloc_unlock
                0x080067b8        0xc d:/3.tools/arm_gcc_toolchain/bin/../lib/gcc/arm-none-eabi/10.3.1/../../../../arm-none-eabi/lib/thumb/v7e-m+fp/hard\libc_nano.a(lib_a-mlock.o)
                0x080067b8                __malloc_unlock
 .text._malloc_usable_size_r
                0x080067c4       0x10 d:/3.tools/arm_gcc_toolchain/bin/../lib/gcc/arm-none-eabi/10.3.1/../../../../arm-none-eabi/lib/thumb/v7e-m+fp/hard\libc_nano.a(lib_a-nano-msizer.o)
                0x080067c4                _malloc_usable_size_r
 .text._sbrk    0x080067d4       0x1c d:/3.tools/arm_gcc_toolchain/bin/../lib/gcc/arm-none-eabi/10.3.1/../../../../arm-none-eabi/lib/thumb/v7e-m+fp/hard\libnosys.a(sbrk.o)
                0x080067d4                _sbrk
 *(.glue_7)
 .glue_7        0x080067f0        0x0 linker stubs
 *(.glue_7t)
 .glue_7t       0x080067f0        0x0 linker stubs
 *(.eh_frame)
 .eh_frame      0x080067f0        0x0 d:/3.tools/arm_gcc_toolchain/bin/../lib/gcc/arm-none-eabi/10.3.1/thumb/v7e-m+fp/hard/crtbegin.o
 *(.init)
 .init          0x080067f0        0x4 d:/3.tools/arm_gcc_toolchain/bin/../lib/gcc/arm-none-eabi/10.3.1/thumb/v7e-m+fp/hard/crti.o
                0x080067f0                _init
 .init          0x080067f4        0x8 d:/3.tools/arm_gcc_toolchain/bin/../lib/gcc/arm-none-eabi/10.3.1/thumb/v7e-m+fp/hard/crtn.o
 *(.fini)
 .fini          0x080067fc        0x4 d:/3.tools/arm_gcc_toolchain/bin/../lib/gcc/arm-none-eabi/10.3.1/thumb/v7e-m+fp/hard/crti.o
                0x080067fc                _fini
 .fini          0x08006800        0x8 d:/3.tools/arm_gcc_toolchain/bin/../lib/gcc/arm-none-eabi/10.3.1/thumb/v7e-m+fp/hard/crtn.o
                0x08006808                . = ALIGN (0x4)
                0x08006808                _etext = .

.vfp11_veneer   0x08006808        0x0
 .vfp11_veneer  0x08006808        0x0 linker stubs

.v4_bx          0x08006808        0x0
 .v4_bx         0x08006808        0x0 linker stubs

.iplt           0x08006808        0x0
 .iplt          0x08006808        0x0 d:/3.tools/arm_gcc_toolchain/bin/../lib/gcc/arm-none-eabi/10.3.1/thumb/v7e-m+fp/hard/crtbegin.o

.rodata         0x08006808      0x2bc
                0x08006808                . = ALIGN (0x4)
 *(.rodata)
 .rodata        0x08006808        0x5 build/dht11.o
 *(.rodata*)
 *fill*         0x0800680d        0x3 
 .rodata.Debug_Init.str1.4
                0x08006810       0x26 build/debug.o
 *fill*         0x08006836        0x2 
 .rodata.LTE_MQTT_Convert_Buffer.str1.4
                0x08006838       0x90 build/lte.o
 .rodata.LTE_Connect.str1.4
                0x080068c8      0x130 build/lte.o
 .rodata.aPLLMULFactorTable
                0x080069f8       0x10 build/stm32f3xx_hal_rcc.o
                0x080069f8                aPLLMULFactorTable
 .rodata.aPredivFactorTable
                0x08006a08       0x10 build/stm32f3xx_hal_rcc.o
                0x08006a08                aPredivFactorTable
 .rodata.AHBPrescTable
                0x08006a18       0x10 build/system_stm32f3xx.o
                0x08006a18                AHBPrescTable
 .rodata.APBPrescTable
                0x08006a28        0x8 build/system_stm32f3xx.o
                0x08006a28                APBPrescTable
 .rodata._svfprintf_r.str1.1
                0x08006a30       0x11 d:/3.tools/arm_gcc_toolchain/bin/../lib/gcc/arm-none-eabi/10.3.1/../../../../arm-none-eabi/lib/thumb/v7e-m+fp/hard\libc_nano.a(lib_a-nano-svfprintf.o)
 .rodata._printf_i.str1.1
                0x08006a41       0x22 d:/3.tools/arm_gcc_toolchain/bin/../lib/gcc/arm-none-eabi/10.3.1/../../../../arm-none-eabi/lib/thumb/v7e-m+fp/hard\libc_nano.a(lib_a-nano-vfprintf_i.o)
 *fill*         0x08006a63        0x1 
 .rodata.__sf_fake_stderr
                0x08006a64       0x20 d:/3.tools/arm_gcc_toolchain/bin/../lib/gcc/arm-none-eabi/10.3.1/../../../../arm-none-eabi/lib/thumb/v7e-m+fp/hard\libc_nano.a(lib_a-findfp.o)
                0x08006a64                __sf_fake_stderr
 .rodata.__sf_fake_stdin
                0x08006a84       0x20 d:/3.tools/arm_gcc_toolchain/bin/../lib/gcc/arm-none-eabi/10.3.1/../../../../arm-none-eabi/lib/thumb/v7e-m+fp/hard\libc_nano.a(lib_a-findfp.o)
                0x08006a84                __sf_fake_stdin
 .rodata.__sf_fake_stdout
                0x08006aa4       0x20 d:/3.tools/arm_gcc_toolchain/bin/../lib/gcc/arm-none-eabi/10.3.1/../../../../arm-none-eabi/lib/thumb/v7e-m+fp/hard\libc_nano.a(lib_a-findfp.o)
                0x08006aa4                __sf_fake_stdout
                0x08006ac4                . = ALIGN (0x4)

.rel.dyn        0x08006ac4        0x0
 .rel.iplt      0x08006ac4        0x0 d:/3.tools/arm_gcc_toolchain/bin/../lib/gcc/arm-none-eabi/10.3.1/thumb/v7e-m+fp/hard/crtbegin.o

.ARM.extab
 *(.ARM.extab* .gnu.linkonce.armextab.*)

.ARM            0x08006ac4        0x0
                0x08006ac4                __exidx_start = .
 *(.ARM.exidx*)
                0x08006ac4                __exidx_end = .

.preinit_array  0x08006ac4        0x0
                0x08006ac4                PROVIDE (__preinit_array_start = .)
 *(.preinit_array*)
                0x08006ac4                PROVIDE (__preinit_array_end = .)

.init_array     0x08006ac4        0x4
                0x08006ac4                PROVIDE (__init_array_start = .)
 *(SORT_BY_NAME(.init_array.*))
 *(.init_array*)
 .init_array    0x08006ac4        0x4 d:/3.tools/arm_gcc_toolchain/bin/../lib/gcc/arm-none-eabi/10.3.1/thumb/v7e-m+fp/hard/crtbegin.o
                0x08006ac8                PROVIDE (__init_array_end = .)

.fini_array     0x08006ac8        0x4
                [!provide]                PROVIDE (__fini_array_start = .)
 *(SORT_BY_NAME(.fini_array.*))
 *(.fini_array*)
 .fini_array    0x08006ac8        0x4 d:/3.tools/arm_gcc_toolchain/bin/../lib/gcc/arm-none-eabi/10.3.1/thumb/v7e-m+fp/hard/crtbegin.o
                [!provide]                PROVIDE (__fini_array_end = .)
                0x08006acc                _sidata = LOADADDR (.data)

.data           0x20000000       0xa8 load address 0x08006acc
                0x20000000                . = ALIGN (0x4)
                0x20000000                _sdata = .
 *(.data)
 *(.data*)
 .data.LTE_CHAR_D
                0x20000000        0x4 build/lte.o
                0x20000000                LTE_CHAR_D
 .data.LTE_CHAR_I
                0x20000004        0x2 build/lte.o
                0x20000004                LTE_CHAR_I
 .data.LTE_DIST_I
                0x20000006        0x2 build/lte.o
                0x20000006                LTE_DIST_I
 .data.LTE_DOOR
                0x20000008        0x1 build/lte.o
                0x20000008                LTE_DOOR
 *fill*         0x20000009        0x3 
 .data.LTE_GPS1_D
                0x2000000c        0x4 build/lte.o
                0x2000000c                LTE_GPS1_D
 .data.LTE_GPS1_I
                0x20000010        0x2 build/lte.o
                0x20000010                LTE_GPS1_I
 *fill*         0x20000012        0x2 
 .data.LTE_GPS2_D
                0x20000014        0x4 build/lte.o
                0x20000014                LTE_GPS2_D
 .data.LTE_GPS2_I
                0x20000018        0x2 build/lte.o
                0x20000018                LTE_GPS2_I
 *fill*         0x2000001a        0x2 
 .data.LTE_HUMI_D
                0x2000001c        0x4 build/lte.o
                0x2000001c                LTE_HUMI_D
 .data.LTE_HUMI_I
                0x20000020        0x2 build/lte.o
                0x20000020                LTE_HUMI_I
 *fill*         0x20000022        0x2 
 .data.LTE_ID   0x20000024       0x11 build/lte.o
                0x20000024                LTE_ID
 *fill*         0x20000035        0x1 
 .data.LTE_TEMP_D
                0x20000036        0x2 build/lte.o
                0x20000036                LTE_TEMP_D
 .data.LTE_TEMP_I
                0x20000038        0x2 build/lte.o
                0x20000038                LTE_TEMP_I
 .data.uwTickFreq
                0x2000003a        0x1 build/stm32f3xx_hal.o
                0x2000003a                uwTickFreq
 *fill*         0x2000003b        0x1 
 .data.uwTickPrio
                0x2000003c        0x4 build/stm32f3xx_hal.o
                0x2000003c                uwTickPrio
 .data.SystemCoreClock
                0x20000040        0x4 build/system_stm32f3xx.o
                0x20000040                SystemCoreClock
 .data._impure_ptr
                0x20000044        0x4 d:/3.tools/arm_gcc_toolchain/bin/../lib/gcc/arm-none-eabi/10.3.1/../../../../arm-none-eabi/lib/thumb/v7e-m+fp/hard\libc_nano.a(lib_a-impure.o)
                0x20000044                _impure_ptr
 .data.impure_data
                0x20000048       0x60 d:/3.tools/arm_gcc_toolchain/bin/../lib/gcc/arm-none-eabi/10.3.1/../../../../arm-none-eabi/lib/thumb/v7e-m+fp/hard\libc_nano.a(lib_a-impure.o)
                0x200000a8                . = ALIGN (0x4)
                0x200000a8                _edata = .
                0x08006b74                _siccmram = LOADADDR (.ccmram)

.igot.plt       0x200000a8        0x0 load address 0x08006b74
 .igot.plt      0x200000a8        0x0 d:/3.tools/arm_gcc_toolchain/bin/../lib/gcc/arm-none-eabi/10.3.1/thumb/v7e-m+fp/hard/crtbegin.o

.ccmram         0x10000000        0x0 load address 0x08006b74
                0x10000000                . = ALIGN (0x4)
                0x10000000                _sccmram = .
 *(.ccmram)
 *(.ccmram*)
                0x10000000                . = ALIGN (0x4)
                0x10000000                _eccmram = .
                0x10000000                . = ALIGN (0x4)

.bss            0x200000a8     0x11bc
                0x200000a8                _sbss = .
                0x200000a8                __bss_start__ = _sbss
 *(.bss)
 .bss           0x200000a8       0x1c d:/3.tools/arm_gcc_toolchain/bin/../lib/gcc/arm-none-eabi/10.3.1/thumb/v7e-m+fp/hard/crtbegin.o
 *(.bss*)
 .bss.hadc2     0x200000c4       0x50 build/main.o
                0x200000c4                hadc2
 .bss.hdma_adc2
                0x20000114       0x44 build/main.o
                0x20000114                hdma_adc2
 .bss.hdma_usart2_rx
                0x20000158       0x44 build/main.o
                0x20000158                hdma_usart2_rx
 .bss.hrtc      0x2000019c       0x20 build/main.o
                0x2000019c                hrtc
 .bss.hspi2     0x200001bc       0x64 build/main.o
                0x200001bc                hspi2
 .bss.htim16    0x20000220       0x4c build/main.o
                0x20000220                htim16
 .bss.htim17    0x2000026c       0x4c build/main.o
                0x2000026c                htim17
 .bss.htim3     0x200002b8       0x4c build/main.o
                0x200002b8                htim3
 .bss.huart1    0x20000304       0x84 build/main.o
                0x20000304                huart1
 .bss.huart2    0x20000388       0x84 build/main.o
                0x20000388                huart2
 .bss.huart3    0x2000040c       0x84 build/main.o
                0x2000040c                huart3
 .bss.Debug_Rx_Count
                0x20000490        0x2 build/debug.o
                0x20000490                Debug_Rx_Count
 *fill*         0x20000492        0x2 
 .bss.Debug_Rx_buffer
                0x20000494      0x400 build/debug.o
                0x20000494                Debug_Rx_buffer
 .bss.debug_dummy
                0x20000894        0x1 build/debug.o
                0x20000894                debug_dummy
 *fill*         0x20000895        0x3 
 .bss.Device_Batt_DMA
                0x20000898        0x4 build/device.o
                0x20000898                Device_Batt_DMA
 .bss.Device_Batt_Voltage
                0x2000089c        0x2 build/device.o
                0x2000089c                Device_Batt_Voltage
 .bss.Device_Sensor_Counter
                0x2000089e        0x1 build/device.o
                0x2000089e                Device_Sensor_Counter
 .bss.Device_Sensor_Detect
                0x2000089f        0x1 build/device.o
                0x2000089f                Device_Sensor_Detect
 .bss.Device_Sensor_Signal
                0x200008a0        0x1 build/device.o
                0x200008a0                Device_Sensor_Signal
 .bss.reset_cause
                0x200008a1        0x1 build/device.o
                0x200008a1                reset_cause
 .bss.ti10msOff.0
                0x200008a2        0x1 build/device.o
 .bss.ti10msOn.1
                0x200008a3        0x1 build/device.o
 .bss.bFirstcall.2
                0x200008a4        0x1 build/dht11.o
 *fill*         0x200008a5        0x3 
 .bss.lastPollingTime.1
                0x200008a8        0x4 build/dht11.o
 .bss.stored_data.0
                0x200008ac        0x8 build/dht11.o
 .bss.Lidar_Distance
                0x200008b4        0x2 build/lidar.o
                0x200008b4                Lidar_Distance
 *fill*         0x200008b6        0x2 
 .bss.Lidar_Rx_Buffer
                0x200008b8        0x9 build/lidar.o
                0x200008b8                Lidar_Rx_Buffer
 *fill*         0x200008c1        0x1 
 .bss.Lidar_Strength
                0x200008c2        0x2 build/lidar.o
                0x200008c2                Lidar_Strength
 .bss.Lidar_Temperature
                0x200008c4        0x2 build/lidar.o
                0x200008c4                Lidar_Temperature
 *fill*         0x200008c6        0x2 
 .bss.LTE_DIST_D
                0x200008c8        0x4 build/lte.o
                0x200008c8                LTE_DIST_D
 .bss.LTE_Rx_Buffer
                0x200008cc      0x400 build/lte.o
                0x200008cc                LTE_Rx_Buffer
 .bss.LTE_Rx_Counter
                0x20000ccc        0x2 build/lte.o
                0x20000ccc                LTE_Rx_Counter
 .bss.LTE_Status
                0x20000cce        0x1 build/lte.o
                0x20000cce                LTE_Status
 *fill*         0x20000ccf        0x1 
 .bss.LTE_Test_Buffer
                0x20000cd0      0x400 build/lte.o
                0x20000cd0                LTE_Test_Buffer
 .bss.dummy_lte
                0x200010d0        0x1 build/lte.o
                0x200010d0                dummy_lte
 .bss.fail_counter.2
                0x200010d1        0x1 build/lte.o
 .bss.stDelay.0
                0x200010d2        0x1 build/lte.o
 *fill*         0x200010d3        0x1 
 .bss.timer.3   0x200010d4        0x2 build/lte.o
 .bss.uart_status.1
                0x200010d6        0x1 build/lte.o
 *fill*         0x200010d7        0x1 
 .bss.Os_Var    0x200010d8       0x40 build/os.o
                0x200010d8                Os_Var
 .bss.dummy     0x20001118        0x1 build/uart.o
                0x20001118                dummy
 *fill*         0x20001119        0x3 
 .bss.uart2_counter
                0x2000111c        0x4 build/uart.o
                0x2000111c                uart2_counter
 .bss.did_sub_num
                0x20001120        0x4 build/nvram.o
                0x20001120                did_sub_num
 .bss.gps_status
                0x20001124        0x4 build/nvram.o
                0x20001124                gps_status
 .bss.latitude  0x20001128        0x4 build/nvram.o
                0x20001128                latitude
 .bss.longitude
                0x2000112c        0x4 build/nvram.o
                0x2000112c                longitude
 .bss.mqtt_did_num
                0x20001130        0x4 build/nvram.o
                0x20001130                mqtt_did_num
 .bss.mqtt_domain_name
                0x20001134       0x64 build/nvram.o
                0x20001134                mqtt_domain_name
 .bss.nv_db     0x20001198       0x88 build/nvram.o
                0x20001198                nv_db
 .bss.report_cycle
                0x20001220        0x4 build/nvram.o
                0x20001220                report_cycle
 .bss.RTC_hours
                0x20001224        0x2 build/rtc.o
                0x20001224                RTC_hours
 .bss.RTC_minutes
                0x20001226        0x2 build/rtc.o
                0x20001226                RTC_minutes
 .bss.RTC_seconds
                0x20001228        0x2 build/rtc.o
                0x20001228                RTC_seconds
 *fill*         0x2000122a        0x2 
 .bss.uwTick    0x2000122c        0x4 build/stm32f3xx_hal.o
                0x2000122c                uwTick
 .bss.pFlash    0x20001230       0x20 build/stm32f3xx_hal_flash.o
                0x20001230                pFlash
 .bss.errno     0x20001250        0x4 d:/3.tools/arm_gcc_toolchain/bin/../lib/gcc/arm-none-eabi/10.3.1/../../../../arm-none-eabi/lib/thumb/v7e-m+fp/hard\libc_nano.a(lib_a-reent.o)
                0x20001250                errno
 .bss.__lock___malloc_recursive_mutex
                0x20001254        0x1 d:/3.tools/arm_gcc_toolchain/bin/../lib/gcc/arm-none-eabi/10.3.1/../../../../arm-none-eabi/lib/thumb/v7e-m+fp/hard\libc_nano.a(lib_a-lock.o)
                0x20001254                __lock___malloc_recursive_mutex
 *fill*         0x20001255        0x3 
 .bss.__malloc_free_list
                0x20001258        0x4 d:/3.tools/arm_gcc_toolchain/bin/../lib/gcc/arm-none-eabi/10.3.1/../../../../arm-none-eabi/lib/thumb/v7e-m+fp/hard\libc_nano.a(lib_a-nano-mallocr.o)
                0x20001258                __malloc_free_list
 .bss.__malloc_sbrk_start
                0x2000125c        0x4 d:/3.tools/arm_gcc_toolchain/bin/../lib/gcc/arm-none-eabi/10.3.1/../../../../arm-none-eabi/lib/thumb/v7e-m+fp/hard\libc_nano.a(lib_a-nano-mallocr.o)
                0x2000125c                __malloc_sbrk_start
 .bss.heap_end.0
                0x20001260        0x4 d:/3.tools/arm_gcc_toolchain/bin/../lib/gcc/arm-none-eabi/10.3.1/../../../../arm-none-eabi/lib/thumb/v7e-m+fp/hard\libnosys.a(sbrk.o)
 *(COMMON)
                0x20001264                . = ALIGN (0x4)
                0x20001264                _ebss = .
                0x20001264                __bss_end__ = _ebss

._user_heap_stack
                0x20001264      0x604
                0x20001268                . = ALIGN (0x8)
 *fill*         0x20001264        0x4 
                0x20001268                PROVIDE (end = .)
                [!provide]                PROVIDE (_end = .)
                0x20001468                . = (. + _Min_Heap_Size)
 *fill*         0x20001268      0x200 
                0x20001868                . = (. + _Min_Stack_Size)
 *fill*         0x20001468      0x400 
                0x20001868                . = ALIGN (0x8)

/DISCARD/
 libc.a(*)
 libm.a(*)
 libgcc.a(*)

.ARM.attributes
                0x00000000       0x30
 *(.ARM.attributes)
 .ARM.attributes
                0x00000000       0x1e d:/3.tools/arm_gcc_toolchain/bin/../lib/gcc/arm-none-eabi/10.3.1/thumb/v7e-m+fp/hard/crti.o
 .ARM.attributes
                0x0000001e       0x34 d:/3.tools/arm_gcc_toolchain/bin/../lib/gcc/arm-none-eabi/10.3.1/thumb/v7e-m+fp/hard/crtbegin.o
 .ARM.attributes
                0x00000052       0x34 build/main.o
 .ARM.attributes
                0x00000086       0x34 build/stm32f3xx_it.o
 .ARM.attributes
                0x000000ba       0x34 build/stm32f3xx_hal_msp.o
 .ARM.attributes
                0x000000ee       0x34 build/buzzer.o
 .ARM.attributes
                0x00000122       0x34 build/debug.o
 .ARM.attributes
                0x00000156       0x34 build/device.o
 .ARM.attributes
                0x0000018a       0x34 build/dht11.o
 .ARM.attributes
                0x000001be       0x34 build/lidar.o
 .ARM.attributes
                0x000001f2       0x34 build/lte.o
 .ARM.attributes
                0x00000226       0x34 build/os.o
 .ARM.attributes
                0x0000025a       0x34 build/uart.o
 .ARM.attributes
                0x0000028e       0x34 build/nvram.o
 .ARM.attributes
                0x000002c2       0x34 build/rtc.o
 .ARM.attributes
                0x000002f6       0x34 build/stm32f3xx_hal_adc.o
 .ARM.attributes
                0x0000032a       0x34 build/stm32f3xx_hal_adc_ex.o
 .ARM.attributes
                0x0000035e       0x34 build/stm32f3xx_hal.o
 .ARM.attributes
                0x00000392       0x34 build/stm32f3xx_hal_rcc.o
 .ARM.attributes
                0x000003c6       0x34 build/stm32f3xx_hal_rcc_ex.o
 .ARM.attributes
                0x000003fa       0x34 build/stm32f3xx_hal_gpio.o
 .ARM.attributes
                0x0000042e       0x34 build/stm32f3xx_hal_dma.o
 .ARM.attributes
                0x00000462       0x34 build/stm32f3xx_hal_cortex.o
 .ARM.attributes
                0x00000496       0x34 build/stm32f3xx_hal_flash.o
 .ARM.attributes
                0x000004ca       0x34 build/stm32f3xx_hal_spi.o
 .ARM.attributes
                0x000004fe       0x34 build/stm32f3xx_hal_tim.o
 .ARM.attributes
                0x00000532       0x34 build/stm32f3xx_hal_tim_ex.o
 .ARM.attributes
                0x00000566       0x34 build/stm32f3xx_hal_uart.o
 .ARM.attributes
                0x0000059a       0x34 build/stm32f3xx_hal_uart_ex.o
 .ARM.attributes
                0x000005ce       0x34 build/stm32f3xx_hal_rtc.o
 .ARM.attributes
                0x00000602       0x34 build/system_stm32f3xx.o
 .ARM.attributes
                0x00000636       0x34 build/startup_stm32f303xc.o
 .ARM.attributes
                0x0000066a       0x34 d:/3.tools/arm_gcc_toolchain/bin/../lib/gcc/arm-none-eabi/10.3.1/../../../../arm-none-eabi/lib/thumb/v7e-m+fp/hard\libc_nano.a(lib_a-impure.o)
 .ARM.attributes
                0x0000069e       0x34 d:/3.tools/arm_gcc_toolchain/bin/../lib/gcc/arm-none-eabi/10.3.1/../../../../arm-none-eabi/lib/thumb/v7e-m+fp/hard\libc_nano.a(lib_a-init.o)
 .ARM.attributes
                0x000006d2       0x34 d:/3.tools/arm_gcc_toolchain/bin/../lib/gcc/arm-none-eabi/10.3.1/../../../../arm-none-eabi/lib/thumb/v7e-m+fp/hard\libc_nano.a(lib_a-memcpy-stub.o)
 .ARM.attributes
                0x00000706       0x34 d:/3.tools/arm_gcc_toolchain/bin/../lib/gcc/arm-none-eabi/10.3.1/../../../../arm-none-eabi/lib/thumb/v7e-m+fp/hard\libc_nano.a(lib_a-memset.o)
 .ARM.attributes
                0x0000073a       0x34 d:/3.tools/arm_gcc_toolchain/bin/../lib/gcc/arm-none-eabi/10.3.1/../../../../arm-none-eabi/lib/thumb/v7e-m+fp/hard\libc_nano.a(lib_a-sprintf.o)
 .ARM.attributes
                0x0000076e       0x17 d:/3.tools/arm_gcc_toolchain/bin/../lib/gcc/arm-none-eabi/10.3.1/../../../../arm-none-eabi/lib/thumb/v7e-m+fp/hard\libc_nano.a(lib_a-strlen.o)
 .ARM.attributes
                0x00000785       0x34 d:/3.tools/arm_gcc_toolchain/bin/../lib/gcc/arm-none-eabi/10.3.1/../../../../arm-none-eabi/lib/thumb/v7e-m+fp/hard\libc_nano.a(lib_a-nano-svfprintf.o)
 .ARM.attributes
                0x000007b9       0x34 d:/3.tools/arm_gcc_toolchain/bin/../lib/gcc/arm-none-eabi/10.3.1/../../../../arm-none-eabi/lib/thumb/v7e-m+fp/hard\libc_nano.a(lib_a-nano-vfprintf_i.o)
 .ARM.attributes
                0x000007ed       0x34 d:/3.tools/arm_gcc_toolchain/bin/../lib/gcc/arm-none-eabi/10.3.1/../../../../arm-none-eabi/lib/thumb/v7e-m+fp/hard\libc_nano.a(lib_a-reent.o)
 .ARM.attributes
                0x00000821       0x34 d:/3.tools/arm_gcc_toolchain/bin/../lib/gcc/arm-none-eabi/10.3.1/../../../../arm-none-eabi/lib/thumb/v7e-m+fp/hard\libc_nano.a(lib_a-findfp.o)
 .ARM.attributes
                0x00000855       0x34 d:/3.tools/arm_gcc_toolchain/bin/../lib/gcc/arm-none-eabi/10.3.1/../../../../arm-none-eabi/lib/thumb/v7e-m+fp/hard\libc_nano.a(lib_a-lock.o)
 .ARM.attributes
                0x00000889       0x1c d:/3.tools/arm_gcc_toolchain/bin/../lib/gcc/arm-none-eabi/10.3.1/../../../../arm-none-eabi/lib/thumb/v7e-m+fp/hard\libc_nano.a(lib_a-memchr.o)
 .ARM.attributes
                0x000008a5       0x34 d:/3.tools/arm_gcc_toolchain/bin/../lib/gcc/arm-none-eabi/10.3.1/../../../../arm-none-eabi/lib/thumb/v7e-m+fp/hard\libc_nano.a(lib_a-memmove.o)
 .ARM.attributes
                0x000008d9       0x34 d:/3.tools/arm_gcc_toolchain/bin/../lib/gcc/arm-none-eabi/10.3.1/../../../../arm-none-eabi/lib/thumb/v7e-m+fp/hard\libc_nano.a(lib_a-nano-freer.o)
 .ARM.attributes
                0x0000090d       0x34 d:/3.tools/arm_gcc_toolchain/bin/../lib/gcc/arm-none-eabi/10.3.1/../../../../arm-none-eabi/lib/thumb/v7e-m+fp/hard\libc_nano.a(lib_a-nano-mallocr.o)
 .ARM.attributes
                0x00000941       0x34 d:/3.tools/arm_gcc_toolchain/bin/../lib/gcc/arm-none-eabi/10.3.1/../../../../arm-none-eabi/lib/thumb/v7e-m+fp/hard\libc_nano.a(lib_a-nano-reallocr.o)
 .ARM.attributes
                0x00000975       0x34 d:/3.tools/arm_gcc_toolchain/bin/../lib/gcc/arm-none-eabi/10.3.1/../../../../arm-none-eabi/lib/thumb/v7e-m+fp/hard\libc_nano.a(lib_a-sbrkr.o)
 .ARM.attributes
                0x000009a9       0x34 d:/3.tools/arm_gcc_toolchain/bin/../lib/gcc/arm-none-eabi/10.3.1/../../../../arm-none-eabi/lib/thumb/v7e-m+fp/hard\libc_nano.a(lib_a-mlock.o)
 .ARM.attributes
                0x000009dd       0x34 d:/3.tools/arm_gcc_toolchain/bin/../lib/gcc/arm-none-eabi/10.3.1/../../../../arm-none-eabi/lib/thumb/v7e-m+fp/hard\libc_nano.a(lib_a-nano-msizer.o)
 .ARM.attributes
                0x00000a11       0x34 d:/3.tools/arm_gcc_toolchain/bin/../lib/gcc/arm-none-eabi/10.3.1/../../../../arm-none-eabi/lib/thumb/v7e-m+fp/hard\libnosys.a(sbrk.o)
 .ARM.attributes
                0x00000a45       0x1e d:/3.tools/arm_gcc_toolchain/bin/../lib/gcc/arm-none-eabi/10.3.1/thumb/v7e-m+fp/hard/crtn.o
OUTPUT(build/STM32_Lidar_LTE.elf elf32-littlearm)
LOAD linker stubs
LOAD d:/3.tools/arm_gcc_toolchain/bin/../lib/gcc/arm-none-eabi/10.3.1/../../../../arm-none-eabi/lib/thumb/v7e-m+fp/hard\libc.a
LOAD d:/3.tools/arm_gcc_toolchain/bin/../lib/gcc/arm-none-eabi/10.3.1/../../../../arm-none-eabi/lib/thumb/v7e-m+fp/hard\libm.a
LOAD d:/3.tools/arm_gcc_toolchain/bin/../lib/gcc/arm-none-eabi/10.3.1/thumb/v7e-m+fp/hard\libgcc.a

.debug_info     0x00000000    0x24f96
 .debug_info    0x00000000     0x2809 build/main.o
 .debug_info    0x00002809     0x1221 build/stm32f3xx_it.o
 .debug_info    0x00003a2a     0x21ad build/stm32f3xx_hal_msp.o
 .debug_info    0x00005bd7      0x7f1 build/buzzer.o
 .debug_info    0x000063c8      0x8ab build/debug.o
 .debug_info    0x00006c73     0x120a build/device.o
 .debug_info    0x00007e7d      0x5e5 build/dht11.o
 .debug_info    0x00008462      0x963 build/lidar.o
 .debug_info    0x00008dc5     0x13b9 build/lte.o
 .debug_info    0x0000a17e      0xe9c build/os.o
 .debug_info    0x0000b01a      0x7fe build/uart.o
 .debug_info    0x0000b818      0xf7a build/nvram.o
 .debug_info    0x0000c792      0x689 build/rtc.o
 .debug_info    0x0000ce1b      0xd01 build/stm32f3xx_hal_adc.o
 .debug_info    0x0000db1c     0x1f89 build/stm32f3xx_hal_adc_ex.o
 .debug_info    0x0000faa5      0x932 build/stm32f3xx_hal.o
 .debug_info    0x000103d7     0x16de build/stm32f3xx_hal_rcc.o
 .debug_info    0x00011ab5      0x7f1 build/stm32f3xx_hal_rcc_ex.o
 .debug_info    0x000122a6      0x744 build/stm32f3xx_hal_gpio.o
 .debug_info    0x000129ea      0x8f7 build/stm32f3xx_hal_dma.o
 .debug_info    0x000132e1     0x10cf build/stm32f3xx_hal_cortex.o
 .debug_info    0x000143b0      0x6f4 build/stm32f3xx_hal_flash.o
 .debug_info    0x00014aa4     0x231b build/stm32f3xx_hal_spi.o
 .debug_info    0x00016dbf     0x4194 build/stm32f3xx_hal_tim.o
 .debug_info    0x0001af53     0x1d1c build/stm32f3xx_hal_tim_ex.o
 .debug_info    0x0001cc6f     0x5114 build/stm32f3xx_hal_uart.o
 .debug_info    0x00021d83      0xf4f build/stm32f3xx_hal_uart_ex.o
 .debug_info    0x00022cd2     0x1180 build/stm32f3xx_hal_rtc.o
 .debug_info    0x00023e52      0x47d build/system_stm32f3xx.o
 .debug_info    0x000242cf      0xcc7 build/startup_stm32f303xc.o

.debug_abbrev   0x00000000     0x4439
 .debug_abbrev  0x00000000      0x297 build/main.o
 .debug_abbrev  0x00000297      0x19e build/stm32f3xx_it.o
 .debug_abbrev  0x00000435      0x2e9 build/stm32f3xx_hal_msp.o
 .debug_abbrev  0x0000071e      0x1c8 build/buzzer.o
 .debug_abbrev  0x000008e6      0x1bd build/debug.o
 .debug_abbrev  0x00000aa3      0x2a2 build/device.o
 .debug_abbrev  0x00000d45      0x1d7 build/dht11.o
 .debug_abbrev  0x00000f1c      0x1e9 build/lidar.o
 .debug_abbrev  0x00001105      0x2a9 build/lte.o
 .debug_abbrev  0x000013ae      0x265 build/os.o
 .debug_abbrev  0x00001613      0x18f build/uart.o
 .debug_abbrev  0x000017a2      0x296 build/nvram.o
 .debug_abbrev  0x00001a38      0x1b7 build/rtc.o
 .debug_abbrev  0x00001bef      0x18d build/stm32f3xx_hal_adc.o
 .debug_abbrev  0x00001d7c      0x30d build/stm32f3xx_hal_adc_ex.o
 .debug_abbrev  0x00002089      0x20a build/stm32f3xx_hal.o
 .debug_abbrev  0x00002293      0x323 build/stm32f3xx_hal_rcc.o
 .debug_abbrev  0x000025b6      0x278 build/stm32f3xx_hal_rcc_ex.o
 .debug_abbrev  0x0000282e      0x222 build/stm32f3xx_hal_gpio.o
 .debug_abbrev  0x00002a50      0x24d build/stm32f3xx_hal_dma.o
 .debug_abbrev  0x00002c9d      0x382 build/stm32f3xx_hal_cortex.o
 .debug_abbrev  0x0000301f      0x26b build/stm32f3xx_hal_flash.o
 .debug_abbrev  0x0000328a      0x278 build/stm32f3xx_hal_spi.o
 .debug_abbrev  0x00003502      0x282 build/stm32f3xx_hal_tim.o
 .debug_abbrev  0x00003784      0x298 build/stm32f3xx_hal_tim_ex.o
 .debug_abbrev  0x00003a1c      0x308 build/stm32f3xx_hal_uart.o
 .debug_abbrev  0x00003d24      0x2de build/stm32f3xx_hal_uart_ex.o
 .debug_abbrev  0x00004002      0x1d4 build/stm32f3xx_hal_rtc.o
 .debug_abbrev  0x000041d6      0x11b build/system_stm32f3xx.o
 .debug_abbrev  0x000042f1      0x148 build/startup_stm32f303xc.o

.debug_loc      0x00000000    0x19f3c
 .debug_loc     0x00000000      0x262 build/main.o
 .debug_loc     0x00000262      0x220 build/stm32f3xx_it.o
 .debug_loc     0x00000482      0x567 build/stm32f3xx_hal_msp.o
 .debug_loc     0x000009e9       0x65 build/buzzer.o
 .debug_loc     0x00000a4e       0x92 build/debug.o
 .debug_loc     0x00000ae0      0x3f0 build/device.o
 .debug_loc     0x00000ed0      0x24c build/dht11.o
 .debug_loc     0x0000111c       0xa0 build/lidar.o
 .debug_loc     0x000011bc      0x2ef build/lte.o
 .debug_loc     0x000014ab      0x3f9 build/os.o
 .debug_loc     0x000018a4       0x7f build/uart.o
 .debug_loc     0x00001923      0x2da build/nvram.o
 .debug_loc     0x00001bfd       0x38 build/rtc.o
 .debug_loc     0x00001c35      0x22b build/stm32f3xx_hal_adc.o
 .debug_loc     0x00001e60     0x25eb build/stm32f3xx_hal_adc_ex.o
 .debug_loc     0x0000444b      0x1e1 build/stm32f3xx_hal.o
 .debug_loc     0x0000462c      0xf4c build/stm32f3xx_hal_rcc.o
 .debug_loc     0x00005578      0xafc build/stm32f3xx_hal_rcc_ex.o
 .debug_loc     0x00006074      0x46f build/stm32f3xx_hal_gpio.o
 .debug_loc     0x000064e3      0x928 build/stm32f3xx_hal_dma.o
 .debug_loc     0x00006e0b      0x7a4 build/stm32f3xx_hal_cortex.o
 .debug_loc     0x000075af      0x432 build/stm32f3xx_hal_flash.o
 .debug_loc     0x000079e1     0x27b8 build/stm32f3xx_hal_spi.o
 .debug_loc     0x0000a199     0x615e build/stm32f3xx_hal_tim.o
 .debug_loc     0x000102f7     0x2550 build/stm32f3xx_hal_tim_ex.o
 .debug_loc     0x00012847     0x50da build/stm32f3xx_hal_uart.o
 .debug_loc     0x00017921      0xb7f build/stm32f3xx_hal_uart_ex.o
 .debug_loc     0x000184a0      0xf66 build/stm32f3xx_hal_rtc.o
 .debug_loc     0x00019406      0x123 build/system_stm32f3xx.o
 .debug_loc     0x00019529      0xa13 build/startup_stm32f303xc.o

.debug_aranges  0x00000000     0x1730
 .debug_aranges
                0x00000000       0x88 build/main.o
 .debug_aranges
                0x00000088       0xa0 build/stm32f3xx_it.o
 .debug_aranges
                0x00000128       0x88 build/stm32f3xx_hal_msp.o
 .debug_aranges
                0x000001b0       0x28 build/buzzer.o
 .debug_aranges
                0x000001d8       0x30 build/debug.o
 .debug_aranges
                0x00000208       0x48 build/device.o
 .debug_aranges
                0x00000250       0x30 build/dht11.o
 .debug_aranges
                0x00000280       0x30 build/lidar.o
 .debug_aranges
                0x000002b0       0x50 build/lte.o
 .debug_aranges
                0x00000300       0x70 build/os.o
 .debug_aranges
                0x00000370       0x20 build/uart.o
 .debug_aranges
                0x00000390       0x48 build/nvram.o
 .debug_aranges
                0x000003d8       0x30 build/rtc.o
 .debug_aranges
                0x00000408       0xc8 build/stm32f3xx_hal_adc.o
 .debug_aranges
                0x000004d0      0x168 build/stm32f3xx_hal_adc_ex.o
 .debug_aranges
                0x00000638       0xe0 build/stm32f3xx_hal.o
 .debug_aranges
                0x00000718       0x88 build/stm32f3xx_hal_rcc.o
 .debug_aranges
                0x000007a0       0x38 build/stm32f3xx_hal_rcc_ex.o
 .debug_aranges
                0x000007d8       0x58 build/stm32f3xx_hal_gpio.o
 .debug_aranges
                0x00000830       0x88 build/stm32f3xx_hal_dma.o
 .debug_aranges
                0x000008b8       0xa8 build/stm32f3xx_hal_cortex.o
 .debug_aranges
                0x00000960       0x88 build/stm32f3xx_hal_flash.o
 .debug_aranges
                0x000009e8      0x1d8 build/stm32f3xx_hal_spi.o
 .debug_aranges
                0x00000bc0      0x3e0 build/stm32f3xx_hal_tim.o
 .debug_aranges
                0x00000fa0      0x178 build/stm32f3xx_hal_tim_ex.o
 .debug_aranges
                0x00001118      0x228 build/stm32f3xx_hal_uart.o
 .debug_aranges
                0x00001340       0x68 build/stm32f3xx_hal_uart_ex.o
 .debug_aranges
                0x000013a8       0xe0 build/stm32f3xx_hal_rtc.o
 .debug_aranges
                0x00001488       0x28 build/system_stm32f3xx.o
 .debug_aranges
                0x000014b0      0x280 build/startup_stm32f303xc.o

.debug_ranges   0x00000000     0x1690
 .debug_ranges  0x00000000       0x78 build/main.o
 .debug_ranges  0x00000078       0x90 build/stm32f3xx_it.o
 .debug_ranges  0x00000108       0x78 build/stm32f3xx_hal_msp.o
 .debug_ranges  0x00000180       0x18 build/buzzer.o
 .debug_ranges  0x00000198       0x20 build/debug.o
 .debug_ranges  0x000001b8       0x38 build/device.o
 .debug_ranges  0x000001f0       0x50 build/dht11.o
 .debug_ranges  0x00000240       0x38 build/lidar.o
 .debug_ranges  0x00000278       0x40 build/lte.o
 .debug_ranges  0x000002b8       0x60 build/os.o
 .debug_ranges  0x00000318       0x10 build/uart.o
 .debug_ranges  0x00000328       0x98 build/nvram.o
 .debug_ranges  0x000003c0       0x20 build/rtc.o
 .debug_ranges  0x000003e0       0xb8 build/stm32f3xx_hal_adc.o
 .debug_ranges  0x00000498      0x158 build/stm32f3xx_hal_adc_ex.o
 .debug_ranges  0x000005f0       0xd0 build/stm32f3xx_hal.o
 .debug_ranges  0x000006c0       0x98 build/stm32f3xx_hal_rcc.o
 .debug_ranges  0x00000758       0x28 build/stm32f3xx_hal_rcc_ex.o
 .debug_ranges  0x00000780       0x48 build/stm32f3xx_hal_gpio.o
 .debug_ranges  0x000007c8       0x78 build/stm32f3xx_hal_dma.o
 .debug_ranges  0x00000840       0xf8 build/stm32f3xx_hal_cortex.o
 .debug_ranges  0x00000938       0x78 build/stm32f3xx_hal_flash.o
 .debug_ranges  0x000009b0      0x1c8 build/stm32f3xx_hal_spi.o
 .debug_ranges  0x00000b78      0x3d0 build/stm32f3xx_hal_tim.o
 .debug_ranges  0x00000f48      0x168 build/stm32f3xx_hal_tim_ex.o
 .debug_ranges  0x000010b0      0x230 build/stm32f3xx_hal_uart.o
 .debug_ranges  0x000012e0       0x58 build/stm32f3xx_hal_uart_ex.o
 .debug_ranges  0x00001338       0xd0 build/stm32f3xx_hal_rtc.o
 .debug_ranges  0x00001408       0x18 build/system_stm32f3xx.o
 .debug_ranges  0x00001420      0x270 build/startup_stm32f303xc.o

.debug_line     0x00000000    0x1bbb4
 .debug_line    0x00000000      0xa13 build/main.o
 .debug_line    0x00000a13      0x40b build/stm32f3xx_it.o
 .debug_line    0x00000e1e      0x758 build/stm32f3xx_hal_msp.o
 .debug_line    0x00001576      0x1d2 build/buzzer.o
 .debug_line    0x00001748      0x23b build/debug.o
 .debug_line    0x00001983      0x6b6 build/device.o
 .debug_line    0x00002039      0x49a build/dht11.o
 .debug_line    0x000024d3      0x292 build/lidar.o
 .debug_line    0x00002765      0xa7f build/lte.o
 .debug_line    0x000031e4      0x485 build/os.o
 .debug_line    0x00003669      0x1fa build/uart.o
 .debug_line    0x00003863      0x8b3 build/nvram.o
 .debug_line    0x00004116      0x1c9 build/rtc.o
 .debug_line    0x000042df      0x404 build/stm32f3xx_hal_adc.o
 .debug_line    0x000046e3     0x29d6 build/stm32f3xx_hal_adc_ex.o
 .debug_line    0x000070b9      0x4ec build/stm32f3xx_hal.o
 .debug_line    0x000075a5     0x1187 build/stm32f3xx_hal_rcc.o
 .debug_line    0x0000872c      0xacc build/stm32f3xx_hal_rcc_ex.o
 .debug_line    0x000091f8      0x63a build/stm32f3xx_hal_gpio.o
 .debug_line    0x00009832      0x9bc build/stm32f3xx_hal_dma.o
 .debug_line    0x0000a1ee      0x711 build/stm32f3xx_hal_cortex.o
 .debug_line    0x0000a8ff      0x695 build/stm32f3xx_hal_flash.o
 .debug_line    0x0000af94     0x2922 build/stm32f3xx_hal_spi.o
 .debug_line    0x0000d8b6     0x5184 build/stm32f3xx_hal_tim.o
 .debug_line    0x00012a3a     0x1d62 build/stm32f3xx_hal_tim_ex.o
 .debug_line    0x0001479c     0x5037 build/stm32f3xx_hal_uart.o
 .debug_line    0x000197d3      0x97d build/stm32f3xx_hal_uart_ex.o
 .debug_line    0x0001a150     0x1082 build/stm32f3xx_hal_rtc.o
 .debug_line    0x0001b1d2      0x20f build/system_stm32f3xx.o
 .debug_line    0x0001b3e1      0x7d3 build/startup_stm32f303xc.o

.debug_str      0x00000000     0x6850
 .debug_str     0x00000000     0x18b1 build/main.o
                               0x1a6a (size before relaxing)
 .debug_str     0x000018b1      0x1e1 build/stm32f3xx_it.o
                                0xd12 (size before relaxing)
 .debug_str     0x00001a92      0x17f build/stm32f3xx_hal_msp.o
                               0x153d (size before relaxing)
 .debug_str     0x00001c11       0x3b build/buzzer.o
                                0x705 (size before relaxing)
 .debug_str     0x00001c4c       0x96 build/debug.o
                                0x65f (size before relaxing)
 .debug_str     0x00001ce2      0x2a0 build/device.o
                                0x912 (size before relaxing)
 .debug_str     0x00001f82       0xea build/dht11.o
                                0x35c (size before relaxing)
 .debug_str     0x0000206c       0x9c build/lidar.o
                                0x6be (size before relaxing)
 .debug_str     0x00002108      0x1cf build/lte.o
                                0x86f (size before relaxing)
 .debug_str     0x000022d7      0x32f build/os.o
                                0xaf6 (size before relaxing)
 .debug_str     0x00002606       0x52 build/uart.o
                                0x643 (size before relaxing)
 .debug_str     0x00002658      0x1a8 build/nvram.o
                                0x683 (size before relaxing)
 .debug_str     0x00002800       0x88 build/rtc.o
                                0x4cb (size before relaxing)
 .debug_str     0x00002888      0x1df build/stm32f3xx_hal_adc.o
                                0x8a8 (size before relaxing)
 .debug_str     0x00002a67      0x652 build/stm32f3xx_hal_adc_ex.o
                                0xeee (size before relaxing)
 .debug_str     0x000030b9      0x2de build/stm32f3xx_hal.o
                                0x991 (size before relaxing)
 .debug_str     0x00003397      0x1ed build/stm32f3xx_hal_rcc.o
                                0x663 (size before relaxing)
 .debug_str     0x00003584       0xc5 build/stm32f3xx_hal_rcc_ex.o
                                0x51f (size before relaxing)
 .debug_str     0x00003649       0xe1 build/stm32f3xx_hal_gpio.o
                                0x416 (size before relaxing)
 .debug_str     0x0000372a      0x1f7 build/stm32f3xx_hal_dma.o
                                0x603 (size before relaxing)
 .debug_str     0x00003921      0x3f9 build/stm32f3xx_hal_cortex.o
                                0xb4b (size before relaxing)
 .debug_str     0x00003d1a      0x250 build/stm32f3xx_hal_flash.o
                                0x508 (size before relaxing)
 .debug_str     0x00003f6a      0x560 build/stm32f3xx_hal_spi.o
                                0xbc8 (size before relaxing)
 .debug_str     0x000044ca      0xdd6 build/stm32f3xx_hal_tim.o
                               0x16ac (size before relaxing)
 .debug_str     0x000052a0      0x56a build/stm32f3xx_hal_tim_ex.o
                                0xee7 (size before relaxing)
 .debug_str     0x0000580a      0x704 build/stm32f3xx_hal_uart.o
                                0xebe (size before relaxing)
 .debug_str     0x00005f0e      0x19b build/stm32f3xx_hal_uart_ex.o
                                0x896 (size before relaxing)
 .debug_str     0x000060a9      0x265 build/stm32f3xx_hal_rtc.o
                                0x7af (size before relaxing)
 .debug_str     0x0000630e       0x52 build/system_stm32f3xx.o
                                0x2bb (size before relaxing)
 .debug_str     0x00006360      0x4f0 build/startup_stm32f303xc.o
                                0x7d9 (size before relaxing)

.comment        0x00000000       0x49
 .comment       0x00000000       0x49 build/main.o
                                 0x4a (size before relaxing)
 .comment       0x00000049       0x4a build/stm32f3xx_it.o
 .comment       0x00000049       0x4a build/stm32f3xx_hal_msp.o
 .comment       0x00000049       0x4a build/buzzer.o
 .comment       0x00000049       0x4a build/debug.o
 .comment       0x00000049       0x4a build/device.o
 .comment       0x00000049       0x4a build/dht11.o
 .comment       0x00000049       0x4a build/lidar.o
 .comment       0x00000049       0x4a build/lte.o
 .comment       0x00000049       0x4a build/os.o
 .comment       0x00000049       0x4a build/uart.o
 .comment       0x00000049       0x4a build/nvram.o
 .comment       0x00000049       0x4a build/rtc.o
 .comment       0x00000049       0x4a build/stm32f3xx_hal_adc.o
 .comment       0x00000049       0x4a build/stm32f3xx_hal_adc_ex.o
 .comment       0x00000049       0x4a build/stm32f3xx_hal.o
 .comment       0x00000049       0x4a build/stm32f3xx_hal_rcc.o
 .comment       0x00000049       0x4a build/stm32f3xx_hal_rcc_ex.o
 .comment       0x00000049       0x4a build/stm32f3xx_hal_gpio.o
 .comment       0x00000049       0x4a build/stm32f3xx_hal_dma.o
 .comment       0x00000049       0x4a build/stm32f3xx_hal_cortex.o
 .comment       0x00000049       0x4a build/stm32f3xx_hal_flash.o
 .comment       0x00000049       0x4a build/stm32f3xx_hal_spi.o
 .comment       0x00000049       0x4a build/stm32f3xx_hal_tim.o
 .comment       0x00000049       0x4a build/stm32f3xx_hal_tim_ex.o
 .comment       0x00000049       0x4a build/stm32f3xx_hal_uart.o
 .comment       0x00000049       0x4a build/stm32f3xx_hal_uart_ex.o
 .comment       0x00000049       0x4a build/stm32f3xx_hal_rtc.o
 .comment       0x00000049       0x4a build/system_stm32f3xx.o
 .comment       0x00000049       0x4a build/startup_stm32f303xc.o

.debug_frame    0x00000000     0x4428
 .debug_frame   0x00000000      0x188 build/main.o
 .debug_frame   0x00000188      0x1a8 build/stm32f3xx_it.o
 .debug_frame   0x00000330      0x170 build/stm32f3xx_hal_msp.o
 .debug_frame   0x000004a0       0x40 build/buzzer.o
 .debug_frame   0x000004e0       0x5c build/debug.o
 .debug_frame   0x0000053c       0x88 build/device.o
 .debug_frame   0x000005c4       0x74 build/dht11.o
 .debug_frame   0x00000638       0x50 build/lidar.o
 .debug_frame   0x00000688       0xcc build/lte.o
 .debug_frame   0x00000754      0x10c build/os.o
 .debug_frame   0x00000860       0x28 build/uart.o
 .debug_frame   0x00000888       0xac build/nvram.o
 .debug_frame   0x00000934       0x50 build/rtc.o
 .debug_frame   0x00000984      0x170 build/stm32f3xx_hal_adc.o
 .debug_frame   0x00000af4      0x4d0 build/stm32f3xx_hal_adc_ex.o
 .debug_frame   0x00000fc4      0x1cc build/stm32f3xx_hal.o
 .debug_frame   0x00001190      0x16c build/stm32f3xx_hal_rcc.o
 .debug_frame   0x000012fc       0x7c build/stm32f3xx_hal_rcc_ex.o
 .debug_frame   0x00001378       0xd0 build/stm32f3xx_hal_gpio.o
 .debug_frame   0x00001448      0x160 build/stm32f3xx_hal_dma.o
 .debug_frame   0x000015a8      0x148 build/stm32f3xx_hal_cortex.o
 .debug_frame   0x000016f0      0x134 build/stm32f3xx_hal_flash.o
 .debug_frame   0x00001824      0x5d8 build/stm32f3xx_hal_spi.o
 .debug_frame   0x00001dfc      0xb50 build/stm32f3xx_hal_tim.o
 .debug_frame   0x0000294c      0x444 build/stm32f3xx_hal_tim_ex.o
 .debug_frame   0x00002d90      0x600 build/stm32f3xx_hal_uart.o
 .debug_frame   0x00003390      0x128 build/stm32f3xx_hal_uart_ex.o
 .debug_frame   0x000034b8      0x254 build/stm32f3xx_hal_rtc.o
 .debug_frame   0x0000370c       0x30 build/system_stm32f3xx.o
 .debug_frame   0x0000373c      0x740 build/startup_stm32f303xc.o
 .debug_frame   0x00003e7c       0x2c d:/3.tools/arm_gcc_toolchain/bin/../lib/gcc/arm-none-eabi/10.3.1/../../../../arm-none-eabi/lib/thumb/v7e-m+fp/hard\libc_nano.a(lib_a-init.o)
 .debug_frame   0x00003ea8       0x28 d:/3.tools/arm_gcc_toolchain/bin/../lib/gcc/arm-none-eabi/10.3.1/../../../../arm-none-eabi/lib/thumb/v7e-m+fp/hard\libc_nano.a(lib_a-memcpy-stub.o)
 .debug_frame   0x00003ed0       0x20 d:/3.tools/arm_gcc_toolchain/bin/../lib/gcc/arm-none-eabi/10.3.1/../../../../arm-none-eabi/lib/thumb/v7e-m+fp/hard\libc_nano.a(lib_a-memset.o)
 .debug_frame   0x00003ef0       0x6c d:/3.tools/arm_gcc_toolchain/bin/../lib/gcc/arm-none-eabi/10.3.1/../../../../arm-none-eabi/lib/thumb/v7e-m+fp/hard\libc_nano.a(lib_a-sprintf.o)
 .debug_frame   0x00003f5c       0x90 d:/3.tools/arm_gcc_toolchain/bin/../lib/gcc/arm-none-eabi/10.3.1/../../../../arm-none-eabi/lib/thumb/v7e-m+fp/hard\libc_nano.a(lib_a-nano-svfprintf.o)
 .debug_frame   0x00003fec       0x60 d:/3.tools/arm_gcc_toolchain/bin/../lib/gcc/arm-none-eabi/10.3.1/../../../../arm-none-eabi/lib/thumb/v7e-m+fp/hard\libc_nano.a(lib_a-nano-vfprintf_i.o)
 .debug_frame   0x0000404c       0x5c d:/3.tools/arm_gcc_toolchain/bin/../lib/gcc/arm-none-eabi/10.3.1/../../../../arm-none-eabi/lib/thumb/v7e-m+fp/hard\libc_nano.a(lib_a-reent.o)
 .debug_frame   0x000040a8      0x14c d:/3.tools/arm_gcc_toolchain/bin/../lib/gcc/arm-none-eabi/10.3.1/../../../../arm-none-eabi/lib/thumb/v7e-m+fp/hard\libc_nano.a(lib_a-findfp.o)
 .debug_frame   0x000041f4       0xb0 d:/3.tools/arm_gcc_toolchain/bin/../lib/gcc/arm-none-eabi/10.3.1/../../../../arm-none-eabi/lib/thumb/v7e-m+fp/hard\libc_nano.a(lib_a-lock.o)
 .debug_frame   0x000042a4       0x28 d:/3.tools/arm_gcc_toolchain/bin/../lib/gcc/arm-none-eabi/10.3.1/../../../../arm-none-eabi/lib/thumb/v7e-m+fp/hard\libc_nano.a(lib_a-memmove.o)
 .debug_frame   0x000042cc       0x38 d:/3.tools/arm_gcc_toolchain/bin/../lib/gcc/arm-none-eabi/10.3.1/../../../../arm-none-eabi/lib/thumb/v7e-m+fp/hard\libc_nano.a(lib_a-nano-freer.o)
 .debug_frame   0x00004304       0x4c d:/3.tools/arm_gcc_toolchain/bin/../lib/gcc/arm-none-eabi/10.3.1/../../../../arm-none-eabi/lib/thumb/v7e-m+fp/hard\libc_nano.a(lib_a-nano-mallocr.o)
 .debug_frame   0x00004350       0x3c d:/3.tools/arm_gcc_toolchain/bin/../lib/gcc/arm-none-eabi/10.3.1/../../../../arm-none-eabi/lib/thumb/v7e-m+fp/hard\libc_nano.a(lib_a-nano-reallocr.o)
 .debug_frame   0x0000438c       0x2c d:/3.tools/arm_gcc_toolchain/bin/../lib/gcc/arm-none-eabi/10.3.1/../../../../arm-none-eabi/lib/thumb/v7e-m+fp/hard\libc_nano.a(lib_a-sbrkr.o)
 .debug_frame   0x000043b8       0x30 d:/3.tools/arm_gcc_toolchain/bin/../lib/gcc/arm-none-eabi/10.3.1/../../../../arm-none-eabi/lib/thumb/v7e-m+fp/hard\libc_nano.a(lib_a-mlock.o)
 .debug_frame   0x000043e8       0x20 d:/3.tools/arm_gcc_toolchain/bin/../lib/gcc/arm-none-eabi/10.3.1/../../../../arm-none-eabi/lib/thumb/v7e-m+fp/hard\libc_nano.a(lib_a-nano-msizer.o)
 .debug_frame   0x00004408       0x20 d:/3.tools/arm_gcc_toolchain/bin/../lib/gcc/arm-none-eabi/10.3.1/../../../../arm-none-eabi/lib/thumb/v7e-m+fp/hard\libnosys.a(sbrk.o)

.stabstr        0x00000000       0xdf
 .stabstr       0x00000000       0xdf d:/3.tools/arm_gcc_toolchain/bin/../lib/gcc/arm-none-eabi/10.3.1/../../../../arm-none-eabi/lib/thumb/v7e-m+fp/hard\libnosys.a(close.o)

Cross Reference Table

Symbol                                            File
ADC1_2_IRQHandler                                 build/stm32f3xx_it.o
ADC3_IRQHandler                                   build/startup_stm32f303xc.o
ADC4_IRQHandler                                   build/startup_stm32f303xc.o
AHBPrescTable                                     build/system_stm32f3xx.o
                                                  build/stm32f3xx_hal_rcc.o
APBPrescTable                                     build/system_stm32f3xx.o
                                                  build/stm32f3xx_hal_rcc.o
BusFault_Handler                                  build/stm32f3xx_it.o
Buzzer_Init                                       build/buzzer.o
                                                  build/os.o
CAN_RX1_IRQHandler                                build/startup_stm32f303xc.o
CAN_SCE_IRQHandler                                build/startup_stm32f303xc.o
COMP1_2_3_IRQHandler                              build/startup_stm32f303xc.o
COMP4_5_6_IRQHandler                              build/startup_stm32f303xc.o
COMP7_IRQHandler                                  build/startup_stm32f303xc.o
DHT11_Init                                        build/dht11.o
                                                  build/os.o
DHT_getData                                       build/dht11.o
                                                  build/os.o
DMA1_Channel1_IRQHandler                          build/startup_stm32f303xc.o
DMA1_Channel2_IRQHandler                          build/startup_stm32f303xc.o
DMA1_Channel3_IRQHandler                          build/startup_stm32f303xc.o
DMA1_Channel4_IRQHandler                          build/startup_stm32f303xc.o
DMA1_Channel5_IRQHandler                          build/startup_stm32f303xc.o
DMA1_Channel6_IRQHandler                          build/stm32f3xx_it.o
DMA1_Channel7_IRQHandler                          build/startup_stm32f303xc.o
DMA2_Channel1_IRQHandler                          build/stm32f3xx_it.o
DMA2_Channel2_IRQHandler                          build/startup_stm32f303xc.o
DMA2_Channel3_IRQHandler                          build/startup_stm32f303xc.o
DMA2_Channel4_IRQHandler                          build/startup_stm32f303xc.o
DMA2_Channel5_IRQHandler                          build/startup_stm32f303xc.o
DebugMon_Handler                                  build/stm32f3xx_it.o
Debug_Init                                        build/debug.o
                                                  build/os.o
Debug_Message_Transmit                            build/debug.o
Debug_Rx_Count                                    build/debug.o
                                                  build/uart.o
Debug_Rx_buffer                                   build/debug.o
                                                  build/uart.o
Default_Handler                                   build/startup_stm32f303xc.o
Device_Batt_DMA                                   build/device.o
Device_Batt_Voltage                               build/device.o
Device_Battery_Voltage_Read                       build/device.o
                                                  build/os.o
Device_Detect_SensorSignal                        build/device.o
                                                  build/os.o
Device_Init                                       build/device.o
                                                  build/os.o
Device_Reset_Init                                 build/device.o
                                                  build/os.o
Device_Sensor_Counter                             build/device.o
Device_Sensor_Detect                              build/device.o
Device_Sensor_Signal                              build/device.o
EXTI0_IRQHandler                                  build/startup_stm32f303xc.o
EXTI15_10_IRQHandler                              build/startup_stm32f303xc.o
EXTI1_IRQHandler                                  build/startup_stm32f303xc.o
EXTI2_TSC_IRQHandler                              build/startup_stm32f303xc.o
EXTI3_IRQHandler                                  build/startup_stm32f303xc.o